2026-07-20 00:36:20,191 | INFO | run_experiments | Experiment=prelim_features_mnist_efficientnetv2_RS_kp50 | device=cuda | search_runs=5 | planned_fitness_evaluations=500
2026-07-20 00:36:20,194 | INFO | run_experiments | Training protocol | pretrained=True | freeze_backbone=True | trainable_scope=replacement_classifier_only | representation=preextracted_features
2026-07-20 00:36:20,194 | INFO | run_experiments | Preparing data | dataset=MNIST | model=efficientnetv2
2026-07-20 00:36:20,531 | INFO | utils.data_utils | [Features] Tensors loaded | active_train=48000 | base_train=48000 | validation=12000 | test=10000 | classes=10
2026-07-20 00:36:20,661 | INFO | run_experiments | Data ready | representation=preextracted_features | base_train=48000 | validation=12000 | test=10000 | classes=10 | image_size=0 | feature_dimension=1280
2026-07-20 00:36:21,522 | INFO | run_experiments | Starting run MNIST_efficientnetv2_RS_accuracy_kp5000_seed42
2026-07-20 00:36:21,522 | INFO | algorithms.random_search | Starting RS | target_metric=accuracy | keep_percentage=0.5000 | max_evaluations=100
2026-07-20 00:36:43,709 | INFO | algorithms.random_search | [RS] New best at evaluation 1/100 | accuracy=0.967833
2026-07-20 00:37:05,148 | INFO | algorithms.random_search | [RS] New best at evaluation 2/100 | accuracy=0.969917
2026-07-20 00:44:53,790 | INFO | algorithms.random_search | [RS] New best at evaluation 24/100 | accuracy=0.970167
2026-07-20 00:47:43,954 | INFO | algorithms.random_search | [RS] New best at evaluation 32/100 | accuracy=0.971167
2026-07-20 01:11:55,759 | INFO | algorithms.random_search | [RS] Finished | evaluations=100 | best_accuracy=0.971167
2026-07-20 01:11:55,825 | INFO | run_experiments | Completed MNIST_efficientnetv2_RS_accuracy_kp5000_seed42 | evaluations=100 | best_accuracy=0.971167
2026-07-20 01:11:56,753 | INFO | run_experiments | Starting run MNIST_efficientnetv2_RS_accuracy_kp5000_seed123
2026-07-20 01:11:56,753 | INFO | algorithms.random_search | Starting RS | target_metric=accuracy | keep_percentage=0.5000 | max_evaluations=100
2026-07-20 01:12:18,194 | INFO | algorithms.random_search | [RS] New best at evaluation 1/100 | accuracy=0.969000
2026-07-20 01:15:09,031 | INFO | algorithms.random_search | [RS] New best at evaluation 9/100 | accuracy=0.969167
2026-07-20 01:15:30,348 | INFO | algorithms.random_search | [RS] New best at evaluation 10/100 | accuracy=0.969333
2026-07-20 01:19:25,676 | INFO | algorithms.random_search | [RS] New best at evaluation 21/100 | accuracy=0.969583
2026-07-20 01:21:55,346 | INFO | algorithms.random_search | [RS] New best at evaluation 28/100 | accuracy=0.969917
2026-07-20 01:33:20,439 | INFO | algorithms.random_search | [RS] New best at evaluation 60/100 | accuracy=0.970000
2026-07-20 01:44:26,167 | INFO | algorithms.random_search | [RS] New best at evaluation 91/100 | accuracy=0.970083
2026-07-20 01:47:39,344 | INFO | algorithms.random_search | [RS] Finished | evaluations=100 | best_accuracy=0.970083
2026-07-20 01:47:39,407 | INFO | run_experiments | Completed MNIST_efficientnetv2_RS_accuracy_kp5000_seed123 | evaluations=100 | best_accuracy=0.970083
2026-07-20 01:47:40,336 | INFO | run_experiments | Starting run MNIST_efficientnetv2_RS_accuracy_kp5000_seed456
2026-07-20 01:47:40,337 | INFO | algorithms.random_search | Starting RS | target_metric=accuracy | keep_percentage=0.5000 | max_evaluations=100
2026-07-20 01:48:01,665 | INFO | algorithms.random_search | [RS] New best at evaluation 1/100 | accuracy=0.966667
2026-07-20 01:48:44,525 | INFO | algorithms.random_search | [RS] New best at evaluation 3/100 | accuracy=0.967583
2026-07-20 01:49:05,929 | INFO | algorithms.random_search | [RS] New best at evaluation 4/100 | accuracy=0.967833
2026-07-20 01:49:48,878 | INFO | algorithms.random_search | [RS] New best at evaluation 6/100 | accuracy=0.969917
2026-07-20 01:52:18,965 | INFO | algorithms.random_search | [RS] New best at evaluation 13/100 | accuracy=0.970167
2026-07-20 02:15:32,940 | INFO | algorithms.random_search | [RS] New best at evaluation 78/100 | accuracy=0.970500
2026-07-20 02:23:27,899 | INFO | algorithms.random_search | [RS] Finished | evaluations=100 | best_accuracy=0.970500
2026-07-20 02:23:27,962 | INFO | run_experiments | Completed MNIST_efficientnetv2_RS_accuracy_kp5000_seed456 | evaluations=100 | best_accuracy=0.970500
2026-07-20 02:23:28,909 | INFO | run_experiments | Starting run MNIST_efficientnetv2_RS_accuracy_kp5000_seed789
2026-07-20 02:23:28,910 | INFO | algorithms.random_search | Starting RS | target_metric=accuracy | keep_percentage=0.5000 | max_evaluations=100
2026-07-20 02:23:50,283 | INFO | algorithms.random_search | [RS] New best at evaluation 1/100 | accuracy=0.968250
2026-07-20 02:24:11,618 | INFO | algorithms.random_search | [RS] New best at evaluation 2/100 | accuracy=0.968667
2026-07-20 02:25:58,539 | INFO | algorithms.random_search | [RS] New best at evaluation 7/100 | accuracy=0.968833
2026-07-20 02:27:45,677 | INFO | algorithms.random_search | [RS] New best at evaluation 12/100 | accuracy=0.969250
2026-07-20 02:35:15,164 | INFO | algorithms.random_search | [RS] New best at evaluation 33/100 | accuracy=0.970333
2026-07-20 02:58:52,465 | INFO | algorithms.random_search | [RS] New best at evaluation 99/100 | accuracy=0.971500
2026-07-20 02:59:13,903 | INFO | algorithms.random_search | [RS] Finished | evaluations=100 | best_accuracy=0.971500
2026-07-20 02:59:13,965 | INFO | run_experiments | Completed MNIST_efficientnetv2_RS_accuracy_kp5000_seed789 | evaluations=100 | best_accuracy=0.971500
2026-07-20 02:59:14,907 | INFO | run_experiments | Starting run MNIST_efficientnetv2_RS_accuracy_kp5000_seed1024
2026-07-20 02:59:14,907 | INFO | algorithms.random_search | Starting RS | target_metric=accuracy | keep_percentage=0.5000 | max_evaluations=100
2026-07-20 02:59:36,407 | INFO | algorithms.random_search | [RS] New best at evaluation 1/100 | accuracy=0.967833
2026-07-20 03:00:40,815 | INFO | algorithms.random_search | [RS] New best at evaluation 4/100 | accuracy=0.968083
2026-07-20 03:01:45,274 | INFO | algorithms.random_search | [RS] New best at evaluation 7/100 | accuracy=0.968167
2026-07-20 03:02:06,818 | INFO | algorithms.random_search | [RS] New best at evaluation 8/100 | accuracy=0.969250
2026-07-20 03:02:49,790 | INFO | algorithms.random_search | [RS] New best at evaluation 10/100 | accuracy=0.970750
2026-07-20 03:35:00,856 | INFO | algorithms.random_search | [RS] Finished | evaluations=100 | best_accuracy=0.970750
2026-07-20 03:35:00,919 | INFO | run_experiments | Completed MNIST_efficientnetv2_RS_accuracy_kp5000_seed1024 | evaluations=100 | best_accuracy=0.970750
2026-07-20 03:35:01,252 | INFO | run_experiments | Experiment completed successfully: prelim_features_mnist_efficientnetv2_RS_kp50
