2026-07-19 11:32:00,679 | INFO | run_experiments | Experiment=prelim_features_mnist_resnext_LS_kp50 | device=cuda | search_runs=5 | planned_fitness_evaluations=500
2026-07-19 11:32:00,683 | INFO | run_experiments | Training protocol | pretrained=True | freeze_backbone=True | trainable_scope=replacement_classifier_only | representation=preextracted_features
2026-07-19 11:32:00,683 | INFO | run_experiments | Preparing data | dataset=MNIST | model=resnext
2026-07-19 11:32:01,149 | INFO | utils.data_utils | [Features] Tensors loaded | active_train=48000 | base_train=48000 | validation=12000 | test=10000 | classes=10
2026-07-19 11:32:01,280 | INFO | run_experiments | Data ready | representation=preextracted_features | base_train=48000 | validation=12000 | test=10000 | classes=10 | image_size=0 | feature_dimension=2048
2026-07-19 11:32:02,320 | INFO | run_experiments | Starting run MNIST_resnext_LS_accuracy_kp5000_seed42
2026-07-19 11:32:02,320 | INFO | algorithms.local_search | Starting LS | target_metric=accuracy | keep_percentage=0.5000 | max_evaluations=100 | num_swaps=10
2026-07-19 11:33:51,917 | INFO | algorithms.local_search | [LS] New best at evaluation 5/100 | accuracy=0.971250
2026-07-19 11:35:18,692 | INFO | algorithms.local_search | [LS] New best at evaluation 9/100 | accuracy=0.971333
2026-07-19 11:38:33,190 | INFO | algorithms.local_search | [LS] New best at evaluation 18/100 | accuracy=0.971500
2026-07-19 11:56:54,753 | INFO | algorithms.local_search | [LS] New best at evaluation 69/100 | accuracy=0.971667
2026-07-19 12:02:19,456 | INFO | algorithms.local_search | [LS] New best at evaluation 84/100 | accuracy=0.971833
2026-07-19 12:08:04,884 | INFO | algorithms.local_search | [LS] Finished | evaluations=100 | best_accuracy=0.971833
2026-07-19 12:08:04,945 | INFO | run_experiments | Completed MNIST_resnext_LS_accuracy_kp5000_seed42 | evaluations=100 | best_accuracy=0.971833
2026-07-19 12:08:05,795 | INFO | run_experiments | Starting run MNIST_resnext_LS_accuracy_kp5000_seed123
2026-07-19 12:08:05,795 | INFO | algorithms.local_search | Starting LS | target_metric=accuracy | keep_percentage=0.5000 | max_evaluations=100 | num_swaps=10
2026-07-19 12:08:49,080 | INFO | algorithms.local_search | [LS] New best at evaluation 2/100 | accuracy=0.970833
2026-07-19 12:09:10,753 | INFO | algorithms.local_search | [LS] New best at evaluation 3/100 | accuracy=0.971417
2026-07-19 12:20:22,178 | INFO | algorithms.local_search | [LS] New best at evaluation 34/100 | accuracy=0.972000
2026-07-19 12:21:48,546 | INFO | algorithms.local_search | [LS] New best at evaluation 38/100 | accuracy=0.972667
2026-07-19 12:44:11,795 | INFO | algorithms.local_search | [LS] Finished | evaluations=100 | best_accuracy=0.972667
2026-07-19 12:44:11,862 | INFO | run_experiments | Completed MNIST_resnext_LS_accuracy_kp5000_seed123 | evaluations=100 | best_accuracy=0.972667
2026-07-19 12:44:12,721 | INFO | run_experiments | Starting run MNIST_resnext_LS_accuracy_kp5000_seed456
2026-07-19 12:44:12,722 | INFO | algorithms.local_search | Starting LS | target_metric=accuracy | keep_percentage=0.5000 | max_evaluations=100 | num_swaps=10
2026-07-19 12:45:39,436 | INFO | algorithms.local_search | [LS] New best at evaluation 4/100 | accuracy=0.971250
2026-07-19 12:47:49,343 | INFO | algorithms.local_search | [LS] New best at evaluation 10/100 | accuracy=0.971667
2026-07-19 12:56:06,845 | INFO | algorithms.local_search | [LS] New best at evaluation 33/100 | accuracy=0.971917
2026-07-19 13:13:47,998 | INFO | algorithms.local_search | [LS] New best at evaluation 82/100 | accuracy=0.972167
2026-07-19 13:20:19,545 | INFO | algorithms.local_search | [LS] Finished | evaluations=100 | best_accuracy=0.972167
2026-07-19 13:20:19,608 | INFO | run_experiments | Completed MNIST_resnext_LS_accuracy_kp5000_seed456 | evaluations=100 | best_accuracy=0.972167
2026-07-19 13:20:20,469 | INFO | run_experiments | Starting run MNIST_resnext_LS_accuracy_kp5000_seed789
2026-07-19 13:20:20,469 | INFO | algorithms.local_search | Starting LS | target_metric=accuracy | keep_percentage=0.5000 | max_evaluations=100 | num_swaps=10
2026-07-19 13:21:25,152 | INFO | algorithms.local_search | [LS] New best at evaluation 3/100 | accuracy=0.971500
2026-07-19 13:32:13,382 | INFO | algorithms.local_search | [LS] New best at evaluation 33/100 | accuracy=0.972083
2026-07-19 13:56:22,549 | INFO | algorithms.local_search | [LS] Finished | evaluations=100 | best_accuracy=0.972083
2026-07-19 13:56:22,611 | INFO | run_experiments | Completed MNIST_resnext_LS_accuracy_kp5000_seed789 | evaluations=100 | best_accuracy=0.972083
2026-07-19 13:56:23,470 | INFO | run_experiments | Starting run MNIST_resnext_LS_accuracy_kp5000_seed1024
2026-07-19 13:56:23,470 | INFO | algorithms.local_search | Starting LS | target_metric=accuracy | keep_percentage=0.5000 | max_evaluations=100 | num_swaps=10
2026-07-19 13:59:38,408 | INFO | algorithms.local_search | [LS] New best at evaluation 9/100 | accuracy=0.971417
2026-07-19 14:03:57,307 | INFO | algorithms.local_search | [LS] New best at evaluation 21/100 | accuracy=0.971917
2026-07-19 14:32:24,354 | INFO | algorithms.local_search | [LS] Finished | evaluations=100 | best_accuracy=0.971917
2026-07-19 14:32:24,421 | INFO | run_experiments | Completed MNIST_resnext_LS_accuracy_kp5000_seed1024 | evaluations=100 | best_accuracy=0.971917
2026-07-19 14:32:24,746 | INFO | run_experiments | Experiment completed successfully: prelim_features_mnist_resnext_LS_kp50
