2026-07-21 00:34:18,983 | INFO | run_experiments | Experiment=prelim_features_mnist_swintransformer_GEN_kp25 | device=cuda | search_runs=5 | planned_fitness_evaluations=500
2026-07-21 00:34:18,987 | INFO | run_experiments | Training protocol | pretrained=True | freeze_backbone=True | trainable_scope=replacement_classifier_only | representation=preextracted_features
2026-07-21 00:34:18,987 | INFO | run_experiments | Preparing data | dataset=MNIST | model=swintransformer
2026-07-21 00:34:19,215 | INFO | utils.data_utils | [Features] Tensors loaded | active_train=48000 | base_train=48000 | validation=12000 | test=10000 | classes=10
2026-07-21 00:34:19,348 | INFO | run_experiments | Data ready | representation=preextracted_features | base_train=48000 | validation=12000 | test=10000 | classes=10 | image_size=0 | feature_dimension=768
2026-07-21 00:34:20,366 | INFO | run_experiments | Starting run MNIST_swintransformer_GEN_accuracy_kp2500_seed42
2026-07-21 00:34:20,367 | INFO | algorithms.genetic | Starting GEN | target_metric=accuracy | keep_percentage=0.2500 | population_size=10 | max_evaluations=100
2026-07-21 00:40:17,441 | INFO | algorithms.genetic | [GEN] New best at evaluation 37/100 | generation=3 | accuracy=0.962833
2026-07-21 00:42:57,090 | INFO | algorithms.genetic | [GEN] New best at evaluation 52/100 | generation=5 | accuracy=0.962917
2026-07-21 00:44:02,866 | INFO | algorithms.genetic | [GEN] New best at evaluation 59/100 | generation=6 | accuracy=0.963000
2026-07-21 00:47:21,677 | INFO | algorithms.genetic | [GEN] New best at evaluation 78/100 | generation=8 | accuracy=0.963250
2026-07-21 00:51:00,167 | INFO | algorithms.genetic | [GEN] Finished | evaluations=100 | generations=10 | best_accuracy=0.963250
2026-07-21 00:51:00,217 | INFO | run_experiments | Completed MNIST_swintransformer_GEN_accuracy_kp2500_seed42 | evaluations=100 | best_accuracy=0.963250
2026-07-21 00:51:01,346 | INFO | run_experiments | Starting run MNIST_swintransformer_GEN_accuracy_kp2500_seed123
2026-07-21 00:51:01,347 | INFO | algorithms.genetic | Starting GEN | target_metric=accuracy | keep_percentage=0.2500 | population_size=10 | max_evaluations=100
2026-07-21 00:55:53,618 | INFO | algorithms.genetic | [GEN] New best at evaluation 28/100 | generation=2 | accuracy=0.961667
2026-07-21 00:56:24,482 | INFO | algorithms.genetic | [GEN] New best at evaluation 31/100 | generation=3 | accuracy=0.961833
2026-07-21 00:56:45,048 | INFO | algorithms.genetic | [GEN] New best at evaluation 33/100 | generation=3 | accuracy=0.962583
2026-07-21 00:57:55,427 | INFO | algorithms.genetic | [GEN] New best at evaluation 40/100 | generation=4 | accuracy=0.963250
2026-07-21 01:07:17,480 | INFO | algorithms.genetic | [GEN] Finished | evaluations=100 | generations=10 | best_accuracy=0.963250
2026-07-21 01:07:17,529 | INFO | run_experiments | Completed MNIST_swintransformer_GEN_accuracy_kp2500_seed123 | evaluations=100 | best_accuracy=0.963250
2026-07-21 01:07:18,644 | INFO | run_experiments | Starting run MNIST_swintransformer_GEN_accuracy_kp2500_seed456
2026-07-21 01:07:18,644 | INFO | algorithms.genetic | Starting GEN | target_metric=accuracy | keep_percentage=0.2500 | population_size=10 | max_evaluations=100
2026-07-21 01:09:34,858 | INFO | algorithms.genetic | [GEN] New best at evaluation 14/100 | generation=1 | accuracy=0.961000
2026-07-21 01:10:02,770 | INFO | algorithms.genetic | [GEN] New best at evaluation 17/100 | generation=1 | accuracy=0.961167
2026-07-21 01:12:39,514 | INFO | algorithms.genetic | [GEN] New best at evaluation 33/100 | generation=3 | accuracy=0.961417
2026-07-21 01:14:44,722 | INFO | algorithms.genetic | [GEN] New best at evaluation 45/100 | generation=4 | accuracy=0.962500
2026-07-21 01:23:46,247 | INFO | algorithms.genetic | [GEN] Finished | evaluations=100 | generations=10 | best_accuracy=0.962500
2026-07-21 01:23:46,294 | INFO | run_experiments | Completed MNIST_swintransformer_GEN_accuracy_kp2500_seed456 | evaluations=100 | best_accuracy=0.962500
2026-07-21 01:23:47,440 | INFO | run_experiments | Starting run MNIST_swintransformer_GEN_accuracy_kp2500_seed789
2026-07-21 01:23:47,440 | INFO | algorithms.genetic | Starting GEN | target_metric=accuracy | keep_percentage=0.2500 | population_size=10 | max_evaluations=100
2026-07-21 01:34:58,602 | INFO | algorithms.genetic | [GEN] New best at evaluation 67/100 | generation=7 | accuracy=0.961750
2026-07-21 01:36:47,699 | INFO | algorithms.genetic | [GEN] New best at evaluation 78/100 | generation=8 | accuracy=0.962667
2026-07-21 01:40:19,190 | INFO | algorithms.genetic | [GEN] Finished | evaluations=100 | generations=10 | best_accuracy=0.962667
2026-07-21 01:40:19,238 | INFO | run_experiments | Completed MNIST_swintransformer_GEN_accuracy_kp2500_seed789 | evaluations=100 | best_accuracy=0.962667
2026-07-21 01:40:20,349 | INFO | run_experiments | Starting run MNIST_swintransformer_GEN_accuracy_kp2500_seed1024
2026-07-21 01:40:20,349 | INFO | algorithms.genetic | Starting GEN | target_metric=accuracy | keep_percentage=0.2500 | population_size=10 | max_evaluations=100
2026-07-21 01:45:24,401 | INFO | algorithms.genetic | [GEN] New best at evaluation 30/100 | generation=3 | accuracy=0.962333
2026-07-21 01:48:05,057 | INFO | algorithms.genetic | [GEN] New best at evaluation 47/100 | generation=5 | accuracy=0.962500
2026-07-21 01:48:51,500 | INFO | algorithms.genetic | [GEN] New best at evaluation 52/100 | generation=5 | accuracy=0.962667
2026-07-21 01:50:45,540 | INFO | algorithms.genetic | [GEN] New best at evaluation 63/100 | generation=6 | accuracy=0.963333
2026-07-21 01:54:39,742 | INFO | algorithms.genetic | [GEN] New best at evaluation 88/100 | generation=9 | accuracy=0.963667
2026-07-21 01:56:34,122 | INFO | algorithms.genetic | [GEN] Finished | evaluations=100 | generations=10 | best_accuracy=0.963667
2026-07-21 01:56:34,171 | INFO | run_experiments | Completed MNIST_swintransformer_GEN_accuracy_kp2500_seed1024 | evaluations=100 | best_accuracy=0.963667
2026-07-21 01:56:34,462 | INFO | run_experiments | Experiment completed successfully: prelim_features_mnist_swintransformer_GEN_kp25
