2026-07-20 12:56:25,429 | INFO | run_experiments | Experiment=prelim_features_mnist_efficientnetv2_GEN_kp90 | device=cuda | search_runs=5 | planned_fitness_evaluations=500
2026-07-20 12:56:25,447 | INFO | run_experiments | Training protocol | pretrained=True | freeze_backbone=True | trainable_scope=replacement_classifier_only | representation=preextracted_features
2026-07-20 12:56:25,447 | INFO | run_experiments | Preparing data | dataset=MNIST | model=efficientnetv2
2026-07-20 12:56:29,210 | INFO | utils.data_utils | [Features] Tensors loaded | active_train=48000 | base_train=48000 | validation=12000 | test=10000 | classes=10
2026-07-20 12:56:29,380 | INFO | run_experiments | Data ready | representation=preextracted_features | base_train=48000 | validation=12000 | test=10000 | classes=10 | image_size=0 | feature_dimension=1280
2026-07-20 12:56:30,370 | INFO | run_experiments | Starting run MNIST_efficientnetv2_GEN_accuracy_kp9000_seed42
2026-07-20 12:56:30,370 | INFO | algorithms.genetic | Starting GEN | target_metric=accuracy | keep_percentage=0.9000 | population_size=10 | max_evaluations=100
2026-07-20 13:16:55,805 | INFO | algorithms.genetic | [GEN] New best at evaluation 36/100 | generation=3 | accuracy=0.974500
2026-07-20 13:33:21,903 | INFO | algorithms.genetic | [GEN] New best at evaluation 65/100 | generation=7 | accuracy=0.975250
2026-07-20 13:53:13,919 | INFO | algorithms.genetic | [GEN] Finished | evaluations=100 | generations=10 | best_accuracy=0.975250
2026-07-20 13:53:14,017 | INFO | run_experiments | Completed MNIST_efficientnetv2_GEN_accuracy_kp9000_seed42 | evaluations=100 | best_accuracy=0.975250
2026-07-20 13:53:14,947 | INFO | run_experiments | Starting run MNIST_efficientnetv2_GEN_accuracy_kp9000_seed123
2026-07-20 13:53:14,947 | INFO | algorithms.genetic | Starting GEN | target_metric=accuracy | keep_percentage=0.9000 | population_size=10 | max_evaluations=100
2026-07-20 14:02:54,719 | INFO | algorithms.genetic | [GEN] New best at evaluation 17/100 | generation=1 | accuracy=0.975083
2026-07-20 14:16:33,707 | INFO | algorithms.genetic | [GEN] New best at evaluation 41/100 | generation=4 | accuracy=0.975250
2026-07-20 14:49:54,583 | INFO | algorithms.genetic | [GEN] New best at evaluation 99/100 | generation=10 | accuracy=0.975417
2026-07-20 14:50:28,646 | INFO | algorithms.genetic | [GEN] Finished | evaluations=100 | generations=10 | best_accuracy=0.975417
2026-07-20 14:50:28,742 | INFO | run_experiments | Completed MNIST_efficientnetv2_GEN_accuracy_kp9000_seed123 | evaluations=100 | best_accuracy=0.975417
2026-07-20 14:50:29,663 | INFO | run_experiments | Starting run MNIST_efficientnetv2_GEN_accuracy_kp9000_seed456
2026-07-20 14:50:29,663 | INFO | algorithms.genetic | Starting GEN | target_metric=accuracy | keep_percentage=0.9000 | population_size=10 | max_evaluations=100
2026-07-20 14:58:29,485 | INFO | algorithms.genetic | [GEN] New best at evaluation 14/100 | generation=1 | accuracy=0.974167
2026-07-20 15:03:37,737 | INFO | algorithms.genetic | [GEN] New best at evaluation 23/100 | generation=2 | accuracy=0.975167
2026-07-20 15:48:03,200 | INFO | algorithms.genetic | [GEN] Finished | evaluations=100 | generations=10 | best_accuracy=0.975167
2026-07-20 15:48:03,299 | INFO | run_experiments | Completed MNIST_efficientnetv2_GEN_accuracy_kp9000_seed456 | evaluations=100 | best_accuracy=0.975167
2026-07-20 15:48:04,214 | INFO | run_experiments | Starting run MNIST_efficientnetv2_GEN_accuracy_kp9000_seed789
2026-07-20 15:48:04,215 | INFO | algorithms.genetic | Starting GEN | target_metric=accuracy | keep_percentage=0.9000 | population_size=10 | max_evaluations=100
2026-07-20 15:54:20,980 | INFO | algorithms.genetic | [GEN] New best at evaluation 11/100 | generation=1 | accuracy=0.974000
2026-07-20 15:56:38,630 | INFO | algorithms.genetic | [GEN] New best at evaluation 15/100 | generation=1 | accuracy=0.974833
2026-07-20 16:41:52,819 | INFO | algorithms.genetic | [GEN] New best at evaluation 94/100 | generation=10 | accuracy=0.974917
2026-07-20 16:45:19,117 | INFO | algorithms.genetic | [GEN] Finished | evaluations=100 | generations=10 | best_accuracy=0.974917
2026-07-20 16:45:19,211 | INFO | run_experiments | Completed MNIST_efficientnetv2_GEN_accuracy_kp9000_seed789 | evaluations=100 | best_accuracy=0.974917
2026-07-20 16:45:20,118 | INFO | run_experiments | Starting run MNIST_efficientnetv2_GEN_accuracy_kp9000_seed1024
2026-07-20 16:45:20,119 | INFO | algorithms.genetic | Starting GEN | target_metric=accuracy | keep_percentage=0.9000 | population_size=10 | max_evaluations=100
2026-07-20 17:42:33,602 | INFO | algorithms.genetic | [GEN] Finished | evaluations=100 | generations=10 | best_accuracy=0.975583
2026-07-20 17:42:33,806 | INFO | run_experiments | Completed MNIST_efficientnetv2_GEN_accuracy_kp9000_seed1024 | evaluations=100 | best_accuracy=0.975583
2026-07-20 17:42:34,122 | INFO | run_experiments | Experiment completed successfully: prelim_features_mnist_efficientnetv2_GEN_kp90
