2026-07-23 23:32:38,783 | INFO | run_experiments | Experiment=prelim_features_cifar10_alexnet_GEN_kp10 | device=cuda | search_runs=5 | planned_fitness_evaluations=500
2026-07-23 23:32:38,785 | INFO | run_experiments | Training protocol | pretrained=True | freeze_backbone=True | trainable_scope=replacement_classifier_only | representation=preextracted_features
2026-07-23 23:32:38,785 | INFO | run_experiments | Preparing data | dataset=CIFAR10 | model=alexnet
2026-07-23 23:32:50,374 | INFO | utils.data_utils | [Features] Tensors loaded | active_train=40000 | base_train=40000 | validation=10000 | test=10000 | classes=10
2026-07-23 23:32:50,520 | INFO | run_experiments | Data ready | representation=preextracted_features | base_train=40000 | validation=10000 | test=10000 | classes=10 | image_size=0 | feature_dimension=4096
2026-07-23 23:32:51,563 | INFO | run_experiments | Starting run CIFAR10_alexnet_GEN_accuracy_kp1000_seed42
2026-07-23 23:32:51,563 | INFO | algorithms.genetic | Starting GEN | target_metric=accuracy | keep_percentage=0.1000 | population_size=10 | max_evaluations=100
2026-07-23 23:37:11,740 | INFO | algorithms.genetic | [GEN] New best at evaluation 47/100 | generation=5 | accuracy=0.782100
2026-07-23 23:38:17,643 | INFO | algorithms.genetic | [GEN] New best at evaluation 59/100 | generation=6 | accuracy=0.784200
2026-07-23 23:42:02,772 | INFO | algorithms.genetic | [GEN] Finished | evaluations=100 | generations=10 | best_accuracy=0.784200
2026-07-23 23:42:02,857 | INFO | run_experiments | Completed CIFAR10_alexnet_GEN_accuracy_kp1000_seed42 | evaluations=100 | best_accuracy=0.784200
2026-07-23 23:42:03,790 | INFO | run_experiments | Starting run CIFAR10_alexnet_GEN_accuracy_kp1000_seed123
2026-07-23 23:42:03,790 | INFO | algorithms.genetic | Starting GEN | target_metric=accuracy | keep_percentage=0.1000 | population_size=10 | max_evaluations=100
2026-07-23 23:46:55,091 | INFO | algorithms.genetic | [GEN] New best at evaluation 53/100 | generation=5 | accuracy=0.782200
2026-07-23 23:47:33,587 | INFO | algorithms.genetic | [GEN] New best at evaluation 60/100 | generation=6 | accuracy=0.782600
2026-07-23 23:51:13,553 | INFO | algorithms.genetic | [GEN] Finished | evaluations=100 | generations=10 | best_accuracy=0.782600
2026-07-23 23:51:13,648 | INFO | run_experiments | Completed CIFAR10_alexnet_GEN_accuracy_kp1000_seed123 | evaluations=100 | best_accuracy=0.782600
2026-07-23 23:51:14,600 | INFO | run_experiments | Starting run CIFAR10_alexnet_GEN_accuracy_kp1000_seed456
2026-07-23 23:51:14,600 | INFO | algorithms.genetic | Starting GEN | target_metric=accuracy | keep_percentage=0.1000 | population_size=10 | max_evaluations=100
2026-07-23 23:52:26,161 | INFO | algorithms.genetic | [GEN] New best at evaluation 13/100 | generation=1 | accuracy=0.778500
2026-07-23 23:52:42,696 | INFO | algorithms.genetic | [GEN] New best at evaluation 16/100 | generation=1 | accuracy=0.779600
2026-07-23 23:53:21,201 | INFO | algorithms.genetic | [GEN] New best at evaluation 23/100 | generation=2 | accuracy=0.781800
2026-07-23 23:55:00,584 | INFO | algorithms.genetic | [GEN] New best at evaluation 41/100 | generation=4 | accuracy=0.782000
2026-07-23 23:57:56,404 | INFO | algorithms.genetic | [GEN] New best at evaluation 73/100 | generation=7 | accuracy=0.782800
2026-07-23 23:59:35,370 | INFO | algorithms.genetic | [GEN] New best at evaluation 91/100 | generation=9 | accuracy=0.784600
2026-07-24 00:00:24,857 | INFO | algorithms.genetic | [GEN] Finished | evaluations=100 | generations=10 | best_accuracy=0.784600
2026-07-24 00:00:24,942 | INFO | run_experiments | Completed CIFAR10_alexnet_GEN_accuracy_kp1000_seed456 | evaluations=100 | best_accuracy=0.784600
2026-07-24 00:00:25,885 | INFO | run_experiments | Starting run CIFAR10_alexnet_GEN_accuracy_kp1000_seed789
2026-07-24 00:00:25,886 | INFO | algorithms.genetic | Starting GEN | target_metric=accuracy | keep_percentage=0.1000 | population_size=10 | max_evaluations=100
2026-07-24 00:01:48,355 | INFO | algorithms.genetic | [GEN] New best at evaluation 15/100 | generation=1 | accuracy=0.783000
2026-07-24 00:03:49,529 | INFO | algorithms.genetic | [GEN] New best at evaluation 37/100 | generation=3 | accuracy=0.783800
2026-07-24 00:06:17,982 | INFO | algorithms.genetic | [GEN] New best at evaluation 64/100 | generation=6 | accuracy=0.787300
2026-07-24 00:08:57,258 | INFO | algorithms.genetic | [GEN] New best at evaluation 93/100 | generation=10 | accuracy=0.787600
2026-07-24 00:09:35,757 | INFO | algorithms.genetic | [GEN] Finished | evaluations=100 | generations=10 | best_accuracy=0.787600
2026-07-24 00:09:35,850 | INFO | run_experiments | Completed CIFAR10_alexnet_GEN_accuracy_kp1000_seed789 | evaluations=100 | best_accuracy=0.787600
2026-07-24 00:09:36,783 | INFO | run_experiments | Starting run CIFAR10_alexnet_GEN_accuracy_kp1000_seed1024
2026-07-24 00:09:36,784 | INFO | algorithms.genetic | Starting GEN | target_metric=accuracy | keep_percentage=0.1000 | population_size=10 | max_evaluations=100
2026-07-24 00:12:27,502 | INFO | algorithms.genetic | [GEN] New best at evaluation 31/100 | generation=3 | accuracy=0.781300
2026-07-24 00:14:12,980 | INFO | algorithms.genetic | [GEN] New best at evaluation 50/100 | generation=5 | accuracy=0.781400
2026-07-24 00:14:23,864 | INFO | algorithms.genetic | [GEN] New best at evaluation 52/100 | generation=5 | accuracy=0.781800
2026-07-24 00:15:56,363 | INFO | algorithms.genetic | [GEN] New best at evaluation 69/100 | generation=7 | accuracy=0.782400
2026-07-24 00:16:12,698 | INFO | algorithms.genetic | [GEN] New best at evaluation 72/100 | generation=7 | accuracy=0.782500
2026-07-24 00:17:50,757 | INFO | algorithms.genetic | [GEN] New best at evaluation 90/100 | generation=9 | accuracy=0.783300
2026-07-24 00:18:23,449 | INFO | algorithms.genetic | [GEN] New best at evaluation 96/100 | generation=10 | accuracy=0.784700
2026-07-24 00:18:45,232 | INFO | algorithms.genetic | [GEN] Finished | evaluations=100 | generations=10 | best_accuracy=0.784700
2026-07-24 00:18:45,323 | INFO | run_experiments | Completed CIFAR10_alexnet_GEN_accuracy_kp1000_seed1024 | evaluations=100 | best_accuracy=0.784700
2026-07-24 00:18:45,803 | INFO | run_experiments | Experiment completed successfully: prelim_features_cifar10_alexnet_GEN_kp10
2026-07-24 18:52:12,877 | INFO | run_experiments | Experiment=prelim_features_cifar10_alexnet_GEN_kp10 | device=cuda | search_runs=5 | planned_fitness_evaluations=500
2026-07-24 18:52:12,885 | INFO | run_experiments | Training protocol | pretrained=True | freeze_backbone=True | trainable_scope=replacement_classifier_only | representation=preextracted_features
2026-07-24 18:52:12,885 | INFO | run_experiments | Preparing data | dataset=CIFAR10 | model=alexnet
2026-07-24 18:52:23,638 | INFO | utils.data_utils | [Features] Tensors loaded | active_train=40000 | base_train=40000 | validation=10000 | test=10000 | classes=10
2026-07-24 18:52:23,777 | INFO | run_experiments | Data ready | representation=preextracted_features | base_train=40000 | validation=10000 | test=10000 | classes=10 | image_size=0 | feature_dimension=4096
2026-07-24 18:52:24,924 | INFO | run_experiments | Skipping completed run CIFAR10_alexnet_GEN_accuracy_kp1000_seed42
2026-07-24 18:52:59,296 | INFO | run_experiments | Skipping completed run CIFAR10_alexnet_GEN_accuracy_kp1000_seed123
2026-07-24 18:53:32,057 | INFO | run_experiments | Skipping completed run CIFAR10_alexnet_GEN_accuracy_kp1000_seed456
2026-07-24 18:54:04,570 | INFO | run_experiments | Skipping completed run CIFAR10_alexnet_GEN_accuracy_kp1000_seed789
2026-07-24 18:54:37,223 | INFO | run_experiments | Skipping completed run CIFAR10_alexnet_GEN_accuracy_kp1000_seed1024
2026-07-24 18:55:09,636 | INFO | run_experiments | Experiment completed successfully: prelim_features_cifar10_alexnet_GEN_kp10
