2026-07-24 08:43:47,203 | INFO | run_experiments | Experiment=prelim_features_cifar10_alexnet_RS_kp25 | device=cuda | search_runs=5 | planned_fitness_evaluations=500
2026-07-24 08:43:47,205 | INFO | run_experiments | Training protocol | pretrained=True | freeze_backbone=True | trainable_scope=replacement_classifier_only | representation=preextracted_features
2026-07-24 08:43:47,205 | INFO | run_experiments | Preparing data | dataset=CIFAR10 | model=alexnet
2026-07-24 08:43:56,630 | INFO | utils.data_utils | [Features] Tensors loaded | active_train=40000 | base_train=40000 | validation=10000 | test=10000 | classes=10
2026-07-24 08:43:56,790 | INFO | run_experiments | Data ready | representation=preextracted_features | base_train=40000 | validation=10000 | test=10000 | classes=10 | image_size=0 | feature_dimension=4096
2026-07-24 08:43:57,750 | INFO | run_experiments | Starting run CIFAR10_alexnet_RS_accuracy_kp2500_seed42
2026-07-24 08:43:57,750 | INFO | algorithms.random_search | Starting RS | target_metric=accuracy | keep_percentage=0.2500 | max_evaluations=100
2026-07-24 08:44:07,071 | INFO | algorithms.random_search | [RS] New best at evaluation 1/100 | accuracy=0.795500
2026-07-24 08:44:15,905 | INFO | algorithms.random_search | [RS] New best at evaluation 2/100 | accuracy=0.796600
2026-07-24 08:44:42,246 | INFO | algorithms.random_search | [RS] New best at evaluation 5/100 | accuracy=0.797800
2026-07-24 08:45:35,010 | INFO | algorithms.random_search | [RS] New best at evaluation 11/100 | accuracy=0.798300
2026-07-24 08:46:36,570 | INFO | algorithms.random_search | [RS] New best at evaluation 18/100 | accuracy=0.800300
2026-07-24 08:49:41,392 | INFO | algorithms.random_search | [RS] New best at evaluation 39/100 | accuracy=0.800900
2026-07-24 08:49:50,196 | INFO | algorithms.random_search | [RS] New best at evaluation 40/100 | accuracy=0.801000
2026-07-24 08:58:51,203 | INFO | algorithms.random_search | [RS] Finished | evaluations=100 | best_accuracy=0.801000
2026-07-24 08:58:51,252 | INFO | run_experiments | Completed CIFAR10_alexnet_RS_accuracy_kp2500_seed42 | evaluations=100 | best_accuracy=0.801000
2026-07-24 08:58:52,166 | INFO | run_experiments | Starting run CIFAR10_alexnet_RS_accuracy_kp2500_seed123
2026-07-24 08:58:52,166 | INFO | algorithms.random_search | Starting RS | target_metric=accuracy | keep_percentage=0.2500 | max_evaluations=100
2026-07-24 08:59:01,083 | INFO | algorithms.random_search | [RS] New best at evaluation 1/100 | accuracy=0.790100
2026-07-24 08:59:27,480 | INFO | algorithms.random_search | [RS] New best at evaluation 4/100 | accuracy=0.790300
2026-07-24 08:59:36,257 | INFO | algorithms.random_search | [RS] New best at evaluation 5/100 | accuracy=0.793900
2026-07-24 08:59:45,050 | INFO | algorithms.random_search | [RS] New best at evaluation 6/100 | accuracy=0.798000
2026-07-24 09:00:20,302 | INFO | algorithms.random_search | [RS] New best at evaluation 10/100 | accuracy=0.800900
2026-07-24 09:02:23,822 | INFO | algorithms.random_search | [RS] New best at evaluation 24/100 | accuracy=0.801500
2026-07-24 09:13:34,290 | INFO | algorithms.random_search | [RS] Finished | evaluations=100 | best_accuracy=0.801500
2026-07-24 09:13:34,365 | INFO | run_experiments | Completed CIFAR10_alexnet_RS_accuracy_kp2500_seed123 | evaluations=100 | best_accuracy=0.801500
2026-07-24 09:13:35,289 | INFO | run_experiments | Starting run CIFAR10_alexnet_RS_accuracy_kp2500_seed456
2026-07-24 09:13:35,290 | INFO | algorithms.random_search | Starting RS | target_metric=accuracy | keep_percentage=0.2500 | max_evaluations=100
2026-07-24 09:13:44,077 | INFO | algorithms.random_search | [RS] New best at evaluation 1/100 | accuracy=0.788900
2026-07-24 09:14:01,681 | INFO | algorithms.random_search | [RS] New best at evaluation 3/100 | accuracy=0.794700
2026-07-24 09:14:28,221 | INFO | algorithms.random_search | [RS] New best at evaluation 6/100 | accuracy=0.796400
2026-07-24 09:15:56,226 | INFO | algorithms.random_search | [RS] New best at evaluation 16/100 | accuracy=0.797200
2026-07-24 09:18:52,942 | INFO | algorithms.random_search | [RS] New best at evaluation 36/100 | accuracy=0.801400
2026-07-24 09:25:20,922 | INFO | algorithms.random_search | [RS] New best at evaluation 80/100 | accuracy=0.804600
2026-07-24 09:28:17,561 | INFO | algorithms.random_search | [RS] Finished | evaluations=100 | best_accuracy=0.804600
2026-07-24 09:28:17,601 | INFO | run_experiments | Completed CIFAR10_alexnet_RS_accuracy_kp2500_seed456 | evaluations=100 | best_accuracy=0.804600
2026-07-24 09:28:18,524 | INFO | run_experiments | Starting run CIFAR10_alexnet_RS_accuracy_kp2500_seed789
2026-07-24 09:28:18,525 | INFO | algorithms.random_search | Starting RS | target_metric=accuracy | keep_percentage=0.2500 | max_evaluations=100
2026-07-24 09:28:27,328 | INFO | algorithms.random_search | [RS] New best at evaluation 1/100 | accuracy=0.791600
2026-07-24 09:28:36,193 | INFO | algorithms.random_search | [RS] New best at evaluation 2/100 | accuracy=0.798000
2026-07-24 09:29:02,681 | INFO | algorithms.random_search | [RS] New best at evaluation 5/100 | accuracy=0.798100
2026-07-24 09:34:29,685 | INFO | algorithms.random_search | [RS] New best at evaluation 42/100 | accuracy=0.800800
2026-07-24 09:34:38,506 | INFO | algorithms.random_search | [RS] New best at evaluation 43/100 | accuracy=0.803200
2026-07-24 09:43:02,297 | INFO | algorithms.random_search | [RS] Finished | evaluations=100 | best_accuracy=0.803200
2026-07-24 09:43:02,362 | INFO | run_experiments | Completed CIFAR10_alexnet_RS_accuracy_kp2500_seed789 | evaluations=100 | best_accuracy=0.803200
2026-07-24 09:43:03,259 | INFO | run_experiments | Starting run CIFAR10_alexnet_RS_accuracy_kp2500_seed1024
2026-07-24 09:43:03,260 | INFO | algorithms.random_search | Starting RS | target_metric=accuracy | keep_percentage=0.2500 | max_evaluations=100
2026-07-24 09:43:12,079 | INFO | algorithms.random_search | [RS] New best at evaluation 1/100 | accuracy=0.793600
2026-07-24 09:43:47,168 | INFO | algorithms.random_search | [RS] New best at evaluation 5/100 | accuracy=0.794200
2026-07-24 09:44:13,508 | INFO | algorithms.random_search | [RS] New best at evaluation 8/100 | accuracy=0.797700
2026-07-24 09:48:19,274 | INFO | algorithms.random_search | [RS] New best at evaluation 36/100 | accuracy=0.800100
2026-07-24 09:50:05,409 | INFO | algorithms.random_search | [RS] New best at evaluation 48/100 | accuracy=0.800900
2026-07-24 09:57:44,404 | INFO | algorithms.random_search | [RS] Finished | evaluations=100 | best_accuracy=0.800900
2026-07-24 09:57:44,518 | INFO | run_experiments | Completed CIFAR10_alexnet_RS_accuracy_kp2500_seed1024 | evaluations=100 | best_accuracy=0.800900
2026-07-24 09:57:44,959 | INFO | run_experiments | Experiment completed successfully: prelim_features_cifar10_alexnet_RS_kp25
2026-07-24 19:24:57,638 | INFO | run_experiments | Experiment=prelim_features_cifar10_alexnet_RS_kp25 | device=cuda | search_runs=5 | planned_fitness_evaluations=500
2026-07-24 19:24:57,641 | INFO | run_experiments | Training protocol | pretrained=True | freeze_backbone=True | trainable_scope=replacement_classifier_only | representation=preextracted_features
2026-07-24 19:24:57,641 | INFO | run_experiments | Preparing data | dataset=CIFAR10 | model=alexnet
2026-07-24 19:25:07,086 | INFO | utils.data_utils | [Features] Tensors loaded | active_train=40000 | base_train=40000 | validation=10000 | test=10000 | classes=10
2026-07-24 19:25:07,225 | INFO | run_experiments | Data ready | representation=preextracted_features | base_train=40000 | validation=10000 | test=10000 | classes=10 | image_size=0 | feature_dimension=4096
2026-07-24 19:25:08,270 | INFO | run_experiments | Skipping completed run CIFAR10_alexnet_RS_accuracy_kp2500_seed42
2026-07-24 19:25:19,623 | INFO | run_experiments | Skipping completed run CIFAR10_alexnet_RS_accuracy_kp2500_seed123
2026-07-24 19:25:30,293 | INFO | run_experiments | Skipping completed run CIFAR10_alexnet_RS_accuracy_kp2500_seed456
2026-07-24 19:25:41,136 | INFO | run_experiments | Skipping completed run CIFAR10_alexnet_RS_accuracy_kp2500_seed789
2026-07-24 19:25:51,782 | INFO | run_experiments | Skipping completed run CIFAR10_alexnet_RS_accuracy_kp2500_seed1024
2026-07-24 19:26:01,712 | INFO | run_experiments | Experiment completed successfully: prelim_features_cifar10_alexnet_RS_kp25
