2026-07-20 23:39:30,319 | INFO | run_experiments | Experiment=prelim_features_mnist_swintransformer_LS_kp90 | device=cuda | search_runs=5 | planned_fitness_evaluations=500
2026-07-20 23:39:30,321 | INFO | run_experiments | Training protocol | pretrained=True | freeze_backbone=True | trainable_scope=replacement_classifier_only | representation=preextracted_features
2026-07-20 23:39:30,321 | INFO | run_experiments | Preparing data | dataset=MNIST | model=swintransformer
2026-07-20 23:39:30,534 | INFO | utils.data_utils | [Features] Tensors loaded | active_train=48000 | base_train=48000 | validation=12000 | test=10000 | classes=10
2026-07-20 23:39:30,673 | INFO | run_experiments | Data ready | representation=preextracted_features | base_train=48000 | validation=12000 | test=10000 | classes=10 | image_size=0 | feature_dimension=768
2026-07-20 23:39:31,737 | INFO | run_experiments | Starting run MNIST_swintransformer_LS_accuracy_kp9000_seed42
2026-07-20 23:39:31,737 | INFO | algorithms.local_search | Starting LS | target_metric=accuracy | keep_percentage=0.9000 | max_evaluations=100 | num_swaps=10
2026-07-20 23:40:20,475 | INFO | algorithms.local_search | [LS] New best at evaluation 2/100 | accuracy=0.973167
2026-07-20 23:43:28,429 | INFO | algorithms.local_search | [LS] New best at evaluation 10/100 | accuracy=0.973250
2026-07-20 23:43:52,992 | INFO | algorithms.local_search | [LS] New best at evaluation 11/100 | accuracy=0.974000
2026-07-21 00:19:01,485 | INFO | algorithms.local_search | [LS] Finished | evaluations=100 | best_accuracy=0.974000
2026-07-21 00:19:01,574 | INFO | run_experiments | Completed MNIST_swintransformer_LS_accuracy_kp9000_seed42 | evaluations=100 | best_accuracy=0.974000
2026-07-21 00:19:02,711 | INFO | run_experiments | Starting run MNIST_swintransformer_LS_accuracy_kp9000_seed123
2026-07-21 00:19:02,711 | INFO | algorithms.local_search | Starting LS | target_metric=accuracy | keep_percentage=0.9000 | max_evaluations=100 | num_swaps=10
2026-07-21 00:28:31,600 | INFO | algorithms.local_search | [LS] New best at evaluation 24/100 | accuracy=0.973583
2026-07-21 00:37:12,334 | INFO | algorithms.local_search | [LS] New best at evaluation 46/100 | accuracy=0.974750
2026-07-21 00:58:40,196 | INFO | algorithms.local_search | [LS] New best at evaluation 100/100 | accuracy=0.974833
2026-07-21 00:58:40,198 | INFO | algorithms.local_search | [LS] Finished | evaluations=100 | best_accuracy=0.974833
2026-07-21 00:58:40,293 | INFO | run_experiments | Completed MNIST_swintransformer_LS_accuracy_kp9000_seed123 | evaluations=100 | best_accuracy=0.974833
2026-07-21 00:58:41,405 | INFO | run_experiments | Starting run MNIST_swintransformer_LS_accuracy_kp9000_seed456
2026-07-21 00:58:41,405 | INFO | algorithms.local_search | Starting LS | target_metric=accuracy | keep_percentage=0.9000 | max_evaluations=100 | num_swaps=10
2026-07-21 01:00:39,355 | INFO | algorithms.local_search | [LS] New best at evaluation 5/100 | accuracy=0.972833
2026-07-21 01:05:01,112 | INFO | algorithms.local_search | [LS] New best at evaluation 16/100 | accuracy=0.973667
2026-07-21 01:38:12,744 | INFO | algorithms.local_search | [LS] Finished | evaluations=100 | best_accuracy=0.973667
2026-07-21 01:38:12,827 | INFO | run_experiments | Completed MNIST_swintransformer_LS_accuracy_kp9000_seed456 | evaluations=100 | best_accuracy=0.973667
2026-07-21 01:38:13,927 | INFO | run_experiments | Starting run MNIST_swintransformer_LS_accuracy_kp9000_seed789
2026-07-21 01:38:13,927 | INFO | algorithms.local_search | Starting LS | target_metric=accuracy | keep_percentage=0.9000 | max_evaluations=100 | num_swaps=10
2026-07-21 01:39:03,068 | INFO | algorithms.local_search | [LS] New best at evaluation 2/100 | accuracy=0.972417
2026-07-21 01:39:50,873 | INFO | algorithms.local_search | [LS] New best at evaluation 4/100 | accuracy=0.973417
2026-07-21 01:41:51,405 | INFO | algorithms.local_search | [LS] New best at evaluation 9/100 | accuracy=0.974500
2026-07-21 02:17:53,646 | INFO | algorithms.local_search | [LS] Finished | evaluations=100 | best_accuracy=0.974500
2026-07-21 02:17:53,729 | INFO | run_experiments | Completed MNIST_swintransformer_LS_accuracy_kp9000_seed789 | evaluations=100 | best_accuracy=0.974500
2026-07-21 02:17:54,863 | INFO | run_experiments | Starting run MNIST_swintransformer_LS_accuracy_kp9000_seed1024
2026-07-21 02:17:54,863 | INFO | algorithms.local_search | Starting LS | target_metric=accuracy | keep_percentage=0.9000 | max_evaluations=100 | num_swaps=10
2026-07-21 02:19:05,485 | INFO | algorithms.local_search | [LS] New best at evaluation 3/100 | accuracy=0.971333
2026-07-21 02:19:52,913 | INFO | algorithms.local_search | [LS] New best at evaluation 5/100 | accuracy=0.972083
2026-07-21 02:20:40,875 | INFO | algorithms.local_search | [LS] New best at evaluation 7/100 | accuracy=0.973500
2026-07-21 02:57:34,077 | INFO | algorithms.local_search | [LS] Finished | evaluations=100 | best_accuracy=0.973500
2026-07-21 02:57:34,161 | INFO | run_experiments | Completed MNIST_swintransformer_LS_accuracy_kp9000_seed1024 | evaluations=100 | best_accuracy=0.973500
2026-07-21 02:57:34,445 | INFO | run_experiments | Experiment completed successfully: prelim_features_mnist_swintransformer_LS_kp90
