2026-07-18 15:24:27,573 | INFO | run_experiments | Experiment=prelim_features_mnist_alexnet_LS_kp25 | device=cuda | search_runs=5 | planned_fitness_evaluations=500
2026-07-18 15:24:27,575 | INFO | run_experiments | Training protocol | pretrained=True | freeze_backbone=True | trainable_scope=replacement_classifier_only | representation=preextracted_features
2026-07-18 15:24:27,575 | INFO | run_experiments | Preparing data | dataset=MNIST | model=alexnet
2026-07-18 15:24:28,356 | INFO | utils.data_utils | [Features] Tensors loaded | active_train=48000 | base_train=48000 | validation=12000 | test=10000 | classes=10
2026-07-18 15:24:28,491 | INFO | run_experiments | Data ready | representation=preextracted_features | base_train=48000 | validation=12000 | test=10000 | classes=10 | image_size=0 | feature_dimension=4096
2026-07-18 15:24:29,453 | INFO | run_experiments | Starting run MNIST_alexnet_LS_accuracy_kp2500_seed42
2026-07-18 15:24:29,453 | INFO | algorithms.local_search | Starting LS | target_metric=accuracy | keep_percentage=0.2500 | max_evaluations=100 | num_swaps=10
2026-07-18 15:26:19,755 | INFO | algorithms.local_search | [LS] New best at evaluation 8/100 | accuracy=0.963417
2026-07-18 15:26:47,127 | INFO | algorithms.local_search | [LS] New best at evaluation 10/100 | accuracy=0.963500
2026-07-18 15:27:00,850 | INFO | algorithms.local_search | [LS] New best at evaluation 11/100 | accuracy=0.964917
2026-07-18 15:33:50,709 | INFO | algorithms.local_search | [LS] New best at evaluation 41/100 | accuracy=0.965500
2026-07-18 15:38:36,180 | INFO | algorithms.local_search | [LS] New best at evaluation 62/100 | accuracy=0.966250
2026-07-18 15:47:13,875 | INFO | algorithms.local_search | [LS] Finished | evaluations=100 | best_accuracy=0.966250
2026-07-18 15:47:13,916 | INFO | run_experiments | Completed MNIST_alexnet_LS_accuracy_kp2500_seed42 | evaluations=100 | best_accuracy=0.966250
2026-07-18 15:47:14,937 | INFO | run_experiments | Starting run MNIST_alexnet_LS_accuracy_kp2500_seed123
2026-07-18 15:47:14,937 | INFO | algorithms.local_search | Starting LS | target_metric=accuracy | keep_percentage=0.2500 | max_evaluations=100 | num_swaps=10
2026-07-18 15:47:42,110 | INFO | algorithms.local_search | [LS] New best at evaluation 2/100 | accuracy=0.960250
2026-07-18 15:47:55,684 | INFO | algorithms.local_search | [LS] New best at evaluation 3/100 | accuracy=0.964500
2026-07-18 16:01:06,131 | INFO | algorithms.local_search | [LS] New best at evaluation 61/100 | accuracy=0.965167
2026-07-18 16:09:59,365 | INFO | algorithms.local_search | [LS] Finished | evaluations=100 | best_accuracy=0.965167
2026-07-18 16:09:59,525 | INFO | run_experiments | Completed MNIST_alexnet_LS_accuracy_kp2500_seed123 | evaluations=100 | best_accuracy=0.965167
2026-07-18 16:10:00,539 | INFO | run_experiments | Starting run MNIST_alexnet_LS_accuracy_kp2500_seed456
2026-07-18 16:10:00,539 | INFO | algorithms.local_search | Starting LS | target_metric=accuracy | keep_percentage=0.2500 | max_evaluations=100 | num_swaps=10
2026-07-18 16:10:55,334 | INFO | algorithms.local_search | [LS] New best at evaluation 4/100 | accuracy=0.963833
2026-07-18 16:14:47,578 | INFO | algorithms.local_search | [LS] New best at evaluation 21/100 | accuracy=0.964667
2026-07-18 16:15:01,221 | INFO | algorithms.local_search | [LS] New best at evaluation 22/100 | accuracy=0.964833
2026-07-18 16:15:42,440 | INFO | algorithms.local_search | [LS] New best at evaluation 25/100 | accuracy=0.965000
2026-07-18 16:19:06,897 | INFO | algorithms.local_search | [LS] New best at evaluation 40/100 | accuracy=0.965250
2026-07-18 16:32:54,875 | INFO | algorithms.local_search | [LS] Finished | evaluations=100 | best_accuracy=0.965250
2026-07-18 16:32:54,918 | INFO | run_experiments | Completed MNIST_alexnet_LS_accuracy_kp2500_seed456 | evaluations=100 | best_accuracy=0.965250
2026-07-18 16:32:55,957 | INFO | run_experiments | Starting run MNIST_alexnet_LS_accuracy_kp2500_seed789
2026-07-18 16:32:55,958 | INFO | algorithms.local_search | Starting LS | target_metric=accuracy | keep_percentage=0.2500 | max_evaluations=100 | num_swaps=10
2026-07-18 16:33:23,651 | INFO | algorithms.local_search | [LS] New best at evaluation 2/100 | accuracy=0.963000
2026-07-18 16:34:32,597 | INFO | algorithms.local_search | [LS] New best at evaluation 7/100 | accuracy=0.964500
2026-07-18 16:35:00,255 | INFO | algorithms.local_search | [LS] New best at evaluation 9/100 | accuracy=0.964667
2026-07-18 16:35:55,550 | INFO | algorithms.local_search | [LS] New best at evaluation 13/100 | accuracy=0.965417
2026-07-18 16:38:41,429 | INFO | algorithms.local_search | [LS] New best at evaluation 25/100 | accuracy=0.965750
2026-07-18 16:50:52,801 | INFO | algorithms.local_search | [LS] New best at evaluation 78/100 | accuracy=0.966583
2026-07-18 16:55:15,147 | INFO | algorithms.local_search | [LS] New best at evaluation 97/100 | accuracy=0.967667
2026-07-18 16:55:56,620 | INFO | algorithms.local_search | [LS] Finished | evaluations=100 | best_accuracy=0.967667
2026-07-18 16:55:56,660 | INFO | run_experiments | Completed MNIST_alexnet_LS_accuracy_kp2500_seed789 | evaluations=100 | best_accuracy=0.967667
2026-07-18 16:55:57,682 | INFO | run_experiments | Starting run MNIST_alexnet_LS_accuracy_kp2500_seed1024
2026-07-18 16:55:57,682 | INFO | algorithms.local_search | Starting LS | target_metric=accuracy | keep_percentage=0.2500 | max_evaluations=100 | num_swaps=10
2026-07-18 16:56:25,189 | INFO | algorithms.local_search | [LS] New best at evaluation 2/100 | accuracy=0.964417
2026-07-18 16:56:52,901 | INFO | algorithms.local_search | [LS] New best at evaluation 4/100 | accuracy=0.964667
2026-07-18 16:58:43,152 | INFO | algorithms.local_search | [LS] New best at evaluation 12/100 | accuracy=0.965667
2026-07-18 16:59:51,807 | INFO | algorithms.local_search | [LS] New best at evaluation 17/100 | accuracy=0.965917
2026-07-18 17:01:41,866 | INFO | algorithms.local_search | [LS] New best at evaluation 25/100 | accuracy=0.966917
2026-07-18 17:18:57,293 | INFO | algorithms.local_search | [LS] Finished | evaluations=100 | best_accuracy=0.966917
2026-07-18 17:18:57,335 | INFO | run_experiments | Completed MNIST_alexnet_LS_accuracy_kp2500_seed1024 | evaluations=100 | best_accuracy=0.966917
2026-07-18 17:18:57,680 | INFO | run_experiments | Experiment completed successfully: prelim_features_mnist_alexnet_LS_kp25
