2026-07-24 16:22:07,613 | INFO | run_experiments | Experiment=prelim_features_tinyimagenet_alexnet_RS_kp75 | device=cuda | search_runs=5 | planned_fitness_evaluations=500
2026-07-24 16:22:07,621 | INFO | run_experiments | Training protocol | pretrained=True | freeze_backbone=True | trainable_scope=replacement_classifier_only | representation=preextracted_features
2026-07-24 16:22:07,621 | INFO | run_experiments | Preparing data | dataset=TINYIMAGENET | model=alexnet
2026-07-24 16:22:09,128 | INFO | utils.data_utils | [Features] Tensors loaded | active_train=80000 | base_train=80000 | validation=20000 | test=10000 | classes=200
2026-07-24 16:22:09,275 | INFO | run_experiments | Data ready | representation=preextracted_features | base_train=80000 | validation=20000 | test=10000 | classes=200 | image_size=0 | feature_dimension=4096
2026-07-24 16:22:10,260 | INFO | run_experiments | Starting run TINYIMAGENET_alexnet_RS_accuracy_kp7500_seed42
2026-07-24 16:22:10,260 | INFO | algorithms.random_search | Starting RS | target_metric=accuracy | keep_percentage=0.7500 | max_evaluations=100
2026-07-24 16:23:04,779 | INFO | algorithms.random_search | [RS] New best at evaluation 1/100 | accuracy=0.452300
2026-07-24 16:31:34,532 | INFO | algorithms.random_search | [RS] New best at evaluation 11/100 | accuracy=0.454400
2026-07-24 16:35:49,856 | INFO | algorithms.random_search | [RS] New best at evaluation 16/100 | accuracy=0.456600
2026-07-24 16:48:37,263 | INFO | algorithms.random_search | [RS] New best at evaluation 31/100 | accuracy=0.456850
2026-07-24 16:58:00,599 | INFO | algorithms.random_search | [RS] New best at evaluation 42/100 | accuracy=0.460550
2026-07-24 17:47:45,556 | INFO | algorithms.random_search | [RS] Finished | evaluations=100 | best_accuracy=0.460550
2026-07-24 17:47:45,738 | INFO | run_experiments | Completed TINYIMAGENET_alexnet_RS_accuracy_kp7500_seed42 | evaluations=100 | best_accuracy=0.460550
2026-07-24 17:47:46,691 | INFO | run_experiments | Starting run TINYIMAGENET_alexnet_RS_accuracy_kp7500_seed123
2026-07-24 17:47:46,691 | INFO | algorithms.random_search | Starting RS | target_metric=accuracy | keep_percentage=0.7500 | max_evaluations=100
2026-07-24 17:48:38,370 | INFO | algorithms.random_search | [RS] New best at evaluation 1/100 | accuracy=0.446950
2026-07-24 17:49:29,913 | INFO | algorithms.random_search | [RS] New best at evaluation 2/100 | accuracy=0.451000
2026-07-24 17:53:48,060 | INFO | algorithms.random_search | [RS] New best at evaluation 7/100 | accuracy=0.452450
2026-07-24 17:54:39,778 | INFO | algorithms.random_search | [RS] New best at evaluation 8/100 | accuracy=0.456550
2026-07-24 17:56:23,296 | INFO | algorithms.random_search | [RS] New best at evaluation 10/100 | accuracy=0.456650
2026-07-24 18:00:41,755 | INFO | algorithms.random_search | [RS] New best at evaluation 15/100 | accuracy=0.457100
2026-07-24 18:27:27,673 | INFO | algorithms.random_search | [RS] New best at evaluation 46/100 | accuracy=0.457150
2026-07-24 18:42:10,870 | INFO | algorithms.random_search | [RS] New best at evaluation 63/100 | accuracy=0.457200
2026-07-24 18:45:38,980 | INFO | algorithms.random_search | [RS] New best at evaluation 67/100 | accuracy=0.458300
2026-07-24 18:55:11,704 | INFO | algorithms.random_search | [RS] New best at evaluation 78/100 | accuracy=0.461500
2026-07-24 19:14:13,955 | INFO | algorithms.random_search | [RS] Finished | evaluations=100 | best_accuracy=0.461500
2026-07-24 19:14:14,513 | INFO | run_experiments | Completed TINYIMAGENET_alexnet_RS_accuracy_kp7500_seed123 | evaluations=100 | best_accuracy=0.461500
2026-07-24 19:14:15,472 | INFO | run_experiments | Starting run TINYIMAGENET_alexnet_RS_accuracy_kp7500_seed456
2026-07-24 19:14:15,472 | INFO | algorithms.random_search | Starting RS | target_metric=accuracy | keep_percentage=0.7500 | max_evaluations=100
2026-07-24 19:15:07,473 | INFO | algorithms.random_search | [RS] New best at evaluation 1/100 | accuracy=0.448100
2026-07-24 19:16:51,434 | INFO | algorithms.random_search | [RS] New best at evaluation 3/100 | accuracy=0.452950
2026-07-24 19:22:54,908 | INFO | algorithms.random_search | [RS] New best at evaluation 10/100 | accuracy=0.453700
2026-07-24 19:40:43,257 | INFO | run_experiments | Experiment=prelim_features_tinyimagenet_alexnet_RS_kp75 | device=cuda | search_runs=5 | planned_fitness_evaluations=500
2026-07-24 19:40:43,263 | INFO | run_experiments | Training protocol | pretrained=True | freeze_backbone=True | trainable_scope=replacement_classifier_only | representation=preextracted_features
2026-07-24 19:40:43,264 | INFO | run_experiments | Preparing data | dataset=TINYIMAGENET | model=alexnet
2026-07-24 19:40:44,667 | INFO | utils.data_utils | [Features] Tensors loaded | active_train=80000 | base_train=80000 | validation=20000 | test=10000 | classes=200
2026-07-24 19:40:44,825 | INFO | run_experiments | Data ready | representation=preextracted_features | base_train=80000 | validation=20000 | test=10000 | classes=200 | image_size=0 | feature_dimension=4096
2026-07-24 19:40:45,837 | INFO | run_experiments | Skipping completed run TINYIMAGENET_alexnet_RS_accuracy_kp7500_seed42
2026-07-24 19:41:28,117 | INFO | run_experiments | Skipping completed run TINYIMAGENET_alexnet_RS_accuracy_kp7500_seed123
2026-07-24 19:42:09,679 | INFO | run_experiments | Starting run TINYIMAGENET_alexnet_RS_accuracy_kp7500_seed456
2026-07-24 19:42:09,680 | INFO | algorithms.random_search | Starting RS | target_metric=accuracy | keep_percentage=0.7500 | max_evaluations=100
2026-07-24 19:42:49,568 | INFO | algorithms.random_search | [RS] New best at evaluation 1/100 | accuracy=0.448100
2026-07-24 19:44:09,285 | INFO | algorithms.random_search | [RS] New best at evaluation 3/100 | accuracy=0.452950
2026-07-24 19:48:48,769 | INFO | algorithms.random_search | [RS] New best at evaluation 10/100 | accuracy=0.453700
2026-07-24 19:50:38,308 | INFO | algorithms.random_search | [RS] New best at evaluation 42/100 | accuracy=0.455900
2026-07-24 19:51:30,436 | INFO | algorithms.random_search | [RS] New best at evaluation 43/100 | accuracy=0.456350
2026-07-24 20:10:16,270 | INFO | algorithms.random_search | [RS] New best at evaluation 42/100 | accuracy=0.455900
2026-07-24 20:10:36,810 | INFO | algorithms.random_search | [RS] New best at evaluation 65/100 | accuracy=0.457350
2026-07-24 20:10:56,390 | INFO | algorithms.random_search | [RS] New best at evaluation 43/100 | accuracy=0.456350
2026-07-24 20:25:42,489 | INFO | algorithms.random_search | [RS] New best at evaluation 65/100 | accuracy=0.457350
2026-07-24 20:41:03,685 | INFO | algorithms.random_search | [RS] Finished | evaluations=100 | best_accuracy=0.457350
2026-07-24 20:41:03,877 | INFO | run_experiments | Completed TINYIMAGENET_alexnet_RS_accuracy_kp7500_seed456 | evaluations=100 | best_accuracy=0.457350
2026-07-24 20:41:04,841 | INFO | run_experiments | Starting run TINYIMAGENET_alexnet_RS_accuracy_kp7500_seed789
2026-07-24 20:41:04,841 | INFO | algorithms.random_search | Starting RS | target_metric=accuracy | keep_percentage=0.7500 | max_evaluations=100
2026-07-24 20:41:57,022 | INFO | algorithms.random_search | [RS] New best at evaluation 1/100 | accuracy=0.456900
2026-07-24 20:49:16,522 | INFO | algorithms.random_search | [RS] Finished | evaluations=100 | best_accuracy=0.457350
2026-07-24 20:49:16,701 | INFO | run_experiments | Completed TINYIMAGENET_alexnet_RS_accuracy_kp7500_seed456 | evaluations=100 | best_accuracy=0.457350
2026-07-24 20:49:58,902 | INFO | run_experiments | Starting run TINYIMAGENET_alexnet_RS_accuracy_kp7500_seed789
2026-07-24 20:49:58,902 | INFO | algorithms.random_search | Starting RS | target_metric=accuracy | keep_percentage=0.7500 | max_evaluations=100
2026-07-24 20:50:39,278 | INFO | algorithms.random_search | [RS] New best at evaluation 1/100 | accuracy=0.456900
2026-07-24 21:36:53,324 | INFO | algorithms.random_search | [RS] New best at evaluation 69/100 | accuracy=0.458800
2026-07-24 21:41:20,301 | INFO | algorithms.random_search | [RS] New best at evaluation 69/100 | accuracy=0.458800
2026-07-24 21:58:06,385 | INFO | algorithms.random_search | [RS] Finished | evaluations=100 | best_accuracy=0.458800
2026-07-24 21:58:06,562 | INFO | run_experiments | Completed TINYIMAGENET_alexnet_RS_accuracy_kp7500_seed789 | evaluations=100 | best_accuracy=0.458800
2026-07-24 21:58:49,303 | INFO | run_experiments | Starting run TINYIMAGENET_alexnet_RS_accuracy_kp7500_seed1024
2026-07-24 21:58:49,304 | INFO | algorithms.random_search | Starting RS | target_metric=accuracy | keep_percentage=0.7500 | max_evaluations=100
2026-07-24 21:59:30,714 | INFO | algorithms.random_search | [RS] New best at evaluation 1/100 | accuracy=0.448100
2026-07-24 22:00:11,425 | INFO | algorithms.random_search | [RS] New best at evaluation 2/100 | accuracy=0.452150
2026-07-24 22:01:33,968 | INFO | algorithms.random_search | [RS] New best at evaluation 4/100 | accuracy=0.452250
2026-07-24 22:02:15,171 | INFO | algorithms.random_search | [RS] New best at evaluation 5/100 | accuracy=0.457050
2026-07-24 22:08:30,631 | INFO | algorithms.random_search | [RS] Finished | evaluations=100 | best_accuracy=0.458800
2026-07-24 22:08:30,784 | INFO | run_experiments | Completed TINYIMAGENET_alexnet_RS_accuracy_kp7500_seed789 | evaluations=100 | best_accuracy=0.458800
2026-07-24 22:08:31,733 | INFO | run_experiments | Starting run TINYIMAGENET_alexnet_RS_accuracy_kp7500_seed1024
2026-07-24 22:08:31,733 | INFO | algorithms.random_search | Starting RS | target_metric=accuracy | keep_percentage=0.7500 | max_evaluations=100
2026-07-24 22:09:24,461 | INFO | algorithms.random_search | [RS] New best at evaluation 1/100 | accuracy=0.448100
2026-07-24 22:10:17,219 | INFO | algorithms.random_search | [RS] New best at evaluation 2/100 | accuracy=0.452150
2026-07-24 22:12:02,544 | INFO | algorithms.random_search | [RS] New best at evaluation 4/100 | accuracy=0.452250
2026-07-24 22:12:55,246 | INFO | algorithms.random_search | [RS] New best at evaluation 5/100 | accuracy=0.457050
2026-07-24 22:26:17,101 | INFO | algorithms.random_search | [RS] New best at evaluation 40/100 | accuracy=0.458100
2026-07-24 22:43:38,353 | INFO | algorithms.random_search | [RS] New best at evaluation 40/100 | accuracy=0.458100
2026-07-24 23:07:25,795 | INFO | algorithms.random_search | [RS] Finished | evaluations=100 | best_accuracy=0.458100
2026-07-24 23:07:25,978 | INFO | run_experiments | Completed TINYIMAGENET_alexnet_RS_accuracy_kp7500_seed1024 | evaluations=100 | best_accuracy=0.458100
2026-07-24 23:08:08,963 | INFO | run_experiments | Experiment completed successfully: prelim_features_tinyimagenet_alexnet_RS_kp75
2026-07-24 23:36:23,439 | INFO | algorithms.random_search | [RS] Finished | evaluations=100 | best_accuracy=0.458100
2026-07-24 23:36:23,551 | INFO | run_experiments | Completed TINYIMAGENET_alexnet_RS_accuracy_kp7500_seed1024 | evaluations=100 | best_accuracy=0.458100
2026-07-24 23:36:23,952 | INFO | run_experiments | Experiment completed successfully: prelim_features_tinyimagenet_alexnet_RS_kp75
