2026-07-20 23:23:57,468 | INFO | run_experiments | Experiment=prelim_features_mnist_swintransformer_LS_kp75 | device=cuda | search_runs=5 | planned_fitness_evaluations=500
2026-07-20 23:23:57,473 | INFO | run_experiments | Training protocol | pretrained=True | freeze_backbone=True | trainable_scope=replacement_classifier_only | representation=preextracted_features
2026-07-20 23:23:57,473 | INFO | run_experiments | Preparing data | dataset=MNIST | model=swintransformer
2026-07-20 23:24:01,473 | INFO | utils.data_utils | [Features] Tensors loaded | active_train=48000 | base_train=48000 | validation=12000 | test=10000 | classes=10
2026-07-20 23:24:01,608 | INFO | run_experiments | Data ready | representation=preextracted_features | base_train=48000 | validation=12000 | test=10000 | classes=10 | image_size=0 | feature_dimension=768
2026-07-20 23:24:03,196 | INFO | run_experiments | Starting run MNIST_swintransformer_LS_accuracy_kp7500_seed42
2026-07-20 23:24:03,196 | INFO | algorithms.local_search | Starting LS | target_metric=accuracy | keep_percentage=0.7500 | max_evaluations=100 | num_swaps=10
2026-07-20 23:26:07,689 | INFO | algorithms.local_search | [LS] New best at evaluation 5/100 | accuracy=0.971167
2026-07-20 23:26:56,790 | INFO | algorithms.local_search | [LS] New best at evaluation 7/100 | accuracy=0.972083
2026-07-20 23:49:33,503 | INFO | algorithms.local_search | [LS] New best at evaluation 67/100 | accuracy=0.972250
2026-07-21 00:02:12,059 | INFO | algorithms.local_search | [LS] Finished | evaluations=100 | best_accuracy=0.972250
2026-07-21 00:02:12,167 | INFO | run_experiments | Completed MNIST_swintransformer_LS_accuracy_kp7500_seed42 | evaluations=100 | best_accuracy=0.972250
2026-07-21 00:02:13,289 | INFO | run_experiments | Starting run MNIST_swintransformer_LS_accuracy_kp7500_seed123
2026-07-21 00:02:13,289 | INFO | algorithms.local_search | Starting LS | target_metric=accuracy | keep_percentage=0.7500 | max_evaluations=100 | num_swaps=10
2026-07-21 00:05:05,033 | INFO | algorithms.local_search | [LS] New best at evaluation 7/100 | accuracy=0.971083
2026-07-21 00:10:40,050 | INFO | algorithms.local_search | [LS] New best at evaluation 21/100 | accuracy=0.971250
2026-07-21 00:11:03,016 | INFO | algorithms.local_search | [LS] New best at evaluation 22/100 | accuracy=0.972333
2026-07-21 00:40:53,571 | INFO | algorithms.local_search | [LS] Finished | evaluations=100 | best_accuracy=0.972333
2026-07-21 00:40:53,929 | INFO | run_experiments | Completed MNIST_swintransformer_LS_accuracy_kp7500_seed123 | evaluations=100 | best_accuracy=0.972333
2026-07-21 00:40:55,046 | INFO | run_experiments | Starting run MNIST_swintransformer_LS_accuracy_kp7500_seed456
2026-07-21 00:40:55,046 | INFO | algorithms.local_search | Starting LS | target_metric=accuracy | keep_percentage=0.7500 | max_evaluations=100 | num_swaps=10
2026-07-21 00:48:07,963 | INFO | algorithms.local_search | [LS] New best at evaluation 18/100 | accuracy=0.971750
2026-07-21 01:01:16,032 | INFO | algorithms.local_search | [LS] New best at evaluation 52/100 | accuracy=0.971917
2026-07-21 01:20:14,766 | INFO | algorithms.local_search | [LS] Finished | evaluations=100 | best_accuracy=0.971917
2026-07-21 01:20:14,849 | INFO | run_experiments | Completed MNIST_swintransformer_LS_accuracy_kp7500_seed456 | evaluations=100 | best_accuracy=0.971917
2026-07-21 01:20:15,958 | INFO | run_experiments | Starting run MNIST_swintransformer_LS_accuracy_kp7500_seed789
2026-07-21 01:20:15,958 | INFO | algorithms.local_search | Starting LS | target_metric=accuracy | keep_percentage=0.7500 | max_evaluations=100 | num_swaps=10
2026-07-21 01:21:46,848 | INFO | algorithms.local_search | [LS] New best at evaluation 4/100 | accuracy=0.969667
2026-07-21 01:24:04,607 | INFO | algorithms.local_search | [LS] New best at evaluation 10/100 | accuracy=0.970417
2026-07-21 01:27:39,063 | INFO | algorithms.local_search | [LS] New best at evaluation 19/100 | accuracy=0.971583
2026-07-21 01:28:03,432 | INFO | algorithms.local_search | [LS] New best at evaluation 20/100 | accuracy=0.971750
2026-07-21 01:29:14,054 | INFO | algorithms.local_search | [LS] New best at evaluation 23/100 | accuracy=0.972000
2026-07-21 01:31:32,761 | INFO | algorithms.local_search | [LS] New best at evaluation 29/100 | accuracy=0.972417
2026-07-21 01:35:30,960 | INFO | algorithms.local_search | [LS] New best at evaluation 40/100 | accuracy=0.972583
2026-07-21 01:45:42,548 | INFO | algorithms.local_search | [LS] New best at evaluation 66/100 | accuracy=0.972833
2026-07-21 01:59:32,782 | INFO | algorithms.local_search | [LS] Finished | evaluations=100 | best_accuracy=0.972833
2026-07-21 01:59:32,870 | INFO | run_experiments | Completed MNIST_swintransformer_LS_accuracy_kp7500_seed789 | evaluations=100 | best_accuracy=0.972833
2026-07-21 01:59:34,003 | INFO | run_experiments | Starting run MNIST_swintransformer_LS_accuracy_kp7500_seed1024
2026-07-21 01:59:34,003 | INFO | algorithms.local_search | Starting LS | target_metric=accuracy | keep_percentage=0.7500 | max_evaluations=100 | num_swaps=10
2026-07-21 02:01:46,671 | INFO | algorithms.local_search | [LS] New best at evaluation 6/100 | accuracy=0.971000
2026-07-21 02:03:09,183 | INFO | algorithms.local_search | [LS] New best at evaluation 10/100 | accuracy=0.971167
2026-07-21 02:14:14,905 | INFO | algorithms.local_search | [LS] New best at evaluation 38/100 | accuracy=0.971750
2026-07-21 02:21:00,012 | INFO | algorithms.local_search | [LS] New best at evaluation 56/100 | accuracy=0.971833
2026-07-21 02:38:18,583 | INFO | algorithms.local_search | [LS] Finished | evaluations=100 | best_accuracy=0.971833
2026-07-21 02:38:18,655 | INFO | run_experiments | Completed MNIST_swintransformer_LS_accuracy_kp7500_seed1024 | evaluations=100 | best_accuracy=0.971833
2026-07-21 02:38:18,947 | INFO | run_experiments | Experiment completed successfully: prelim_features_mnist_swintransformer_LS_kp75
