2026-07-20 08:09:57,415 | INFO | run_experiments | Experiment=prelim_features_mnist_efficientnetv2_LS_kp25 | device=cuda | search_runs=5 | planned_fitness_evaluations=500
2026-07-20 08:09:57,418 | INFO | run_experiments | Training protocol | pretrained=True | freeze_backbone=True | trainable_scope=replacement_classifier_only | representation=preextracted_features
2026-07-20 08:09:57,418 | INFO | run_experiments | Preparing data | dataset=MNIST | model=efficientnetv2
2026-07-20 08:10:05,750 | INFO | utils.data_utils | [Features] Tensors loaded | active_train=48000 | base_train=48000 | validation=12000 | test=10000 | classes=10
2026-07-20 08:10:05,925 | INFO | run_experiments | Data ready | representation=preextracted_features | base_train=48000 | validation=12000 | test=10000 | classes=10 | image_size=0 | feature_dimension=1280
2026-07-20 08:10:07,552 | INFO | run_experiments | Starting run MNIST_efficientnetv2_LS_accuracy_kp2500_seed42
2026-07-20 08:10:07,552 | INFO | algorithms.local_search | Starting LS | target_metric=accuracy | keep_percentage=0.2500 | max_evaluations=100 | num_swaps=10
2026-07-20 08:10:50,513 | INFO | algorithms.local_search | [LS] New best at evaluation 3/100 | accuracy=0.959750
2026-07-20 08:12:22,090 | INFO | algorithms.local_search | [LS] New best at evaluation 10/100 | accuracy=0.959833
2026-07-20 08:13:27,956 | INFO | algorithms.local_search | [LS] New best at evaluation 15/100 | accuracy=0.959917
2026-07-20 08:14:07,004 | INFO | algorithms.local_search | [LS] New best at evaluation 18/100 | accuracy=0.960500
2026-07-20 08:15:11,898 | INFO | algorithms.local_search | [LS] New best at evaluation 23/100 | accuracy=0.960833
2026-07-20 08:17:09,233 | INFO | algorithms.local_search | [LS] New best at evaluation 32/100 | accuracy=0.961000
2026-07-20 08:26:55,073 | INFO | algorithms.local_search | [LS] New best at evaluation 77/100 | accuracy=0.961083
2026-07-20 08:31:56,029 | INFO | algorithms.local_search | [LS] Finished | evaluations=100 | best_accuracy=0.961083
2026-07-20 08:31:56,070 | INFO | run_experiments | Completed MNIST_efficientnetv2_LS_accuracy_kp2500_seed42 | evaluations=100 | best_accuracy=0.961083
2026-07-20 08:31:57,000 | INFO | run_experiments | Starting run MNIST_efficientnetv2_LS_accuracy_kp2500_seed123
2026-07-20 08:31:57,000 | INFO | algorithms.local_search | Starting LS | target_metric=accuracy | keep_percentage=0.2500 | max_evaluations=100 | num_swaps=10
2026-07-20 08:32:49,170 | INFO | algorithms.local_search | [LS] New best at evaluation 4/100 | accuracy=0.961500
2026-07-20 08:34:58,523 | INFO | algorithms.local_search | [LS] New best at evaluation 14/100 | accuracy=0.961917
2026-07-20 08:40:35,732 | INFO | algorithms.local_search | [LS] New best at evaluation 40/100 | accuracy=0.962083
2026-07-20 08:53:37,794 | INFO | algorithms.local_search | [LS] Finished | evaluations=100 | best_accuracy=0.962083
2026-07-20 08:53:37,837 | INFO | run_experiments | Completed MNIST_efficientnetv2_LS_accuracy_kp2500_seed123 | evaluations=100 | best_accuracy=0.962083
2026-07-20 08:53:38,770 | INFO | run_experiments | Starting run MNIST_efficientnetv2_LS_accuracy_kp2500_seed456
2026-07-20 08:53:38,771 | INFO | algorithms.local_search | Starting LS | target_metric=accuracy | keep_percentage=0.2500 | max_evaluations=100 | num_swaps=10
2026-07-20 08:54:17,752 | INFO | algorithms.local_search | [LS] New best at evaluation 3/100 | accuracy=0.961083
2026-07-20 08:56:02,178 | INFO | algorithms.local_search | [LS] New best at evaluation 11/100 | accuracy=0.961167
2026-07-20 08:57:59,092 | INFO | algorithms.local_search | [LS] New best at evaluation 20/100 | accuracy=0.961250
2026-07-20 09:05:21,769 | INFO | algorithms.local_search | [LS] New best at evaluation 54/100 | accuracy=0.961667
2026-07-20 09:15:21,464 | INFO | algorithms.local_search | [LS] Finished | evaluations=100 | best_accuracy=0.961667
2026-07-20 09:15:21,506 | INFO | run_experiments | Completed MNIST_efficientnetv2_LS_accuracy_kp2500_seed456 | evaluations=100 | best_accuracy=0.961667
2026-07-20 09:15:22,434 | INFO | run_experiments | Starting run MNIST_efficientnetv2_LS_accuracy_kp2500_seed789
2026-07-20 09:15:22,434 | INFO | algorithms.local_search | Starting LS | target_metric=accuracy | keep_percentage=0.2500 | max_evaluations=100 | num_swaps=10
2026-07-20 09:16:01,467 | INFO | algorithms.local_search | [LS] New best at evaluation 3/100 | accuracy=0.959917
2026-07-20 09:16:27,401 | INFO | algorithms.local_search | [LS] New best at evaluation 5/100 | accuracy=0.960250
2026-07-20 09:17:06,622 | INFO | algorithms.local_search | [LS] New best at evaluation 8/100 | accuracy=0.960333
2026-07-20 09:17:46,217 | INFO | algorithms.local_search | [LS] New best at evaluation 11/100 | accuracy=0.960500
2026-07-20 09:17:59,206 | INFO | algorithms.local_search | [LS] New best at evaluation 12/100 | accuracy=0.961583
2026-07-20 09:37:04,695 | INFO | algorithms.local_search | [LS] Finished | evaluations=100 | best_accuracy=0.961583
2026-07-20 09:37:04,860 | INFO | run_experiments | Completed MNIST_efficientnetv2_LS_accuracy_kp2500_seed789 | evaluations=100 | best_accuracy=0.961583
2026-07-20 09:37:05,814 | INFO | run_experiments | Starting run MNIST_efficientnetv2_LS_accuracy_kp2500_seed1024
2026-07-20 09:37:05,815 | INFO | algorithms.local_search | Starting LS | target_metric=accuracy | keep_percentage=0.2500 | max_evaluations=100 | num_swaps=10
2026-07-20 09:37:31,833 | INFO | algorithms.local_search | [LS] New best at evaluation 2/100 | accuracy=0.959167
2026-07-20 09:37:44,752 | INFO | algorithms.local_search | [LS] New best at evaluation 3/100 | accuracy=0.959833
2026-07-20 09:38:10,658 | INFO | algorithms.local_search | [LS] New best at evaluation 5/100 | accuracy=0.960417
2026-07-20 09:41:38,573 | INFO | algorithms.local_search | [LS] New best at evaluation 21/100 | accuracy=0.962167
2026-07-20 09:58:46,918 | INFO | algorithms.local_search | [LS] Finished | evaluations=100 | best_accuracy=0.962167
2026-07-20 09:58:46,960 | INFO | run_experiments | Completed MNIST_efficientnetv2_LS_accuracy_kp2500_seed1024 | evaluations=100 | best_accuracy=0.962167
2026-07-20 09:58:47,260 | INFO | run_experiments | Experiment completed successfully: prelim_features_mnist_efficientnetv2_LS_kp25
