2026-08-25 14:33:33,151 | INFO | run_experiments | Experiment=main_b1000_cifar10_alexnet_RS_kp75_seed1024 | device=cuda | search_runs=1 | planned_fitness_evaluations=1000
2026-08-25 14:33:33,154 | INFO | run_experiments | Training protocol | pretrained=True | freeze_backbone=True | trainable_scope=replacement_classifier_only | representation=preextracted_features
2026-08-25 14:33:33,154 | INFO | run_experiments | Preparing data | dataset=CIFAR10 | model=alexnet
2026-08-25 14:33:33,896 | INFO | utils.data_utils | [Features] Tensors loaded | active_train=40000 | base_train=40000 | validation=10000 | test=10000 | classes=10
2026-08-25 14:33:34,049 | INFO | run_experiments | Data ready | representation=preextracted_features | base_train=40000 | validation=10000 | test=10000 | classes=10 | image_size=0 | feature_dimension=4096
2026-08-25 14:33:35,176 | INFO | run_experiments | Starting run CIFAR10_alexnet_RS_accuracy_kp7500_seed1024
2026-08-25 14:33:35,176 | INFO | algorithms.random_search | Starting RS | target_metric=accuracy | keep_percentage=0.7500 | max_evaluations=1000
2026-08-25 14:33:57,348 | INFO | algorithms.random_search | [RS] New best at evaluation 1/1000 | accuracy=0.810700
2026-08-25 14:34:39,108 | INFO | algorithms.random_search | [RS] New best at evaluation 3/1000 | accuracy=0.814500
2026-08-25 14:45:29,025 | INFO | algorithms.random_search | [RS] New best at evaluation 30/1000 | accuracy=0.815500
2026-08-25 14:49:06,044 | INFO | algorithms.random_search | [RS] New best at evaluation 40/1000 | accuracy=0.816300
2026-08-25 15:02:23,226 | INFO | algorithms.random_search | [RS] New best at evaluation 69/1000 | accuracy=0.817800
2026-08-25 15:37:46,423 | INFO | algorithms.random_search | [RS] New best at evaluation 160/1000 | accuracy=0.818400
2026-08-25 16:05:13,908 | INFO | algorithms.random_search | [RS] New best at evaluation 236/1000 | accuracy=0.818700
2026-08-25 16:07:42,780 | INFO | algorithms.random_search | [RS] New best at evaluation 243/1000 | accuracy=0.819500
2026-08-25 16:27:26,974 | INFO | algorithms.random_search | [RS] New best at evaluation 296/1000 | accuracy=0.819600
2026-08-25 17:10:08,846 | INFO | algorithms.random_search | [RS] New best at evaluation 394/1000 | accuracy=0.820200
2026-08-25 19:15:31,816 | INFO | algorithms.random_search | [RS] New best at evaluation 727/1000 | accuracy=0.821000
2026-08-25 21:03:03,146 | INFO | algorithms.random_search | [RS] Finished | evaluations=1000 | best_accuracy=0.821000
2026-08-25 21:03:03,523 | INFO | run_experiments | Completed CIFAR10_alexnet_RS_accuracy_kp7500_seed1024 | evaluations=1000 | best_accuracy=0.821000
2026-08-25 21:03:43,703 | INFO | run_experiments | Experiment completed successfully: main_b1000_cifar10_alexnet_RS_kp75_seed1024
