2026-07-24 09:58:18,477 | INFO | run_experiments | Experiment=prelim_features_cifar10_alexnet_RS_kp50 | device=cuda | search_runs=5 | planned_fitness_evaluations=500
2026-07-24 09:58:18,479 | INFO | run_experiments | Training protocol | pretrained=True | freeze_backbone=True | trainable_scope=replacement_classifier_only | representation=preextracted_features
2026-07-24 09:58:18,479 | INFO | run_experiments | Preparing data | dataset=CIFAR10 | model=alexnet
2026-07-24 09:58:28,514 | INFO | utils.data_utils | [Features] Tensors loaded | active_train=40000 | base_train=40000 | validation=10000 | test=10000 | classes=10
2026-07-24 09:58:28,648 | INFO | run_experiments | Data ready | representation=preextracted_features | base_train=40000 | validation=10000 | test=10000 | classes=10 | image_size=0 | feature_dimension=4096
2026-07-24 09:58:29,607 | INFO | run_experiments | Starting run CIFAR10_alexnet_RS_accuracy_kp5000_seed42
2026-07-24 09:58:29,607 | INFO | algorithms.random_search | Starting RS | target_metric=accuracy | keep_percentage=0.5000 | max_evaluations=100
2026-07-24 09:58:44,827 | INFO | algorithms.random_search | [RS] New best at evaluation 1/100 | accuracy=0.812700
2026-07-24 10:01:37,208 | INFO | algorithms.random_search | [RS] New best at evaluation 13/100 | accuracy=0.813100
2026-07-24 10:09:58,136 | INFO | algorithms.random_search | [RS] New best at evaluation 48/100 | accuracy=0.813400
2026-07-24 10:22:25,868 | INFO | algorithms.random_search | [RS] Finished | evaluations=100 | best_accuracy=0.813400
2026-07-24 10:22:25,986 | INFO | run_experiments | Completed CIFAR10_alexnet_RS_accuracy_kp5000_seed42 | evaluations=100 | best_accuracy=0.813400
2026-07-24 10:22:26,909 | INFO | run_experiments | Starting run CIFAR10_alexnet_RS_accuracy_kp5000_seed123
2026-07-24 10:22:26,909 | INFO | algorithms.random_search | Starting RS | target_metric=accuracy | keep_percentage=0.5000 | max_evaluations=100
2026-07-24 10:22:41,405 | INFO | algorithms.random_search | [RS] New best at evaluation 1/100 | accuracy=0.800400
2026-07-24 10:23:10,414 | INFO | algorithms.random_search | [RS] New best at evaluation 3/100 | accuracy=0.802100
2026-07-24 10:23:24,867 | INFO | algorithms.random_search | [RS] New best at evaluation 4/100 | accuracy=0.802900
2026-07-24 10:24:08,302 | INFO | algorithms.random_search | [RS] New best at evaluation 7/100 | accuracy=0.806800
2026-07-24 10:24:37,268 | INFO | algorithms.random_search | [RS] New best at evaluation 9/100 | accuracy=0.812200
2026-07-24 10:46:35,885 | INFO | algorithms.random_search | [RS] Finished | evaluations=100 | best_accuracy=0.812200
2026-07-24 10:46:35,999 | INFO | run_experiments | Completed CIFAR10_alexnet_RS_accuracy_kp5000_seed123 | evaluations=100 | best_accuracy=0.812200
2026-07-24 10:46:36,927 | INFO | run_experiments | Starting run CIFAR10_alexnet_RS_accuracy_kp5000_seed456
2026-07-24 10:46:36,927 | INFO | algorithms.random_search | Starting RS | target_metric=accuracy | keep_percentage=0.5000 | max_evaluations=100
2026-07-24 10:46:51,395 | INFO | algorithms.random_search | [RS] New best at evaluation 1/100 | accuracy=0.802300
2026-07-24 10:47:05,898 | INFO | algorithms.random_search | [RS] New best at evaluation 2/100 | accuracy=0.808400
2026-07-24 10:47:34,909 | INFO | algorithms.random_search | [RS] New best at evaluation 4/100 | accuracy=0.810600
2026-07-24 10:48:03,957 | INFO | algorithms.random_search | [RS] New best at evaluation 6/100 | accuracy=0.811800
2026-07-24 10:49:45,507 | INFO | algorithms.random_search | [RS] New best at evaluation 13/100 | accuracy=0.812000
2026-07-24 11:09:33,975 | INFO | algorithms.random_search | [RS] New best at evaluation 95/100 | accuracy=0.812700
2026-07-24 11:10:46,406 | INFO | algorithms.random_search | [RS] Finished | evaluations=100 | best_accuracy=0.812700
2026-07-24 11:10:46,519 | INFO | run_experiments | Completed CIFAR10_alexnet_RS_accuracy_kp5000_seed456 | evaluations=100 | best_accuracy=0.812700
2026-07-24 11:10:47,424 | INFO | run_experiments | Starting run CIFAR10_alexnet_RS_accuracy_kp5000_seed789
2026-07-24 11:10:47,425 | INFO | algorithms.random_search | Starting RS | target_metric=accuracy | keep_percentage=0.5000 | max_evaluations=100
2026-07-24 11:11:01,956 | INFO | algorithms.random_search | [RS] New best at evaluation 1/100 | accuracy=0.799300
2026-07-24 11:11:16,557 | INFO | algorithms.random_search | [RS] New best at evaluation 2/100 | accuracy=0.804400
2026-07-24 11:11:45,381 | INFO | algorithms.random_search | [RS] New best at evaluation 4/100 | accuracy=0.806200
2026-07-24 11:11:59,877 | INFO | algorithms.random_search | [RS] New best at evaluation 5/100 | accuracy=0.809100
2026-07-24 11:17:47,837 | INFO | algorithms.random_search | [RS] New best at evaluation 29/100 | accuracy=0.809500
2026-07-24 11:25:46,599 | INFO | algorithms.random_search | [RS] New best at evaluation 62/100 | accuracy=0.811400
2026-07-24 11:26:15,694 | INFO | algorithms.random_search | [RS] New best at evaluation 64/100 | accuracy=0.811600
2026-07-24 11:34:58,565 | INFO | algorithms.random_search | [RS] Finished | evaluations=100 | best_accuracy=0.811600
2026-07-24 11:34:58,636 | INFO | run_experiments | Completed CIFAR10_alexnet_RS_accuracy_kp5000_seed789 | evaluations=100 | best_accuracy=0.811600
2026-07-24 11:34:59,565 | INFO | run_experiments | Starting run CIFAR10_alexnet_RS_accuracy_kp5000_seed1024
2026-07-24 11:34:59,566 | INFO | algorithms.random_search | Starting RS | target_metric=accuracy | keep_percentage=0.5000 | max_evaluations=100
2026-07-24 11:35:14,171 | INFO | algorithms.random_search | [RS] New best at evaluation 1/100 | accuracy=0.797400
2026-07-24 11:35:28,816 | INFO | algorithms.random_search | [RS] New best at evaluation 2/100 | accuracy=0.808100
2026-07-24 11:38:23,492 | INFO | algorithms.random_search | [RS] New best at evaluation 14/100 | accuracy=0.810400
2026-07-24 11:48:21,310 | INFO | algorithms.random_search | [RS] New best at evaluation 55/100 | accuracy=0.812100
2026-07-24 11:59:16,363 | INFO | algorithms.random_search | [RS] Finished | evaluations=100 | best_accuracy=0.812100
2026-07-24 11:59:16,833 | INFO | run_experiments | Completed CIFAR10_alexnet_RS_accuracy_kp5000_seed1024 | evaluations=100 | best_accuracy=0.812100
2026-07-24 11:59:17,296 | INFO | run_experiments | Experiment completed successfully: prelim_features_cifar10_alexnet_RS_kp50
2026-07-24 19:26:33,646 | INFO | run_experiments | Experiment=prelim_features_cifar10_alexnet_RS_kp50 | device=cuda | search_runs=5 | planned_fitness_evaluations=500
2026-07-24 19:26:33,655 | INFO | run_experiments | Training protocol | pretrained=True | freeze_backbone=True | trainable_scope=replacement_classifier_only | representation=preextracted_features
2026-07-24 19:26:33,655 | INFO | run_experiments | Preparing data | dataset=CIFAR10 | model=alexnet
2026-07-24 19:26:43,139 | INFO | utils.data_utils | [Features] Tensors loaded | active_train=40000 | base_train=40000 | validation=10000 | test=10000 | classes=10
2026-07-24 19:26:43,267 | INFO | run_experiments | Data ready | representation=preextracted_features | base_train=40000 | validation=10000 | test=10000 | classes=10 | image_size=0 | feature_dimension=4096
2026-07-24 19:26:44,234 | INFO | run_experiments | Skipping completed run CIFAR10_alexnet_RS_accuracy_kp5000_seed42
2026-07-24 19:27:01,408 | INFO | run_experiments | Skipping completed run CIFAR10_alexnet_RS_accuracy_kp5000_seed123
2026-07-24 19:27:17,733 | INFO | run_experiments | Skipping completed run CIFAR10_alexnet_RS_accuracy_kp5000_seed456
2026-07-24 19:27:34,277 | INFO | run_experiments | Skipping completed run CIFAR10_alexnet_RS_accuracy_kp5000_seed789
2026-07-24 19:27:50,502 | INFO | run_experiments | Skipping completed run CIFAR10_alexnet_RS_accuracy_kp5000_seed1024
2026-07-24 19:28:06,285 | INFO | run_experiments | Experiment completed successfully: prelim_features_cifar10_alexnet_RS_kp50
