2026-07-20 08:09:57,433 | INFO | run_experiments | Experiment=prelim_features_mnist_efficientnetv2_LS_kp75 | device=cuda | search_runs=5 | planned_fitness_evaluations=500
2026-07-20 08:09:57,437 | INFO | run_experiments | Training protocol | pretrained=True | freeze_backbone=True | trainable_scope=replacement_classifier_only | representation=preextracted_features
2026-07-20 08:09:57,437 | INFO | run_experiments | Preparing data | dataset=MNIST | model=efficientnetv2
2026-07-20 08:10:05,749 | INFO | utils.data_utils | [Features] Tensors loaded | active_train=48000 | base_train=48000 | validation=12000 | test=10000 | classes=10
2026-07-20 08:10:05,926 | INFO | run_experiments | Data ready | representation=preextracted_features | base_train=48000 | validation=12000 | test=10000 | classes=10 | image_size=0 | feature_dimension=1280
2026-07-20 08:10:07,547 | INFO | run_experiments | Starting run MNIST_efficientnetv2_LS_accuracy_kp7500_seed42
2026-07-20 08:10:07,548 | INFO | algorithms.local_search | Starting LS | target_metric=accuracy | keep_percentage=0.7500 | max_evaluations=100 | num_swaps=10
2026-07-20 08:11:09,046 | INFO | algorithms.local_search | [LS] New best at evaluation 2/100 | accuracy=0.971833
2026-07-20 08:12:07,195 | INFO | algorithms.local_search | [LS] New best at evaluation 4/100 | accuracy=0.972083
2026-07-20 08:12:36,308 | INFO | algorithms.local_search | [LS] New best at evaluation 5/100 | accuracy=0.973083
2026-07-20 08:18:25,158 | INFO | algorithms.local_search | [LS] New best at evaluation 17/100 | accuracy=0.973250
2026-07-20 08:19:52,533 | INFO | algorithms.local_search | [LS] New best at evaluation 20/100 | accuracy=0.973417
2026-07-20 08:58:40,464 | INFO | algorithms.local_search | [LS] Finished | evaluations=100 | best_accuracy=0.973417
2026-07-20 08:58:40,542 | INFO | run_experiments | Completed MNIST_efficientnetv2_LS_accuracy_kp7500_seed42 | evaluations=100 | best_accuracy=0.973417
2026-07-20 08:58:41,476 | INFO | run_experiments | Starting run MNIST_efficientnetv2_LS_accuracy_kp7500_seed123
2026-07-20 08:58:41,476 | INFO | algorithms.local_search | Starting LS | target_metric=accuracy | keep_percentage=0.7500 | max_evaluations=100 | num_swaps=10
2026-07-20 08:59:39,484 | INFO | algorithms.local_search | [LS] New best at evaluation 2/100 | accuracy=0.971333
2026-07-20 09:00:08,575 | INFO | algorithms.local_search | [LS] New best at evaluation 3/100 | accuracy=0.972167
2026-07-20 09:00:37,762 | INFO | algorithms.local_search | [LS] New best at evaluation 4/100 | accuracy=0.972500
2026-07-20 09:09:22,356 | INFO | algorithms.local_search | [LS] New best at evaluation 22/100 | accuracy=0.972750
2026-07-20 09:15:12,538 | INFO | algorithms.local_search | [LS] New best at evaluation 34/100 | accuracy=0.972917
2026-07-20 09:20:04,805 | INFO | algorithms.local_search | [LS] New best at evaluation 44/100 | accuracy=0.973417
2026-07-20 09:22:01,789 | INFO | algorithms.local_search | [LS] New best at evaluation 48/100 | accuracy=0.973500
2026-07-20 09:47:22,932 | INFO | algorithms.local_search | [LS] Finished | evaluations=100 | best_accuracy=0.973500
2026-07-20 09:47:23,124 | INFO | run_experiments | Completed MNIST_efficientnetv2_LS_accuracy_kp7500_seed123 | evaluations=100 | best_accuracy=0.973500
2026-07-20 09:47:24,082 | INFO | run_experiments | Starting run MNIST_efficientnetv2_LS_accuracy_kp7500_seed456
2026-07-20 09:47:24,082 | INFO | algorithms.local_search | Starting LS | target_metric=accuracy | keep_percentage=0.7500 | max_evaluations=100 | num_swaps=10
2026-07-20 09:53:44,089 | INFO | algorithms.local_search | [LS] New best at evaluation 13/100 | accuracy=0.972333
2026-07-20 09:55:41,017 | INFO | algorithms.local_search | [LS] New best at evaluation 17/100 | accuracy=0.973500
2026-07-20 10:32:45,591 | INFO | algorithms.local_search | [LS] New best at evaluation 93/100 | accuracy=0.973750
2026-07-20 10:36:11,810 | INFO | algorithms.local_search | [LS] Finished | evaluations=100 | best_accuracy=0.973750
2026-07-20 10:36:11,898 | INFO | run_experiments | Completed MNIST_efficientnetv2_LS_accuracy_kp7500_seed456 | evaluations=100 | best_accuracy=0.973750
2026-07-20 10:36:12,859 | INFO | run_experiments | Starting run MNIST_efficientnetv2_LS_accuracy_kp7500_seed789
2026-07-20 10:36:12,859 | INFO | algorithms.local_search | Starting LS | target_metric=accuracy | keep_percentage=0.7500 | max_evaluations=100 | num_swaps=10
2026-07-20 10:40:08,101 | INFO | algorithms.local_search | [LS] New best at evaluation 8/100 | accuracy=0.973083
2026-07-20 10:40:37,548 | INFO | algorithms.local_search | [LS] New best at evaluation 9/100 | accuracy=0.973417
2026-07-20 11:13:28,211 | INFO | algorithms.local_search | [LS] New best at evaluation 76/100 | accuracy=0.973833
2026-07-20 11:25:14,104 | INFO | algorithms.local_search | [LS] Finished | evaluations=100 | best_accuracy=0.973833
2026-07-20 11:25:14,182 | INFO | run_experiments | Completed MNIST_efficientnetv2_LS_accuracy_kp7500_seed789 | evaluations=100 | best_accuracy=0.973833
2026-07-20 11:25:15,114 | INFO | run_experiments | Starting run MNIST_efficientnetv2_LS_accuracy_kp7500_seed1024
2026-07-20 11:25:15,115 | INFO | algorithms.local_search | Starting LS | target_metric=accuracy | keep_percentage=0.7500 | max_evaluations=100 | num_swaps=10
2026-07-20 11:27:12,695 | INFO | algorithms.local_search | [LS] New best at evaluation 4/100 | accuracy=0.970833
2026-07-20 11:28:11,687 | INFO | algorithms.local_search | [LS] New best at evaluation 6/100 | accuracy=0.971167
2026-07-20 11:28:41,097 | INFO | algorithms.local_search | [LS] New best at evaluation 7/100 | accuracy=0.972250
2026-07-20 11:29:10,755 | INFO | algorithms.local_search | [LS] New best at evaluation 8/100 | accuracy=0.972417
2026-07-20 11:30:09,917 | INFO | algorithms.local_search | [LS] New best at evaluation 10/100 | accuracy=0.972500
2026-07-20 11:32:37,526 | INFO | algorithms.local_search | [LS] New best at evaluation 15/100 | accuracy=0.973417
2026-07-20 11:42:27,091 | INFO | algorithms.local_search | [LS] New best at evaluation 35/100 | accuracy=0.974083
2026-07-20 12:14:25,460 | INFO | algorithms.local_search | [LS] Finished | evaluations=100 | best_accuracy=0.974083
2026-07-20 12:14:25,537 | INFO | run_experiments | Completed MNIST_efficientnetv2_LS_accuracy_kp7500_seed1024 | evaluations=100 | best_accuracy=0.974083
2026-07-20 12:14:25,843 | INFO | run_experiments | Experiment completed successfully: prelim_features_mnist_efficientnetv2_LS_kp75
