2026-07-18 21:42:57,219 | INFO | run_experiments | Experiment=prelim_features_mnist_alexnet_GEN_kp90 | device=cuda | search_runs=5 | planned_fitness_evaluations=500
2026-07-18 21:42:57,222 | INFO | run_experiments | Training protocol | pretrained=True | freeze_backbone=True | trainable_scope=replacement_classifier_only | representation=preextracted_features
2026-07-18 21:42:57,222 | INFO | run_experiments | Preparing data | dataset=MNIST | model=alexnet
2026-07-18 21:42:58,022 | INFO | utils.data_utils | [Features] Tensors loaded | active_train=48000 | base_train=48000 | validation=12000 | test=10000 | classes=10
2026-07-18 21:42:58,144 | INFO | run_experiments | Data ready | representation=preextracted_features | base_train=48000 | validation=12000 | test=10000 | classes=10 | image_size=0 | feature_dimension=4096
2026-07-18 21:42:59,149 | INFO | run_experiments | Starting run MNIST_alexnet_GEN_accuracy_kp9000_seed42
2026-07-18 21:42:59,149 | INFO | algorithms.genetic | Starting GEN | target_metric=accuracy | keep_percentage=0.9000 | population_size=10 | max_evaluations=100
2026-07-18 21:52:51,429 | INFO | algorithms.genetic | [GEN] New best at evaluation 16/100 | generation=1 | accuracy=0.975833
2026-07-18 21:55:19,633 | INFO | algorithms.genetic | [GEN] New best at evaluation 20/100 | generation=2 | accuracy=0.977000
2026-07-18 22:34:10,154 | INFO | algorithms.genetic | [GEN] New best at evaluation 83/100 | generation=9 | accuracy=0.977250
2026-07-18 22:44:39,581 | INFO | algorithms.genetic | [GEN] Finished | evaluations=100 | generations=10 | best_accuracy=0.977250
2026-07-18 22:44:39,680 | INFO | run_experiments | Completed MNIST_alexnet_GEN_accuracy_kp9000_seed42 | evaluations=100 | best_accuracy=0.977250
2026-07-18 22:44:40,705 | INFO | run_experiments | Starting run MNIST_alexnet_GEN_accuracy_kp9000_seed123
2026-07-18 22:44:40,706 | INFO | algorithms.genetic | Starting GEN | target_metric=accuracy | keep_percentage=0.9000 | population_size=10 | max_evaluations=100
2026-07-18 23:08:06,849 | INFO | algorithms.genetic | [GEN] New best at evaluation 38/100 | generation=4 | accuracy=0.976083
2026-07-18 23:46:30,547 | INFO | algorithms.genetic | [GEN] Finished | evaluations=100 | generations=10 | best_accuracy=0.976083
2026-07-18 23:46:30,644 | INFO | run_experiments | Completed MNIST_alexnet_GEN_accuracy_kp9000_seed123 | evaluations=100 | best_accuracy=0.976083
2026-07-18 23:46:31,659 | INFO | run_experiments | Starting run MNIST_alexnet_GEN_accuracy_kp9000_seed456
2026-07-18 23:46:31,659 | INFO | algorithms.genetic | Starting GEN | target_metric=accuracy | keep_percentage=0.9000 | population_size=10 | max_evaluations=100
2026-07-18 23:54:33,289 | INFO | algorithms.genetic | [GEN] New best at evaluation 13/100 | generation=1 | accuracy=0.975333
2026-07-19 00:04:27,095 | INFO | algorithms.genetic | [GEN] New best at evaluation 29/100 | generation=3 | accuracy=0.975417
2026-07-19 00:12:29,558 | INFO | algorithms.genetic | [GEN] New best at evaluation 42/100 | generation=4 | accuracy=0.975500
2026-07-19 00:13:06,702 | INFO | algorithms.genetic | [GEN] New best at evaluation 43/100 | generation=4 | accuracy=0.976333
2026-07-19 00:48:26,157 | INFO | algorithms.genetic | [GEN] Finished | evaluations=100 | generations=10 | best_accuracy=0.976333
2026-07-19 00:48:26,388 | INFO | run_experiments | Completed MNIST_alexnet_GEN_accuracy_kp9000_seed456 | evaluations=100 | best_accuracy=0.976333
2026-07-19 00:48:27,538 | INFO | run_experiments | Starting run MNIST_alexnet_GEN_accuracy_kp9000_seed789
2026-07-19 00:48:27,538 | INFO | algorithms.genetic | Starting GEN | target_metric=accuracy | keep_percentage=0.9000 | population_size=10 | max_evaluations=100
2026-07-19 00:55:54,657 | INFO | algorithms.genetic | [GEN] New best at evaluation 12/100 | generation=1 | accuracy=0.976500
2026-07-19 01:50:32,258 | INFO | algorithms.genetic | [GEN] Finished | evaluations=100 | generations=10 | best_accuracy=0.976500
2026-07-19 01:50:32,361 | INFO | run_experiments | Completed MNIST_alexnet_GEN_accuracy_kp9000_seed789 | evaluations=100 | best_accuracy=0.976500
2026-07-19 01:50:33,390 | INFO | run_experiments | Starting run MNIST_alexnet_GEN_accuracy_kp9000_seed1024
2026-07-19 01:50:33,391 | INFO | algorithms.genetic | Starting GEN | target_metric=accuracy | keep_percentage=0.9000 | population_size=10 | max_evaluations=100
2026-07-19 01:57:22,517 | INFO | algorithms.genetic | [GEN] New best at evaluation 11/100 | generation=1 | accuracy=0.974500
2026-07-19 01:59:13,604 | INFO | algorithms.genetic | [GEN] New best at evaluation 14/100 | generation=1 | accuracy=0.975417
2026-07-19 02:07:53,130 | INFO | algorithms.genetic | [GEN] New best at evaluation 28/100 | generation=2 | accuracy=0.975667
2026-07-19 02:34:31,520 | INFO | algorithms.genetic | [GEN] New best at evaluation 71/100 | generation=7 | accuracy=0.975750
2026-07-19 02:35:08,677 | INFO | algorithms.genetic | [GEN] New best at evaluation 72/100 | generation=7 | accuracy=0.976083
2026-07-19 02:37:37,742 | INFO | algorithms.genetic | [GEN] New best at evaluation 76/100 | generation=8 | accuracy=0.976833
2026-07-19 02:41:57,716 | INFO | algorithms.genetic | [GEN] New best at evaluation 83/100 | generation=9 | accuracy=0.977083
2026-07-19 02:52:29,735 | INFO | algorithms.genetic | [GEN] Finished | evaluations=100 | generations=10 | best_accuracy=0.977083
2026-07-19 02:52:29,834 | INFO | run_experiments | Completed MNIST_alexnet_GEN_accuracy_kp9000_seed1024 | evaluations=100 | best_accuracy=0.977083
2026-07-19 02:52:30,190 | INFO | run_experiments | Experiment completed successfully: prelim_features_mnist_alexnet_GEN_kp90
