2026-08-20 12:48:39,102 | INFO | run_experiments | Experiment=main_b1000_tinyimagenet_alexnet_RS_kp75_seed123 | device=cuda | search_runs=1 | planned_fitness_evaluations=1000
2026-08-20 12:48:39,104 | INFO | run_experiments | Training protocol | pretrained=True | freeze_backbone=True | trainable_scope=replacement_classifier_only | representation=preextracted_features
2026-08-20 12:48:39,104 | INFO | run_experiments | Preparing data | dataset=TINYIMAGENET | model=alexnet
2026-08-20 12:48:40,434 | INFO | utils.data_utils | [Features] Tensors loaded | active_train=80000 | base_train=80000 | validation=20000 | test=10000 | classes=200
2026-08-20 12:48:40,594 | INFO | run_experiments | Data ready | representation=preextracted_features | base_train=80000 | validation=20000 | test=10000 | classes=200 | image_size=0 | feature_dimension=4096
2026-08-20 12:48:41,414 | INFO | run_experiments | Starting run TINYIMAGENET_alexnet_RS_accuracy_kp7500_seed123
2026-08-20 12:48:41,415 | INFO | algorithms.random_search | Starting RS | target_metric=accuracy | keep_percentage=0.7500 | max_evaluations=1000
2026-08-20 12:49:31,011 | INFO | algorithms.random_search | [RS] New best at evaluation 1/1000 | accuracy=0.446950
2026-08-20 12:50:19,760 | INFO | algorithms.random_search | [RS] New best at evaluation 2/1000 | accuracy=0.451000
2026-08-20 12:54:21,471 | INFO | algorithms.random_search | [RS] New best at evaluation 7/1000 | accuracy=0.452450
2026-08-20 12:55:09,730 | INFO | algorithms.random_search | [RS] New best at evaluation 8/1000 | accuracy=0.456550
2026-08-20 12:56:46,365 | INFO | algorithms.random_search | [RS] New best at evaluation 10/1000 | accuracy=0.456650
2026-08-20 13:00:47,672 | INFO | algorithms.random_search | [RS] New best at evaluation 15/1000 | accuracy=0.457100
2026-08-20 13:25:54,905 | INFO | algorithms.random_search | [RS] New best at evaluation 46/1000 | accuracy=0.457150
2026-08-20 13:37:09,102 | INFO | algorithms.random_search | [RS] New best at evaluation 63/1000 | accuracy=0.457200
2026-08-20 13:39:47,047 | INFO | algorithms.random_search | [RS] New best at evaluation 67/1000 | accuracy=0.458300
2026-08-20 13:46:59,680 | INFO | algorithms.random_search | [RS] New best at evaluation 78/1000 | accuracy=0.461500
2026-08-20 14:10:39,244 | INFO | algorithms.random_search | [RS] New best at evaluation 114/1000 | accuracy=0.463100
2026-08-20 21:59:21,491 | INFO | algorithms.random_search | [RS] New best at evaluation 763/1000 | accuracy=0.464650
2026-08-21 00:40:09,647 | INFO | algorithms.random_search | [RS] Finished | evaluations=1000 | best_accuracy=0.464650
2026-08-21 00:40:09,820 | INFO | run_experiments | Completed TINYIMAGENET_alexnet_RS_accuracy_kp7500_seed123 | evaluations=1000 | best_accuracy=0.464650
2026-08-21 00:40:51,756 | INFO | run_experiments | Experiment completed successfully: main_b1000_tinyimagenet_alexnet_RS_kp75_seed123
