2026-07-24 00:19:36,594 | INFO | run_experiments | Experiment=prelim_features_cifar10_alexnet_GEN_kp50 | device=cuda | search_runs=5 | planned_fitness_evaluations=500
2026-07-24 00:19:36,597 | INFO | run_experiments | Training protocol | pretrained=True | freeze_backbone=True | trainable_scope=replacement_classifier_only | representation=preextracted_features
2026-07-24 00:19:36,598 | INFO | run_experiments | Preparing data | dataset=CIFAR10 | model=alexnet
2026-07-24 00:19:47,110 | INFO | utils.data_utils | [Features] Tensors loaded | active_train=40000 | base_train=40000 | validation=10000 | test=10000 | classes=10
2026-07-24 00:19:47,251 | INFO | run_experiments | Data ready | representation=preextracted_features | base_train=40000 | validation=10000 | test=10000 | classes=10 | image_size=0 | feature_dimension=4096
2026-07-24 00:19:48,218 | INFO | run_experiments | Starting run CIFAR10_alexnet_GEN_accuracy_kp5000_seed42
2026-07-24 00:19:48,218 | INFO | algorithms.genetic | Starting GEN | target_metric=accuracy | keep_percentage=0.5000 | population_size=10 | max_evaluations=100
2026-07-24 00:30:09,021 | INFO | algorithms.genetic | [GEN] New best at evaluation 43/100 | generation=4 | accuracy=0.813600
2026-07-24 00:43:46,628 | INFO | algorithms.genetic | [GEN] Finished | evaluations=100 | generations=10 | best_accuracy=0.813600
2026-07-24 00:43:46,739 | INFO | run_experiments | Completed CIFAR10_alexnet_GEN_accuracy_kp5000_seed42 | evaluations=100 | best_accuracy=0.813600
2026-07-24 00:43:47,673 | INFO | run_experiments | Starting run CIFAR10_alexnet_GEN_accuracy_kp5000_seed123
2026-07-24 00:43:47,673 | INFO | algorithms.genetic | Starting GEN | target_metric=accuracy | keep_percentage=0.5000 | population_size=10 | max_evaluations=100
2026-07-24 00:47:35,689 | INFO | algorithms.genetic | [GEN] New best at evaluation 16/100 | generation=1 | accuracy=0.815200
2026-07-24 01:05:46,987 | INFO | algorithms.genetic | [GEN] New best at evaluation 92/100 | generation=10 | accuracy=0.815900
2026-07-24 01:07:41,188 | INFO | algorithms.genetic | [GEN] Finished | evaluations=100 | generations=10 | best_accuracy=0.815900
2026-07-24 01:07:41,317 | INFO | run_experiments | Completed CIFAR10_alexnet_GEN_accuracy_kp5000_seed123 | evaluations=100 | best_accuracy=0.815900
2026-07-24 01:07:42,271 | INFO | run_experiments | Starting run CIFAR10_alexnet_GEN_accuracy_kp5000_seed456
2026-07-24 01:07:42,271 | INFO | algorithms.genetic | Starting GEN | target_metric=accuracy | keep_percentage=0.5000 | population_size=10 | max_evaluations=100
2026-07-24 01:13:40,258 | INFO | algorithms.genetic | [GEN] New best at evaluation 25/100 | generation=2 | accuracy=0.815400
2026-07-24 01:15:49,187 | INFO | algorithms.genetic | [GEN] New best at evaluation 34/100 | generation=3 | accuracy=0.818600
2026-07-24 01:31:40,255 | INFO | algorithms.genetic | [GEN] Finished | evaluations=100 | generations=10 | best_accuracy=0.818600
2026-07-24 01:31:40,384 | INFO | run_experiments | Completed CIFAR10_alexnet_GEN_accuracy_kp5000_seed456 | evaluations=100 | best_accuracy=0.818600
2026-07-24 01:31:41,299 | INFO | run_experiments | Starting run CIFAR10_alexnet_GEN_accuracy_kp5000_seed789
2026-07-24 01:31:41,299 | INFO | algorithms.genetic | Starting GEN | target_metric=accuracy | keep_percentage=0.5000 | population_size=10 | max_evaluations=100
2026-07-24 01:34:34,477 | INFO | algorithms.genetic | [GEN] New best at evaluation 12/100 | generation=1 | accuracy=0.809500
2026-07-24 01:37:13,490 | INFO | algorithms.genetic | [GEN] New best at evaluation 23/100 | generation=2 | accuracy=0.810000
2026-07-24 01:37:42,443 | INFO | algorithms.genetic | [GEN] New best at evaluation 25/100 | generation=2 | accuracy=0.813600
2026-07-24 01:55:47,404 | INFO | algorithms.genetic | [GEN] Finished | evaluations=100 | generations=10 | best_accuracy=0.813600
2026-07-24 01:55:47,521 | INFO | run_experiments | Completed CIFAR10_alexnet_GEN_accuracy_kp5000_seed789 | evaluations=100 | best_accuracy=0.813600
2026-07-24 01:55:48,452 | INFO | run_experiments | Starting run CIFAR10_alexnet_GEN_accuracy_kp5000_seed1024
2026-07-24 01:55:48,452 | INFO | algorithms.genetic | Starting GEN | target_metric=accuracy | keep_percentage=0.5000 | population_size=10 | max_evaluations=100
2026-07-24 01:58:27,925 | INFO | algorithms.genetic | [GEN] New best at evaluation 11/100 | generation=1 | accuracy=0.808700
2026-07-24 02:00:40,013 | INFO | algorithms.genetic | [GEN] New best at evaluation 20/100 | generation=2 | accuracy=0.810600
2026-07-24 02:03:50,091 | INFO | algorithms.genetic | [GEN] New best at evaluation 33/100 | generation=3 | accuracy=0.812700
2026-07-24 02:06:57,538 | INFO | algorithms.genetic | [GEN] New best at evaluation 46/100 | generation=4 | accuracy=0.813300
2026-07-24 02:10:33,856 | INFO | algorithms.genetic | [GEN] New best at evaluation 61/100 | generation=6 | accuracy=0.814900
2026-07-24 02:16:20,396 | INFO | algorithms.genetic | [GEN] New best at evaluation 85/100 | generation=9 | accuracy=0.815600
2026-07-24 02:19:56,637 | INFO | algorithms.genetic | [GEN] Finished | evaluations=100 | generations=10 | best_accuracy=0.815600
2026-07-24 02:19:56,699 | INFO | run_experiments | Completed CIFAR10_alexnet_GEN_accuracy_kp5000_seed1024 | evaluations=100 | best_accuracy=0.815600
2026-07-24 02:19:57,038 | INFO | run_experiments | Experiment completed successfully: prelim_features_cifar10_alexnet_GEN_kp50
2026-07-24 18:57:17,057 | INFO | run_experiments | Experiment=prelim_features_cifar10_alexnet_GEN_kp50 | device=cuda | search_runs=5 | planned_fitness_evaluations=500
2026-07-24 18:57:17,065 | INFO | run_experiments | Training protocol | pretrained=True | freeze_backbone=True | trainable_scope=replacement_classifier_only | representation=preextracted_features
2026-07-24 18:57:17,065 | INFO | run_experiments | Preparing data | dataset=CIFAR10 | model=alexnet
2026-07-24 18:57:26,499 | INFO | utils.data_utils | [Features] Tensors loaded | active_train=40000 | base_train=40000 | validation=10000 | test=10000 | classes=10
2026-07-24 18:57:26,639 | INFO | run_experiments | Data ready | representation=preextracted_features | base_train=40000 | validation=10000 | test=10000 | classes=10 | image_size=0 | feature_dimension=4096
2026-07-24 18:57:27,884 | INFO | run_experiments | Skipping completed run CIFAR10_alexnet_GEN_accuracy_kp5000_seed42
2026-07-24 18:57:45,066 | INFO | run_experiments | Skipping completed run CIFAR10_alexnet_GEN_accuracy_kp5000_seed123
2026-07-24 18:58:01,376 | INFO | run_experiments | Skipping completed run CIFAR10_alexnet_GEN_accuracy_kp5000_seed456
2026-07-24 18:58:17,821 | INFO | run_experiments | Skipping completed run CIFAR10_alexnet_GEN_accuracy_kp5000_seed789
2026-07-24 18:58:34,009 | INFO | run_experiments | Skipping completed run CIFAR10_alexnet_GEN_accuracy_kp5000_seed1024
2026-07-24 18:58:49,494 | INFO | run_experiments | Experiment completed successfully: prelim_features_cifar10_alexnet_GEN_kp50
