2026-07-19 21:35:44,430 | INFO | run_experiments | Experiment=prelim_features_mnist_resnext_MEM_kp50 | device=cuda | search_runs=5 | planned_fitness_evaluations=500
2026-07-19 21:35:44,438 | INFO | run_experiments | Training protocol | pretrained=True | freeze_backbone=True | trainable_scope=replacement_classifier_only | representation=preextracted_features
2026-07-19 21:35:44,438 | INFO | run_experiments | Preparing data | dataset=MNIST | model=resnext
2026-07-19 21:35:56,071 | INFO | utils.data_utils | [Features] Tensors loaded | active_train=48000 | base_train=48000 | validation=12000 | test=10000 | classes=10
2026-07-19 21:35:56,247 | INFO | run_experiments | Data ready | representation=preextracted_features | base_train=48000 | validation=12000 | test=10000 | classes=10 | image_size=0 | feature_dimension=2048
2026-07-19 21:35:57,560 | INFO | run_experiments | Starting run MNIST_resnext_MEM_accuracy_kp5000_seed42
2026-07-19 21:35:57,560 | INFO | algorithms.memetic | Starting MEM | target_metric=accuracy | keep_percentage=0.5000 | population_size=10 | max_evaluations=100
2026-07-19 21:41:45,228 | INFO | algorithms.memetic | [MEM] New best during Local Search at evaluation 16/100 | generation=1 | accuracy=0.973000
2026-07-19 22:11:54,967 | INFO | algorithms.memetic | [MEM] Finished | evaluations=100 | generations=4 | best_accuracy=0.973000
2026-07-19 22:11:55,033 | INFO | run_experiments | Completed MNIST_resnext_MEM_accuracy_kp5000_seed42 | evaluations=100 | best_accuracy=0.973000
2026-07-19 22:11:56,011 | INFO | run_experiments | Starting run MNIST_resnext_MEM_accuracy_kp5000_seed123
2026-07-19 22:11:56,011 | INFO | algorithms.memetic | Starting MEM | target_metric=accuracy | keep_percentage=0.5000 | population_size=10 | max_evaluations=100
2026-07-19 22:23:25,218 | INFO | algorithms.memetic | [MEM] New best during Local Search at evaluation 32/100 | generation=2 | accuracy=0.972083
2026-07-19 22:47:55,661 | INFO | algorithms.memetic | [MEM] Finished | evaluations=100 | generations=4 | best_accuracy=0.972167
2026-07-19 22:47:55,734 | INFO | run_experiments | Completed MNIST_resnext_MEM_accuracy_kp5000_seed123 | evaluations=100 | best_accuracy=0.972167
2026-07-19 22:47:56,593 | INFO | run_experiments | Starting run MNIST_resnext_MEM_accuracy_kp5000_seed456
2026-07-19 22:47:56,593 | INFO | algorithms.memetic | Starting MEM | target_metric=accuracy | keep_percentage=0.5000 | population_size=10 | max_evaluations=100
2026-07-19 22:53:42,064 | INFO | algorithms.memetic | [MEM] New best during Local Search at evaluation 16/100 | generation=1 | accuracy=0.972583
2026-07-19 23:23:55,297 | INFO | algorithms.memetic | [MEM] Finished | evaluations=100 | generations=6 | best_accuracy=0.973833
2026-07-19 23:23:55,366 | INFO | run_experiments | Completed MNIST_resnext_MEM_accuracy_kp5000_seed456 | evaluations=100 | best_accuracy=0.973833
2026-07-19 23:23:56,218 | INFO | run_experiments | Starting run MNIST_resnext_MEM_accuracy_kp5000_seed789
2026-07-19 23:23:56,218 | INFO | algorithms.memetic | Starting MEM | target_metric=accuracy | keep_percentage=0.5000 | population_size=10 | max_evaluations=100
2026-07-19 23:30:26,425 | INFO | algorithms.memetic | [MEM] New best during Local Search at evaluation 18/100 | generation=1 | accuracy=0.971667
2026-07-19 23:58:52,497 | INFO | algorithms.memetic | [MEM] New best during Local Search at evaluation 97/100 | generation=4 | accuracy=0.972667
2026-07-19 23:59:57,288 | INFO | algorithms.memetic | [MEM] Finished | evaluations=100 | generations=4 | best_accuracy=0.972667
2026-07-19 23:59:57,358 | INFO | run_experiments | Completed MNIST_resnext_MEM_accuracy_kp5000_seed789 | evaluations=100 | best_accuracy=0.972667
2026-07-19 23:59:58,212 | INFO | run_experiments | Starting run MNIST_resnext_MEM_accuracy_kp5000_seed1024
2026-07-19 23:59:58,213 | INFO | algorithms.memetic | Starting MEM | target_metric=accuracy | keep_percentage=0.5000 | population_size=10 | max_evaluations=100
2026-07-20 00:16:51,384 | INFO | algorithms.memetic | [MEM] New best during Local Search at evaluation 47/100 | generation=1 | accuracy=0.972250
2026-07-20 00:35:58,117 | INFO | algorithms.memetic | [MEM] Finished | evaluations=100 | generations=3 | best_accuracy=0.972250
2026-07-20 00:35:58,203 | INFO | run_experiments | Completed MNIST_resnext_MEM_accuracy_kp5000_seed1024 | evaluations=100 | best_accuracy=0.972250
2026-07-20 00:35:58,552 | INFO | run_experiments | Experiment completed successfully: prelim_features_mnist_resnext_MEM_kp50
