2026-07-20 17:28:36,767 | INFO | run_experiments | Experiment=prelim_features_mnist_efficientnetv2_MEM_kp90 | device=cuda | search_runs=5 | planned_fitness_evaluations=500
2026-07-20 17:28:36,771 | INFO | run_experiments | Training protocol | pretrained=True | freeze_backbone=True | trainable_scope=replacement_classifier_only | representation=preextracted_features
2026-07-20 17:28:36,771 | INFO | run_experiments | Preparing data | dataset=MNIST | model=efficientnetv2
2026-07-20 17:28:40,103 | INFO | utils.data_utils | [Features] Tensors loaded | active_train=48000 | base_train=48000 | validation=12000 | test=10000 | classes=10
2026-07-20 17:28:40,232 | INFO | run_experiments | Data ready | representation=preextracted_features | base_train=48000 | validation=12000 | test=10000 | classes=10 | image_size=0 | feature_dimension=1280
2026-07-20 17:28:41,127 | INFO | run_experiments | Starting run MNIST_efficientnetv2_MEM_accuracy_kp9000_seed42
2026-07-20 17:28:41,127 | INFO | algorithms.memetic | Starting MEM | target_metric=accuracy | keep_percentage=0.9000 | population_size=10 | max_evaluations=100
2026-07-20 17:41:21,349 | INFO | algorithms.memetic | [MEM] New best during Local Search at evaluation 22/100 | generation=1 | accuracy=0.974417
2026-07-20 17:47:09,075 | INFO | algorithms.memetic | [MEM] New best during Local Search at evaluation 32/100 | generation=2 | accuracy=0.974750
2026-07-20 17:51:46,176 | INFO | algorithms.memetic | [MEM] New best during Local Search at evaluation 40/100 | generation=2 | accuracy=0.975750
2026-07-20 18:26:25,112 | INFO | algorithms.memetic | [MEM] Finished | evaluations=100 | generations=3 | best_accuracy=0.975750
2026-07-20 18:26:25,213 | INFO | run_experiments | Completed MNIST_efficientnetv2_MEM_accuracy_kp9000_seed42 | evaluations=100 | best_accuracy=0.975750
2026-07-20 18:26:26,142 | INFO | run_experiments | Starting run MNIST_efficientnetv2_MEM_accuracy_kp9000_seed123
2026-07-20 18:26:26,142 | INFO | algorithms.memetic | Starting MEM | target_metric=accuracy | keep_percentage=0.9000 | population_size=10 | max_evaluations=100
2026-07-20 18:38:39,420 | INFO | algorithms.memetic | [MEM] New best during Local Search at evaluation 21/100 | generation=1 | accuracy=0.974583
2026-07-20 18:55:52,831 | INFO | algorithms.memetic | [MEM] New best during Local Search at evaluation 50/100 | generation=1 | accuracy=0.974917
2026-07-20 18:57:02,418 | INFO | algorithms.memetic | [MEM] New best during Local Search at evaluation 52/100 | generation=1 | accuracy=0.975000
2026-07-20 19:25:22,489 | INFO | algorithms.memetic | [MEM] Finished | evaluations=100 | generations=2 | best_accuracy=0.975000
2026-07-20 19:25:22,592 | INFO | run_experiments | Completed MNIST_efficientnetv2_MEM_accuracy_kp9000_seed123 | evaluations=100 | best_accuracy=0.975000
2026-07-20 19:25:23,534 | INFO | run_experiments | Starting run MNIST_efficientnetv2_MEM_accuracy_kp9000_seed456
2026-07-20 19:25:23,535 | INFO | algorithms.memetic | Starting MEM | target_metric=accuracy | keep_percentage=0.9000 | population_size=10 | max_evaluations=100
2026-07-20 20:23:47,487 | INFO | algorithms.memetic | [MEM] Finished | evaluations=100 | generations=3 | best_accuracy=0.975250
2026-07-20 20:23:47,591 | INFO | run_experiments | Completed MNIST_efficientnetv2_MEM_accuracy_kp9000_seed456 | evaluations=100 | best_accuracy=0.975250
2026-07-20 20:23:48,515 | INFO | run_experiments | Starting run MNIST_efficientnetv2_MEM_accuracy_kp9000_seed789
2026-07-20 20:23:48,515 | INFO | algorithms.memetic | Starting MEM | target_metric=accuracy | keep_percentage=0.9000 | population_size=10 | max_evaluations=100
2026-07-20 20:31:59,462 | INFO | algorithms.memetic | [MEM] New best during Local Search at evaluation 14/100 | generation=1 | accuracy=0.974083
2026-07-20 20:33:09,807 | INFO | algorithms.memetic | [MEM] New best during Local Search at evaluation 16/100 | generation=1 | accuracy=0.974250
2026-07-20 20:40:47,105 | INFO | algorithms.memetic | [MEM] New best during Local Search at evaluation 29/100 | generation=1 | accuracy=0.974583
2026-07-20 20:43:07,367 | INFO | algorithms.memetic | [MEM] New best during Local Search at evaluation 33/100 | generation=1 | accuracy=0.974667
2026-07-20 20:44:17,462 | INFO | algorithms.memetic | [MEM] New best during Local Search at evaluation 35/100 | generation=1 | accuracy=0.974750
2026-07-20 20:51:20,272 | INFO | algorithms.memetic | [MEM] New best during Local Search at evaluation 47/100 | generation=1 | accuracy=0.974833
2026-07-20 20:51:55,436 | INFO | algorithms.memetic | [MEM] New best during Local Search at evaluation 48/100 | generation=1 | accuracy=0.975583
2026-07-20 21:22:00,012 | INFO | algorithms.memetic | [MEM] Finished | evaluations=100 | generations=3 | best_accuracy=0.975583
2026-07-20 21:22:00,107 | INFO | run_experiments | Completed MNIST_efficientnetv2_MEM_accuracy_kp9000_seed789 | evaluations=100 | best_accuracy=0.975583
2026-07-20 21:22:01,371 | INFO | run_experiments | Starting run MNIST_efficientnetv2_MEM_accuracy_kp9000_seed1024
2026-07-20 21:22:01,372 | INFO | algorithms.memetic | Starting MEM | target_metric=accuracy | keep_percentage=0.9000 | population_size=10 | max_evaluations=100
2026-07-20 22:19:59,722 | INFO | algorithms.memetic | [MEM] Finished | evaluations=100 | generations=3 | best_accuracy=0.975583
2026-07-20 22:19:59,823 | INFO | run_experiments | Completed MNIST_efficientnetv2_MEM_accuracy_kp9000_seed1024 | evaluations=100 | best_accuracy=0.975583
2026-07-20 22:20:00,128 | INFO | run_experiments | Experiment completed successfully: prelim_features_mnist_efficientnetv2_MEM_kp90
