2026-08-20 00:00:53,275 | INFO | run_experiments | Experiment=main_b1000_tinyimagenet_alexnet_GEN_kp75_seed123 | device=cuda | search_runs=1 | planned_fitness_evaluations=1000
2026-08-20 00:00:53,277 | INFO | run_experiments | Training protocol | pretrained=True | freeze_backbone=True | trainable_scope=replacement_classifier_only | representation=preextracted_features
2026-08-20 00:00:53,277 | INFO | run_experiments | Preparing data | dataset=TINYIMAGENET | model=alexnet
2026-08-20 00:01:21,129 | INFO | utils.data_utils | [Features] Tensors loaded | active_train=80000 | base_train=80000 | validation=20000 | test=10000 | classes=200
2026-08-20 00:01:21,300 | INFO | run_experiments | Data ready | representation=preextracted_features | base_train=80000 | validation=20000 | test=10000 | classes=200 | image_size=0 | feature_dimension=4096
2026-08-20 00:01:22,509 | INFO | run_experiments | Starting run TINYIMAGENET_alexnet_GEN_accuracy_kp7500_seed123
2026-08-20 00:01:22,509 | INFO | algorithms.genetic | Starting GEN | target_metric=accuracy | keep_percentage=0.7500 | population_size=10 | max_evaluations=1000
2026-08-20 00:09:45,967 | INFO | algorithms.genetic | [GEN] New best at evaluation 12/1000 | generation=1 | accuracy=0.457050
2026-08-20 00:14:37,934 | INFO | algorithms.genetic | [GEN] New best at evaluation 19/1000 | generation=1 | accuracy=0.457150
2026-08-20 00:47:36,722 | INFO | algorithms.genetic | [GEN] New best at evaluation 66/1000 | generation=7 | accuracy=0.462100
2026-08-20 05:33:26,079 | INFO | algorithms.genetic | [GEN] New best at evaluation 467/1000 | generation=51 | accuracy=0.462550
2026-08-20 08:00:21,727 | INFO | algorithms.genetic | [GEN] New best at evaluation 670/1000 | generation=74 | accuracy=0.464500
2026-08-20 08:09:46,894 | INFO | algorithms.genetic | [GEN] New best at evaluation 683/1000 | generation=75 | accuracy=0.465350
2026-08-20 08:18:27,483 | INFO | algorithms.genetic | [GEN] New best at evaluation 695/1000 | generation=77 | accuracy=0.465550
2026-08-20 08:19:10,955 | INFO | algorithms.genetic | [GEN] New best at evaluation 696/1000 | generation=77 | accuracy=0.465950
2026-08-20 08:20:37,379 | INFO | algorithms.genetic | [GEN] New best at evaluation 698/1000 | generation=77 | accuracy=0.466050
2026-08-20 08:27:08,144 | INFO | algorithms.genetic | [GEN] New best at evaluation 707/1000 | generation=78 | accuracy=0.467550
2026-08-20 12:00:16,635 | INFO | algorithms.genetic | [GEN] Finished | evaluations=1000 | generations=110 | best_accuracy=0.467550
2026-08-20 12:00:16,995 | INFO | run_experiments | Completed TINYIMAGENET_alexnet_GEN_accuracy_kp7500_seed123 | evaluations=1000 | best_accuracy=0.467550
2026-08-20 12:01:00,994 | INFO | run_experiments | Experiment completed successfully: main_b1000_tinyimagenet_alexnet_GEN_kp75_seed123
