2026-07-23 23:32:38,804 | INFO | run_experiments | Experiment=prelim_features_cifar10_alexnet_GEN_kp25 | device=cuda | search_runs=5 | planned_fitness_evaluations=500
2026-07-23 23:32:38,807 | INFO | run_experiments | Training protocol | pretrained=True | freeze_backbone=True | trainable_scope=replacement_classifier_only | representation=preextracted_features
2026-07-23 23:32:38,807 | INFO | run_experiments | Preparing data | dataset=CIFAR10 | model=alexnet
2026-07-23 23:32:50,375 | INFO | utils.data_utils | [Features] Tensors loaded | active_train=40000 | base_train=40000 | validation=10000 | test=10000 | classes=10
2026-07-23 23:32:50,518 | INFO | run_experiments | Data ready | representation=preextracted_features | base_train=40000 | validation=10000 | test=10000 | classes=10 | image_size=0 | feature_dimension=4096
2026-07-23 23:32:51,588 | INFO | run_experiments | Starting run CIFAR10_alexnet_GEN_accuracy_kp2500_seed42
2026-07-23 23:32:51,589 | INFO | algorithms.genetic | Starting GEN | target_metric=accuracy | keep_percentage=0.2500 | population_size=10 | max_evaluations=100
2026-07-23 23:35:33,738 | INFO | algorithms.genetic | [GEN] New best at evaluation 14/100 | generation=1 | accuracy=0.803300
2026-07-23 23:51:57,498 | INFO | algorithms.genetic | [GEN] Finished | evaluations=100 | generations=10 | best_accuracy=0.803300
2026-07-23 23:51:57,577 | INFO | run_experiments | Completed CIFAR10_alexnet_GEN_accuracy_kp2500_seed42 | evaluations=100 | best_accuracy=0.803300
2026-07-23 23:51:58,595 | INFO | run_experiments | Starting run CIFAR10_alexnet_GEN_accuracy_kp2500_seed123
2026-07-23 23:51:58,596 | INFO | algorithms.genetic | Starting GEN | target_metric=accuracy | keep_percentage=0.2500 | population_size=10 | max_evaluations=100
2026-07-23 23:58:59,580 | INFO | algorithms.genetic | [GEN] New best at evaluation 37/100 | generation=3 | accuracy=0.804000
2026-07-24 00:10:57,856 | INFO | algorithms.genetic | [GEN] Finished | evaluations=100 | generations=10 | best_accuracy=0.804000
2026-07-24 00:10:58,025 | INFO | run_experiments | Completed CIFAR10_alexnet_GEN_accuracy_kp2500_seed123 | evaluations=100 | best_accuracy=0.804000
2026-07-24 00:10:58,991 | INFO | run_experiments | Starting run CIFAR10_alexnet_GEN_accuracy_kp2500_seed456
2026-07-24 00:10:58,992 | INFO | algorithms.genetic | Starting GEN | target_metric=accuracy | keep_percentage=0.2500 | population_size=10 | max_evaluations=100
2026-07-24 00:13:05,505 | INFO | algorithms.genetic | [GEN] New best at evaluation 11/100 | generation=1 | accuracy=0.797800
2026-07-24 00:13:28,428 | INFO | algorithms.genetic | [GEN] New best at evaluation 13/100 | generation=1 | accuracy=0.800600
2026-07-24 00:20:43,657 | INFO | algorithms.genetic | [GEN] New best at evaluation 59/100 | generation=6 | accuracy=0.804400
2026-07-24 00:26:32,527 | INFO | algorithms.genetic | [GEN] New best at evaluation 97/100 | generation=10 | accuracy=0.804600
2026-07-24 00:27:00,492 | INFO | algorithms.genetic | [GEN] Finished | evaluations=100 | generations=10 | best_accuracy=0.804600
2026-07-24 00:27:00,569 | INFO | run_experiments | Completed CIFAR10_alexnet_GEN_accuracy_kp2500_seed456 | evaluations=100 | best_accuracy=0.804600
2026-07-24 00:27:01,565 | INFO | run_experiments | Starting run CIFAR10_alexnet_GEN_accuracy_kp2500_seed789
2026-07-24 00:27:01,565 | INFO | algorithms.genetic | Starting GEN | target_metric=accuracy | keep_percentage=0.2500 | population_size=10 | max_evaluations=100
2026-07-24 00:28:51,289 | INFO | algorithms.genetic | [GEN] New best at evaluation 12/100 | generation=1 | accuracy=0.800100
2026-07-24 00:30:05,149 | INFO | algorithms.genetic | [GEN] New best at evaluation 20/100 | generation=2 | accuracy=0.801700
2026-07-24 00:32:29,791 | INFO | algorithms.genetic | [GEN] New best at evaluation 36/100 | generation=3 | accuracy=0.805300
2026-07-24 00:39:34,188 | INFO | algorithms.genetic | [GEN] New best at evaluation 83/100 | generation=9 | accuracy=0.806100
2026-07-24 00:42:07,691 | INFO | algorithms.genetic | [GEN] Finished | evaluations=100 | generations=10 | best_accuracy=0.806100
2026-07-24 00:42:07,736 | INFO | run_experiments | Completed CIFAR10_alexnet_GEN_accuracy_kp2500_seed789 | evaluations=100 | best_accuracy=0.806100
2026-07-24 00:42:08,704 | INFO | run_experiments | Starting run CIFAR10_alexnet_GEN_accuracy_kp2500_seed1024
2026-07-24 00:42:08,705 | INFO | algorithms.genetic | Starting GEN | target_metric=accuracy | keep_percentage=0.2500 | population_size=10 | max_evaluations=100
2026-07-24 00:48:09,202 | INFO | algorithms.genetic | [GEN] New best at evaluation 32/100 | generation=3 | accuracy=0.799100
2026-07-24 00:54:32,198 | INFO | algorithms.genetic | [GEN] New best at evaluation 66/100 | generation=7 | accuracy=0.799700
2026-07-24 00:58:06,125 | INFO | algorithms.genetic | [GEN] New best at evaluation 85/100 | generation=9 | accuracy=0.804400
2026-07-24 01:00:55,090 | INFO | algorithms.genetic | [GEN] Finished | evaluations=100 | generations=10 | best_accuracy=0.804400
2026-07-24 01:00:55,209 | INFO | run_experiments | Completed CIFAR10_alexnet_GEN_accuracy_kp2500_seed1024 | evaluations=100 | best_accuracy=0.804400
2026-07-24 01:00:55,662 | INFO | run_experiments | Experiment completed successfully: prelim_features_cifar10_alexnet_GEN_kp25
2026-07-24 18:55:47,414 | INFO | run_experiments | Experiment=prelim_features_cifar10_alexnet_GEN_kp25 | device=cuda | search_runs=5 | planned_fitness_evaluations=500
2026-07-24 18:55:47,423 | INFO | run_experiments | Training protocol | pretrained=True | freeze_backbone=True | trainable_scope=replacement_classifier_only | representation=preextracted_features
2026-07-24 18:55:47,423 | INFO | run_experiments | Preparing data | dataset=CIFAR10 | model=alexnet
2026-07-24 18:55:56,853 | INFO | utils.data_utils | [Features] Tensors loaded | active_train=40000 | base_train=40000 | validation=10000 | test=10000 | classes=10
2026-07-24 18:55:56,967 | INFO | run_experiments | Data ready | representation=preextracted_features | base_train=40000 | validation=10000 | test=10000 | classes=10 | image_size=0 | feature_dimension=4096
2026-07-24 18:55:58,200 | INFO | run_experiments | Skipping completed run CIFAR10_alexnet_GEN_accuracy_kp2500_seed42
2026-07-24 18:56:09,513 | INFO | run_experiments | Skipping completed run CIFAR10_alexnet_GEN_accuracy_kp2500_seed123
2026-07-24 18:56:20,270 | INFO | run_experiments | Skipping completed run CIFAR10_alexnet_GEN_accuracy_kp2500_seed456
2026-07-24 18:56:31,098 | INFO | run_experiments | Skipping completed run CIFAR10_alexnet_GEN_accuracy_kp2500_seed789
2026-07-24 18:56:41,784 | INFO | run_experiments | Skipping completed run CIFAR10_alexnet_GEN_accuracy_kp2500_seed1024
2026-07-24 18:56:51,753 | INFO | run_experiments | Experiment completed successfully: prelim_features_cifar10_alexnet_GEN_kp25
