2026-07-24 02:20:33,225 | INFO | run_experiments | Experiment=prelim_features_tinyimagenet_alexnet_GEN_kp10 | device=cuda | search_runs=5 | planned_fitness_evaluations=500
2026-07-24 02:20:33,228 | INFO | run_experiments | Training protocol | pretrained=True | freeze_backbone=True | trainable_scope=replacement_classifier_only | representation=preextracted_features
2026-07-24 02:20:33,228 | INFO | run_experiments | Preparing data | dataset=TINYIMAGENET | model=alexnet
2026-07-24 02:20:52,388 | INFO | utils.data_utils | [Features] Tensors loaded | active_train=80000 | base_train=80000 | validation=20000 | test=10000 | classes=200
2026-07-24 02:20:52,527 | INFO | run_experiments | Data ready | representation=preextracted_features | base_train=80000 | validation=20000 | test=10000 | classes=200 | image_size=0 | feature_dimension=4096
2026-07-24 02:20:53,586 | INFO | run_experiments | Starting run TINYIMAGENET_alexnet_GEN_accuracy_kp1000_seed42
2026-07-24 02:20:53,587 | INFO | algorithms.genetic | Starting GEN | target_metric=accuracy | keep_percentage=0.1000 | population_size=10 | max_evaluations=100
2026-07-24 02:22:54,108 | INFO | algorithms.genetic | [GEN] New best at evaluation 11/100 | generation=1 | accuracy=0.415450
2026-07-24 02:23:05,004 | INFO | algorithms.genetic | [GEN] New best at evaluation 12/100 | generation=1 | accuracy=0.417300
2026-07-24 02:25:04,232 | INFO | algorithms.genetic | [GEN] New best at evaluation 23/100 | generation=2 | accuracy=0.417450
2026-07-24 02:25:36,630 | INFO | algorithms.genetic | [GEN] New best at evaluation 26/100 | generation=2 | accuracy=0.417900
2026-07-24 02:25:58,328 | INFO | algorithms.genetic | [GEN] New best at evaluation 28/100 | generation=2 | accuracy=0.417950
2026-07-24 02:26:09,191 | INFO | algorithms.genetic | [GEN] New best at evaluation 29/100 | generation=3 | accuracy=0.418250
2026-07-24 02:27:03,374 | INFO | algorithms.genetic | [GEN] New best at evaluation 34/100 | generation=3 | accuracy=0.420150
2026-07-24 02:28:19,330 | INFO | algorithms.genetic | [GEN] New best at evaluation 41/100 | generation=4 | accuracy=0.422200
2026-07-24 02:35:54,608 | INFO | algorithms.genetic | [GEN] New best at evaluation 83/100 | generation=9 | accuracy=0.422950
2026-07-24 02:38:59,119 | INFO | algorithms.genetic | [GEN] Finished | evaluations=100 | generations=10 | best_accuracy=0.422950
2026-07-24 02:38:59,181 | INFO | run_experiments | Completed TINYIMAGENET_alexnet_GEN_accuracy_kp1000_seed42 | evaluations=100 | best_accuracy=0.422950
2026-07-24 02:39:00,079 | INFO | run_experiments | Starting run TINYIMAGENET_alexnet_GEN_accuracy_kp1000_seed123
2026-07-24 02:39:00,080 | INFO | algorithms.genetic | Starting GEN | target_metric=accuracy | keep_percentage=0.1000 | population_size=10 | max_evaluations=100
2026-07-24 02:41:43,022 | INFO | algorithms.genetic | [GEN] New best at evaluation 15/100 | generation=1 | accuracy=0.418750
2026-07-24 02:43:53,399 | INFO | algorithms.genetic | [GEN] New best at evaluation 27/100 | generation=2 | accuracy=0.420500
2026-07-24 02:44:47,785 | INFO | algorithms.genetic | [GEN] New best at evaluation 32/100 | generation=3 | accuracy=0.420600
2026-07-24 02:48:24,910 | INFO | algorithms.genetic | [GEN] New best at evaluation 52/100 | generation=5 | accuracy=0.421650
2026-07-24 02:50:56,682 | INFO | algorithms.genetic | [GEN] New best at evaluation 66/100 | generation=7 | accuracy=0.422500
2026-07-24 02:57:05,961 | INFO | algorithms.genetic | [GEN] Finished | evaluations=100 | generations=10 | best_accuracy=0.422500
2026-07-24 02:57:06,006 | INFO | run_experiments | Completed TINYIMAGENET_alexnet_GEN_accuracy_kp1000_seed123 | evaluations=100 | best_accuracy=0.422500
2026-07-24 02:57:06,955 | INFO | run_experiments | Starting run TINYIMAGENET_alexnet_GEN_accuracy_kp1000_seed456
2026-07-24 02:57:06,955 | INFO | algorithms.genetic | Starting GEN | target_metric=accuracy | keep_percentage=0.1000 | population_size=10 | max_evaluations=100
2026-07-24 03:03:38,534 | INFO | algorithms.genetic | [GEN] New best at evaluation 36/100 | generation=3 | accuracy=0.419800
2026-07-24 03:11:28,400 | INFO | algorithms.genetic | [GEN] New best at evaluation 79/100 | generation=8 | accuracy=0.420900
2026-07-24 03:14:12,602 | INFO | algorithms.genetic | [GEN] New best at evaluation 94/100 | generation=10 | accuracy=0.422200
2026-07-24 03:15:18,217 | INFO | algorithms.genetic | [GEN] Finished | evaluations=100 | generations=10 | best_accuracy=0.422200
2026-07-24 03:15:18,346 | INFO | run_experiments | Completed TINYIMAGENET_alexnet_GEN_accuracy_kp1000_seed456 | evaluations=100 | best_accuracy=0.422200
2026-07-24 03:15:19,279 | INFO | run_experiments | Starting run TINYIMAGENET_alexnet_GEN_accuracy_kp1000_seed789
2026-07-24 03:15:19,279 | INFO | algorithms.genetic | Starting GEN | target_metric=accuracy | keep_percentage=0.1000 | population_size=10 | max_evaluations=100
2026-07-24 03:19:19,923 | INFO | algorithms.genetic | [GEN] New best at evaluation 22/100 | generation=2 | accuracy=0.417750
2026-07-24 03:19:30,879 | INFO | algorithms.genetic | [GEN] New best at evaluation 23/100 | generation=2 | accuracy=0.418200
2026-07-24 03:23:10,917 | INFO | algorithms.genetic | [GEN] New best at evaluation 43/100 | generation=4 | accuracy=0.419950
2026-07-24 03:23:55,396 | INFO | algorithms.genetic | [GEN] New best at evaluation 47/100 | generation=5 | accuracy=0.420850
2026-07-24 03:30:06,736 | INFO | algorithms.genetic | [GEN] New best at evaluation 81/100 | generation=8 | accuracy=0.420900
2026-07-24 03:31:23,334 | INFO | algorithms.genetic | [GEN] New best at evaluation 88/100 | generation=9 | accuracy=0.425350
2026-07-24 03:33:34,666 | INFO | algorithms.genetic | [GEN] Finished | evaluations=100 | generations=10 | best_accuracy=0.425350
2026-07-24 03:33:34,741 | INFO | run_experiments | Completed TINYIMAGENET_alexnet_GEN_accuracy_kp1000_seed789 | evaluations=100 | best_accuracy=0.425350
2026-07-24 03:33:35,657 | INFO | run_experiments | Starting run TINYIMAGENET_alexnet_GEN_accuracy_kp1000_seed1024
2026-07-24 03:33:35,657 | INFO | algorithms.genetic | Starting GEN | target_metric=accuracy | keep_percentage=0.1000 | population_size=10 | max_evaluations=100
2026-07-24 03:35:35,931 | INFO | algorithms.genetic | [GEN] New best at evaluation 11/100 | generation=1 | accuracy=0.421050
2026-07-24 03:40:31,701 | INFO | algorithms.genetic | [GEN] New best at evaluation 38/100 | generation=4 | accuracy=0.421500
2026-07-24 03:42:42,914 | INFO | algorithms.genetic | [GEN] New best at evaluation 50/100 | generation=5 | accuracy=0.422800
2026-07-24 03:51:49,816 | INFO | algorithms.genetic | [GEN] Finished | evaluations=100 | generations=10 | best_accuracy=0.422800
2026-07-24 03:51:49,920 | INFO | run_experiments | Completed TINYIMAGENET_alexnet_GEN_accuracy_kp1000_seed1024 | evaluations=100 | best_accuracy=0.422800
2026-07-24 03:51:50,451 | INFO | run_experiments | Experiment completed successfully: prelim_features_tinyimagenet_alexnet_GEN_kp10
2026-07-24 19:04:21,716 | INFO | run_experiments | Experiment=prelim_features_tinyimagenet_alexnet_GEN_kp10 | device=cuda | search_runs=5 | planned_fitness_evaluations=500
2026-07-24 19:04:21,723 | INFO | run_experiments | Training protocol | pretrained=True | freeze_backbone=True | trainable_scope=replacement_classifier_only | representation=preextracted_features
2026-07-24 19:04:21,723 | INFO | run_experiments | Preparing data | dataset=TINYIMAGENET | model=alexnet
2026-07-24 19:04:23,184 | INFO | utils.data_utils | [Features] Tensors loaded | active_train=80000 | base_train=80000 | validation=20000 | test=10000 | classes=200
2026-07-24 19:04:23,317 | INFO | run_experiments | Data ready | representation=preextracted_features | base_train=80000 | validation=20000 | test=10000 | classes=200 | image_size=0 | feature_dimension=4096
2026-07-24 19:04:24,710 | INFO | run_experiments | Skipping completed run TINYIMAGENET_alexnet_GEN_accuracy_kp1000_seed42
2026-07-24 19:05:30,068 | INFO | run_experiments | Skipping completed run TINYIMAGENET_alexnet_GEN_accuracy_kp1000_seed123
2026-07-24 19:06:33,533 | INFO | run_experiments | Skipping completed run TINYIMAGENET_alexnet_GEN_accuracy_kp1000_seed456
2026-07-24 19:07:36,671 | INFO | run_experiments | Skipping completed run TINYIMAGENET_alexnet_GEN_accuracy_kp1000_seed789
2026-07-24 19:08:39,596 | INFO | run_experiments | Skipping completed run TINYIMAGENET_alexnet_GEN_accuracy_kp1000_seed1024
2026-07-24 19:09:42,374 | INFO | run_experiments | Experiment completed successfully: prelim_features_tinyimagenet_alexnet_GEN_kp10
