2026-07-24 01:02:10,905 | INFO | run_experiments | Experiment=prelim_features_cifar10_alexnet_GEN_kp90 | device=cuda | search_runs=5 | planned_fitness_evaluations=500
2026-07-24 01:02:10,911 | INFO | run_experiments | Training protocol | pretrained=True | freeze_backbone=True | trainable_scope=replacement_classifier_only | representation=preextracted_features
2026-07-24 01:02:10,911 | INFO | run_experiments | Preparing data | dataset=CIFAR10 | model=alexnet
2026-07-24 01:02:11,755 | INFO | utils.data_utils | [Features] Tensors loaded | active_train=40000 | base_train=40000 | validation=10000 | test=10000 | classes=10
2026-07-24 01:02:11,902 | INFO | run_experiments | Data ready | representation=preextracted_features | base_train=40000 | validation=10000 | test=10000 | classes=10 | image_size=0 | feature_dimension=4096
2026-07-24 01:02:12,814 | INFO | run_experiments | Starting run CIFAR10_alexnet_GEN_accuracy_kp9000_seed42
2026-07-24 01:02:12,815 | INFO | algorithms.genetic | Starting GEN | target_metric=accuracy | keep_percentage=0.9000 | population_size=10 | max_evaluations=100
2026-07-24 01:08:38,150 | INFO | algorithms.genetic | [GEN] New best at evaluation 13/100 | generation=1 | accuracy=0.816700
2026-07-24 01:09:37,138 | INFO | algorithms.genetic | [GEN] New best at evaluation 15/100 | generation=1 | accuracy=0.819000
2026-07-24 01:10:36,215 | INFO | algorithms.genetic | [GEN] New best at evaluation 17/100 | generation=1 | accuracy=0.823200
2026-07-24 01:49:39,308 | INFO | algorithms.genetic | [GEN] New best at evaluation 96/100 | generation=10 | accuracy=0.823700
2026-07-24 01:51:38,411 | INFO | algorithms.genetic | [GEN] Finished | evaluations=100 | generations=10 | best_accuracy=0.823700
2026-07-24 01:51:38,493 | INFO | run_experiments | Completed CIFAR10_alexnet_GEN_accuracy_kp9000_seed42 | evaluations=100 | best_accuracy=0.823700
2026-07-24 01:51:39,444 | INFO | run_experiments | Starting run CIFAR10_alexnet_GEN_accuracy_kp9000_seed123
2026-07-24 01:51:39,444 | INFO | algorithms.genetic | Starting GEN | target_metric=accuracy | keep_percentage=0.9000 | population_size=10 | max_evaluations=100
2026-07-24 02:15:02,734 | INFO | algorithms.genetic | [GEN] New best at evaluation 47/100 | generation=5 | accuracy=0.820900
2026-07-24 02:31:00,535 | INFO | algorithms.genetic | [GEN] New best at evaluation 79/100 | generation=8 | accuracy=0.823700
2026-07-24 02:41:29,581 | INFO | algorithms.genetic | [GEN] Finished | evaluations=100 | generations=10 | best_accuracy=0.823700
2026-07-24 02:41:29,662 | INFO | run_experiments | Completed CIFAR10_alexnet_GEN_accuracy_kp9000_seed123 | evaluations=100 | best_accuracy=0.823700
2026-07-24 02:41:30,627 | INFO | run_experiments | Starting run CIFAR10_alexnet_GEN_accuracy_kp9000_seed456
2026-07-24 02:41:30,628 | INFO | algorithms.genetic | Starting GEN | target_metric=accuracy | keep_percentage=0.9000 | population_size=10 | max_evaluations=100
2026-07-24 03:03:29,894 | INFO | algorithms.genetic | [GEN] New best at evaluation 44/100 | generation=4 | accuracy=0.821200
2026-07-24 03:31:32,773 | INFO | algorithms.genetic | [GEN] Finished | evaluations=100 | generations=10 | best_accuracy=0.821200
2026-07-24 03:31:33,037 | INFO | run_experiments | Completed CIFAR10_alexnet_GEN_accuracy_kp9000_seed456 | evaluations=100 | best_accuracy=0.821200
2026-07-24 03:31:33,978 | INFO | run_experiments | Starting run CIFAR10_alexnet_GEN_accuracy_kp9000_seed789
2026-07-24 03:31:33,978 | INFO | algorithms.genetic | Starting GEN | target_metric=accuracy | keep_percentage=0.9000 | population_size=10 | max_evaluations=100
2026-07-24 04:21:38,694 | INFO | algorithms.genetic | [GEN] Finished | evaluations=100 | generations=10 | best_accuracy=0.822200
2026-07-24 04:21:38,779 | INFO | run_experiments | Completed CIFAR10_alexnet_GEN_accuracy_kp9000_seed789 | evaluations=100 | best_accuracy=0.822200
2026-07-24 04:21:39,749 | INFO | run_experiments | Starting run CIFAR10_alexnet_GEN_accuracy_kp9000_seed1024
2026-07-24 04:21:39,749 | INFO | algorithms.genetic | Starting GEN | target_metric=accuracy | keep_percentage=0.9000 | population_size=10 | max_evaluations=100
2026-07-24 04:27:10,400 | INFO | algorithms.genetic | [GEN] New best at evaluation 11/100 | generation=1 | accuracy=0.818900
2026-07-24 04:41:44,630 | INFO | algorithms.genetic | [GEN] New best at evaluation 40/100 | generation=4 | accuracy=0.820200
2026-07-24 05:05:56,640 | INFO | algorithms.genetic | [GEN] New best at evaluation 88/100 | generation=9 | accuracy=0.820500
2026-07-24 05:12:00,210 | INFO | algorithms.genetic | [GEN] Finished | evaluations=100 | generations=10 | best_accuracy=0.820500
2026-07-24 05:12:00,357 | INFO | run_experiments | Completed CIFAR10_alexnet_GEN_accuracy_kp9000_seed1024 | evaluations=100 | best_accuracy=0.820500
2026-07-24 05:12:00,944 | INFO | run_experiments | Experiment completed successfully: prelim_features_cifar10_alexnet_GEN_kp90
2026-07-24 19:01:32,127 | INFO | run_experiments | Experiment=prelim_features_cifar10_alexnet_GEN_kp90 | device=cuda | search_runs=5 | planned_fitness_evaluations=500
2026-07-24 19:01:32,130 | INFO | run_experiments | Training protocol | pretrained=True | freeze_backbone=True | trainable_scope=replacement_classifier_only | representation=preextracted_features
2026-07-24 19:01:32,130 | INFO | run_experiments | Preparing data | dataset=CIFAR10 | model=alexnet
2026-07-24 19:01:41,583 | INFO | utils.data_utils | [Features] Tensors loaded | active_train=40000 | base_train=40000 | validation=10000 | test=10000 | classes=10
2026-07-24 19:01:41,723 | INFO | run_experiments | Data ready | representation=preextracted_features | base_train=40000 | validation=10000 | test=10000 | classes=10 | image_size=0 | feature_dimension=4096
2026-07-24 19:01:43,201 | INFO | run_experiments | Skipping completed run CIFAR10_alexnet_GEN_accuracy_kp9000_seed42
2026-07-24 19:02:09,682 | INFO | run_experiments | Skipping completed run CIFAR10_alexnet_GEN_accuracy_kp9000_seed123
2026-07-24 19:02:35,130 | INFO | run_experiments | Skipping completed run CIFAR10_alexnet_GEN_accuracy_kp9000_seed456
2026-07-24 19:03:00,444 | INFO | run_experiments | Skipping completed run CIFAR10_alexnet_GEN_accuracy_kp9000_seed789
2026-07-24 19:03:25,958 | INFO | run_experiments | Skipping completed run CIFAR10_alexnet_GEN_accuracy_kp9000_seed1024
2026-07-24 19:03:50,686 | INFO | run_experiments | Experiment completed successfully: prelim_features_cifar10_alexnet_GEN_kp90
