2026-07-21 07:08:45,436 | INFO | run_experiments | Experiment=prelim_features_mnist_swintransformer_MEM_kp50 | device=cuda | search_runs=5 | planned_fitness_evaluations=500
2026-07-21 07:08:45,443 | INFO | run_experiments | Training protocol | pretrained=True | freeze_backbone=True | trainable_scope=replacement_classifier_only | representation=preextracted_features
2026-07-21 07:08:45,443 | INFO | run_experiments | Preparing data | dataset=MNIST | model=swintransformer
2026-07-21 07:08:49,925 | INFO | utils.data_utils | [Features] Tensors loaded | active_train=48000 | base_train=48000 | validation=12000 | test=10000 | classes=10
2026-07-21 07:08:50,107 | INFO | run_experiments | Data ready | representation=preextracted_features | base_train=48000 | validation=12000 | test=10000 | classes=10 | image_size=0 | feature_dimension=768
2026-07-21 07:08:51,929 | INFO | run_experiments | Starting run MNIST_swintransformer_MEM_accuracy_kp5000_seed42
2026-07-21 07:08:51,929 | INFO | algorithms.memetic | Starting MEM | target_metric=accuracy | keep_percentage=0.5000 | population_size=10 | max_evaluations=100
2026-07-21 07:14:28,395 | INFO | algorithms.memetic | [MEM] New best during Local Search at evaluation 19/100 | generation=1 | accuracy=0.968417
2026-07-21 07:17:27,346 | INFO | algorithms.memetic | [MEM] New best during Local Search at evaluation 30/100 | generation=1 | accuracy=0.968667
2026-07-21 07:18:18,404 | INFO | algorithms.memetic | [MEM] New best during Local Search at evaluation 33/100 | generation=1 | accuracy=0.968750
2026-07-21 07:36:50,425 | INFO | algorithms.memetic | [MEM] Finished | evaluations=100 | generations=4 | best_accuracy=0.969917
2026-07-21 07:36:50,514 | INFO | run_experiments | Completed MNIST_swintransformer_MEM_accuracy_kp5000_seed42 | evaluations=100 | best_accuracy=0.969917
2026-07-21 07:36:51,667 | INFO | run_experiments | Starting run MNIST_swintransformer_MEM_accuracy_kp5000_seed123
2026-07-21 07:36:51,667 | INFO | algorithms.memetic | Starting MEM | target_metric=accuracy | keep_percentage=0.5000 | population_size=10 | max_evaluations=100
2026-07-21 08:03:35,055 | INFO | algorithms.memetic | [MEM] Finished | evaluations=100 | generations=4 | best_accuracy=0.969750
2026-07-21 08:03:35,132 | INFO | run_experiments | Completed MNIST_swintransformer_MEM_accuracy_kp5000_seed123 | evaluations=100 | best_accuracy=0.969750
2026-07-21 08:03:36,249 | INFO | run_experiments | Starting run MNIST_swintransformer_MEM_accuracy_kp5000_seed456
2026-07-21 08:03:36,249 | INFO | algorithms.memetic | Starting MEM | target_metric=accuracy | keep_percentage=0.5000 | population_size=10 | max_evaluations=100
2026-07-21 08:29:50,560 | INFO | algorithms.memetic | [MEM] Finished | evaluations=100 | generations=5 | best_accuracy=0.969333
2026-07-21 08:29:50,635 | INFO | run_experiments | Completed MNIST_swintransformer_MEM_accuracy_kp5000_seed456 | evaluations=100 | best_accuracy=0.969333
2026-07-21 08:29:51,747 | INFO | run_experiments | Starting run MNIST_swintransformer_MEM_accuracy_kp5000_seed789
2026-07-21 08:29:51,748 | INFO | algorithms.memetic | Starting MEM | target_metric=accuracy | keep_percentage=0.5000 | population_size=10 | max_evaluations=100
2026-07-21 08:34:36,028 | INFO | algorithms.memetic | [MEM] New best during Local Search at evaluation 17/100 | generation=1 | accuracy=0.968333
2026-07-21 08:34:54,524 | INFO | algorithms.memetic | [MEM] New best during Local Search at evaluation 18/100 | generation=1 | accuracy=0.968583
2026-07-21 08:43:54,570 | INFO | algorithms.memetic | [MEM] New best during Local Search at evaluation 49/100 | generation=2 | accuracy=0.968667
2026-07-21 08:57:45,278 | INFO | algorithms.memetic | [MEM] Finished | evaluations=100 | generations=5 | best_accuracy=0.969417
2026-07-21 08:57:45,344 | INFO | run_experiments | Completed MNIST_swintransformer_MEM_accuracy_kp5000_seed789 | evaluations=100 | best_accuracy=0.969417
2026-07-21 08:57:46,462 | INFO | run_experiments | Starting run MNIST_swintransformer_MEM_accuracy_kp5000_seed1024
2026-07-21 08:57:46,462 | INFO | algorithms.memetic | Starting MEM | target_metric=accuracy | keep_percentage=0.5000 | population_size=10 | max_evaluations=100
2026-07-21 09:03:29,852 | INFO | algorithms.memetic | [MEM] New best during Local Search at evaluation 21/100 | generation=1 | accuracy=0.969000
2026-07-21 09:24:55,058 | INFO | algorithms.memetic | [MEM] Finished | evaluations=100 | generations=3 | best_accuracy=0.969000
2026-07-21 09:24:55,125 | INFO | run_experiments | Completed MNIST_swintransformer_MEM_accuracy_kp5000_seed1024 | evaluations=100 | best_accuracy=0.969000
2026-07-21 09:24:55,420 | INFO | run_experiments | Experiment completed successfully: prelim_features_mnist_swintransformer_MEM_kp50
