2026-07-18 13:52:34,522 | INFO | run_experiments | Experiment=prelim_features_mnist_alexnet_RS_kp90 | device=cuda | search_runs=5 | planned_fitness_evaluations=500
2026-07-18 13:52:34,524 | INFO | run_experiments | Training protocol | pretrained=True | freeze_backbone=True | trainable_scope=replacement_classifier_only | representation=preextracted_features
2026-07-18 13:52:34,524 | INFO | run_experiments | Preparing data | dataset=MNIST | model=alexnet
2026-07-18 13:52:35,363 | INFO | utils.data_utils | [Features] Tensors loaded | active_train=48000 | base_train=48000 | validation=12000 | test=10000 | classes=10
2026-07-18 13:52:35,486 | INFO | run_experiments | Data ready | representation=preextracted_features | base_train=48000 | validation=12000 | test=10000 | classes=10 | image_size=0 | feature_dimension=4096
2026-07-18 13:52:36,533 | INFO | run_experiments | Starting run MNIST_alexnet_RS_accuracy_kp9000_seed42
2026-07-18 13:52:36,534 | INFO | algorithms.random_search | Starting RS | target_metric=accuracy | keep_percentage=0.9000 | max_evaluations=100
2026-07-18 13:53:14,460 | INFO | algorithms.random_search | [RS] New best at evaluation 1/100 | accuracy=0.973833
2026-07-18 13:53:51,363 | INFO | algorithms.random_search | [RS] New best at evaluation 2/100 | accuracy=0.974833
2026-07-18 13:56:54,548 | INFO | algorithms.random_search | [RS] New best at evaluation 7/100 | accuracy=0.975000
2026-07-18 14:01:10,773 | INFO | algorithms.random_search | [RS] New best at evaluation 14/100 | accuracy=0.975667
2026-07-18 14:04:13,952 | INFO | algorithms.random_search | [RS] New best at evaluation 19/100 | accuracy=0.977333
2026-07-18 14:53:47,019 | INFO | algorithms.random_search | [RS] Finished | evaluations=100 | best_accuracy=0.977333
2026-07-18 14:53:47,106 | INFO | run_experiments | Completed MNIST_alexnet_RS_accuracy_kp9000_seed42 | evaluations=100 | best_accuracy=0.977333
2026-07-18 14:53:48,162 | INFO | run_experiments | Starting run MNIST_alexnet_RS_accuracy_kp9000_seed123
2026-07-18 14:53:48,162 | INFO | algorithms.random_search | Starting RS | target_metric=accuracy | keep_percentage=0.9000 | max_evaluations=100
2026-07-18 14:54:24,791 | INFO | algorithms.random_search | [RS] New best at evaluation 1/100 | accuracy=0.976000
2026-07-18 15:10:56,564 | INFO | algorithms.random_search | [RS] New best at evaluation 28/100 | accuracy=0.976250
2026-07-18 15:54:13,705 | INFO | algorithms.random_search | [RS] New best at evaluation 99/100 | accuracy=0.976917
2026-07-18 15:54:50,213 | INFO | algorithms.random_search | [RS] Finished | evaluations=100 | best_accuracy=0.976917
2026-07-18 15:54:50,304 | INFO | run_experiments | Completed MNIST_alexnet_RS_accuracy_kp9000_seed123 | evaluations=100 | best_accuracy=0.976917
2026-07-18 15:54:51,320 | INFO | run_experiments | Starting run MNIST_alexnet_RS_accuracy_kp9000_seed456
2026-07-18 15:54:51,320 | INFO | algorithms.random_search | Starting RS | target_metric=accuracy | keep_percentage=0.9000 | max_evaluations=100
2026-07-18 15:55:27,926 | INFO | algorithms.random_search | [RS] New best at evaluation 1/100 | accuracy=0.971583
2026-07-18 15:56:04,423 | INFO | algorithms.random_search | [RS] New best at evaluation 2/100 | accuracy=0.975083
2026-07-18 16:03:59,494 | INFO | algorithms.random_search | [RS] New best at evaluation 15/100 | accuracy=0.976667
2026-07-18 16:14:21,115 | INFO | algorithms.random_search | [RS] New best at evaluation 32/100 | accuracy=0.977000
2026-07-18 16:55:52,946 | INFO | algorithms.random_search | [RS] Finished | evaluations=100 | best_accuracy=0.977000
2026-07-18 16:55:53,033 | INFO | run_experiments | Completed MNIST_alexnet_RS_accuracy_kp9000_seed456 | evaluations=100 | best_accuracy=0.977000
2026-07-18 16:55:54,178 | INFO | run_experiments | Starting run MNIST_alexnet_RS_accuracy_kp9000_seed789
2026-07-18 16:55:54,179 | INFO | algorithms.random_search | Starting RS | target_metric=accuracy | keep_percentage=0.9000 | max_evaluations=100
2026-07-18 16:56:30,800 | INFO | algorithms.random_search | [RS] New best at evaluation 1/100 | accuracy=0.972500
2026-07-18 16:57:07,415 | INFO | algorithms.random_search | [RS] New best at evaluation 2/100 | accuracy=0.974250
2026-07-18 16:59:34,250 | INFO | algorithms.random_search | [RS] New best at evaluation 6/100 | accuracy=0.974583
2026-07-18 17:02:37,551 | INFO | algorithms.random_search | [RS] New best at evaluation 11/100 | accuracy=0.976167
2026-07-18 17:16:40,472 | INFO | algorithms.random_search | [RS] New best at evaluation 34/100 | accuracy=0.976667
2026-07-18 17:53:55,103 | INFO | algorithms.random_search | [RS] New best at evaluation 95/100 | accuracy=0.976917
2026-07-18 17:56:58,979 | INFO | algorithms.random_search | [RS] Finished | evaluations=100 | best_accuracy=0.976917
2026-07-18 17:56:59,070 | INFO | run_experiments | Completed MNIST_alexnet_RS_accuracy_kp9000_seed789 | evaluations=100 | best_accuracy=0.976917
2026-07-18 17:57:00,094 | INFO | run_experiments | Starting run MNIST_alexnet_RS_accuracy_kp9000_seed1024
2026-07-18 17:57:00,094 | INFO | algorithms.random_search | Starting RS | target_metric=accuracy | keep_percentage=0.9000 | max_evaluations=100
2026-07-18 17:57:36,914 | INFO | algorithms.random_search | [RS] New best at evaluation 1/100 | accuracy=0.972833
2026-07-18 17:58:13,633 | INFO | algorithms.random_search | [RS] New best at evaluation 2/100 | accuracy=0.974000
2026-07-18 18:03:07,487 | INFO | algorithms.random_search | [RS] New best at evaluation 10/100 | accuracy=0.974250
2026-07-18 18:03:44,279 | INFO | algorithms.random_search | [RS] New best at evaluation 11/100 | accuracy=0.975667
2026-07-18 18:08:00,830 | INFO | algorithms.random_search | [RS] New best at evaluation 18/100 | accuracy=0.975750
2026-07-18 18:10:27,772 | INFO | algorithms.random_search | [RS] New best at evaluation 22/100 | accuracy=0.976583
2026-07-18 18:16:34,893 | INFO | algorithms.random_search | [RS] New best at evaluation 32/100 | accuracy=0.976833
2026-07-18 18:42:55,802 | INFO | algorithms.random_search | [RS] New best at evaluation 75/100 | accuracy=0.977167
2026-07-18 18:58:16,226 | INFO | algorithms.random_search | [RS] Finished | evaluations=100 | best_accuracy=0.977167
2026-07-18 18:58:16,316 | INFO | run_experiments | Completed MNIST_alexnet_RS_accuracy_kp9000_seed1024 | evaluations=100 | best_accuracy=0.977167
2026-07-18 18:58:16,681 | INFO | run_experiments | Experiment completed successfully: prelim_features_mnist_alexnet_RS_kp90
