2026-07-19 14:32:44,948 | INFO | run_experiments | Experiment=prelim_features_mnist_resnext_GEN_kp10 | device=cuda | search_runs=5 | planned_fitness_evaluations=500
2026-07-19 14:32:44,951 | INFO | run_experiments | Training protocol | pretrained=True | freeze_backbone=True | trainable_scope=replacement_classifier_only | representation=preextracted_features
2026-07-19 14:32:44,951 | INFO | run_experiments | Preparing data | dataset=MNIST | model=resnext
2026-07-19 14:32:45,439 | INFO | utils.data_utils | [Features] Tensors loaded | active_train=48000 | base_train=48000 | validation=12000 | test=10000 | classes=10
2026-07-19 14:32:45,570 | INFO | run_experiments | Data ready | representation=preextracted_features | base_train=48000 | validation=12000 | test=10000 | classes=10 | image_size=0 | feature_dimension=2048
2026-07-19 14:32:46,439 | INFO | run_experiments | Starting run MNIST_resnext_GEN_accuracy_kp1000_seed42
2026-07-19 14:32:46,439 | INFO | algorithms.genetic | Starting GEN | target_metric=accuracy | keep_percentage=0.1000 | population_size=10 | max_evaluations=100
2026-07-19 14:35:17,255 | INFO | algorithms.genetic | [GEN] New best at evaluation 18/100 | generation=1 | accuracy=0.950750
2026-07-19 14:38:11,850 | INFO | algorithms.genetic | [GEN] New best at evaluation 39/100 | generation=4 | accuracy=0.952750
2026-07-19 14:41:39,223 | INFO | algorithms.genetic | [GEN] New best at evaluation 64/100 | generation=6 | accuracy=0.952917
2026-07-19 14:46:37,070 | INFO | algorithms.genetic | [GEN] Finished | evaluations=100 | generations=10 | best_accuracy=0.952917
2026-07-19 14:46:37,108 | INFO | run_experiments | Completed MNIST_resnext_GEN_accuracy_kp1000_seed42 | evaluations=100 | best_accuracy=0.952917
2026-07-19 14:46:37,952 | INFO | run_experiments | Starting run MNIST_resnext_GEN_accuracy_kp1000_seed123
2026-07-19 14:46:37,952 | INFO | algorithms.genetic | Starting GEN | target_metric=accuracy | keep_percentage=0.1000 | population_size=10 | max_evaluations=100
2026-07-19 14:50:03,786 | INFO | algorithms.genetic | [GEN] New best at evaluation 25/100 | generation=2 | accuracy=0.953750
2026-07-19 14:50:52,940 | INFO | algorithms.genetic | [GEN] New best at evaluation 31/100 | generation=3 | accuracy=0.954750
2026-07-19 14:53:04,561 | INFO | algorithms.genetic | [GEN] New best at evaluation 47/100 | generation=5 | accuracy=0.955167
2026-07-19 15:00:20,711 | INFO | algorithms.genetic | [GEN] Finished | evaluations=100 | generations=10 | best_accuracy=0.955167
2026-07-19 15:00:20,747 | INFO | run_experiments | Completed MNIST_resnext_GEN_accuracy_kp1000_seed123 | evaluations=100 | best_accuracy=0.955167
2026-07-19 15:00:21,596 | INFO | run_experiments | Starting run MNIST_resnext_GEN_accuracy_kp1000_seed456
2026-07-19 15:00:21,596 | INFO | algorithms.genetic | Starting GEN | target_metric=accuracy | keep_percentage=0.1000 | population_size=10 | max_evaluations=100
2026-07-19 15:02:33,256 | INFO | algorithms.genetic | [GEN] New best at evaluation 16/100 | generation=1 | accuracy=0.951917
2026-07-19 15:04:20,162 | INFO | algorithms.genetic | [GEN] New best at evaluation 29/100 | generation=3 | accuracy=0.953000
2026-07-19 15:05:42,644 | INFO | algorithms.genetic | [GEN] New best at evaluation 39/100 | generation=4 | accuracy=0.953583
2026-07-19 15:06:57,019 | INFO | algorithms.genetic | [GEN] New best at evaluation 48/100 | generation=5 | accuracy=0.954083
2026-07-19 15:11:04,242 | INFO | algorithms.genetic | [GEN] New best at evaluation 78/100 | generation=8 | accuracy=0.954250
2026-07-19 15:12:26,582 | INFO | algorithms.genetic | [GEN] New best at evaluation 88/100 | generation=9 | accuracy=0.954833
2026-07-19 15:13:32,075 | INFO | algorithms.genetic | [GEN] New best at evaluation 96/100 | generation=10 | accuracy=0.955083
2026-07-19 15:14:04,968 | INFO | algorithms.genetic | [GEN] Finished | evaluations=100 | generations=10 | best_accuracy=0.955083
2026-07-19 15:14:05,005 | INFO | run_experiments | Completed MNIST_resnext_GEN_accuracy_kp1000_seed456 | evaluations=100 | best_accuracy=0.955083
2026-07-19 15:14:05,847 | INFO | run_experiments | Starting run MNIST_resnext_GEN_accuracy_kp1000_seed789
2026-07-19 15:14:05,847 | INFO | algorithms.genetic | Starting GEN | target_metric=accuracy | keep_percentage=0.1000 | population_size=10 | max_evaluations=100
2026-07-19 15:17:23,153 | INFO | algorithms.genetic | [GEN] New best at evaluation 24/100 | generation=2 | accuracy=0.951917
2026-07-19 15:19:26,787 | INFO | algorithms.genetic | [GEN] New best at evaluation 39/100 | generation=4 | accuracy=0.952417
2026-07-19 15:20:32,860 | INFO | algorithms.genetic | [GEN] New best at evaluation 47/100 | generation=5 | accuracy=0.954333
2026-07-19 15:27:49,619 | INFO | algorithms.genetic | [GEN] Finished | evaluations=100 | generations=10 | best_accuracy=0.954333
2026-07-19 15:27:49,663 | INFO | run_experiments | Completed MNIST_resnext_GEN_accuracy_kp1000_seed789 | evaluations=100 | best_accuracy=0.954333
2026-07-19 15:27:50,515 | INFO | run_experiments | Starting run MNIST_resnext_GEN_accuracy_kp1000_seed1024
2026-07-19 15:27:50,515 | INFO | algorithms.genetic | Starting GEN | target_metric=accuracy | keep_percentage=0.1000 | population_size=10 | max_evaluations=100
2026-07-19 15:30:51,204 | INFO | algorithms.genetic | [GEN] New best at evaluation 22/100 | generation=2 | accuracy=0.952250
2026-07-19 15:33:27,055 | INFO | algorithms.genetic | [GEN] New best at evaluation 41/100 | generation=4 | accuracy=0.952417
2026-07-19 15:36:11,639 | INFO | algorithms.genetic | [GEN] New best at evaluation 61/100 | generation=6 | accuracy=0.952500
2026-07-19 15:37:33,975 | INFO | algorithms.genetic | [GEN] New best at evaluation 71/100 | generation=7 | accuracy=0.954417
2026-07-19 15:41:32,969 | INFO | algorithms.genetic | [GEN] Finished | evaluations=100 | generations=10 | best_accuracy=0.954417
2026-07-19 15:41:33,007 | INFO | run_experiments | Completed MNIST_resnext_GEN_accuracy_kp1000_seed1024 | evaluations=100 | best_accuracy=0.954417
2026-07-19 15:41:33,342 | INFO | run_experiments | Experiment completed successfully: prelim_features_mnist_resnext_GEN_kp10
