2026-07-20 09:17:14,312 | INFO | run_experiments | Experiment=prelim_features_mnist_efficientnetv2_LS_kp90 | device=cuda | search_runs=5 | planned_fitness_evaluations=500
2026-07-20 09:17:14,315 | INFO | run_experiments | Training protocol | pretrained=True | freeze_backbone=True | trainable_scope=replacement_classifier_only | representation=preextracted_features
2026-07-20 09:17:14,315 | INFO | run_experiments | Preparing data | dataset=MNIST | model=efficientnetv2
2026-07-20 09:17:18,938 | INFO | utils.data_utils | [Features] Tensors loaded | active_train=48000 | base_train=48000 | validation=12000 | test=10000 | classes=10
2026-07-20 09:17:19,066 | INFO | run_experiments | Data ready | representation=preextracted_features | base_train=48000 | validation=12000 | test=10000 | classes=10 | image_size=0 | feature_dimension=1280
2026-07-20 09:17:20,124 | INFO | run_experiments | Starting run MNIST_efficientnetv2_LS_accuracy_kp9000_seed42
2026-07-20 09:17:20,124 | INFO | algorithms.local_search | Starting LS | target_metric=accuracy | keep_percentage=0.9000 | max_evaluations=100 | num_swaps=10
2026-07-20 09:18:29,951 | INFO | algorithms.local_search | [LS] New best at evaluation 2/100 | accuracy=0.973333
2026-07-20 09:20:46,854 | INFO | algorithms.local_search | [LS] New best at evaluation 6/100 | accuracy=0.973667
2026-07-20 09:22:29,535 | INFO | algorithms.local_search | [LS] New best at evaluation 9/100 | accuracy=0.974167
2026-07-20 09:45:52,125 | INFO | algorithms.local_search | [LS] New best at evaluation 50/100 | accuracy=0.974833
2026-07-20 10:14:25,810 | INFO | algorithms.local_search | [LS] Finished | evaluations=100 | best_accuracy=0.974833
2026-07-20 10:14:26,043 | INFO | run_experiments | Completed MNIST_efficientnetv2_LS_accuracy_kp9000_seed42 | evaluations=100 | best_accuracy=0.974833
2026-07-20 10:14:26,972 | INFO | run_experiments | Starting run MNIST_efficientnetv2_LS_accuracy_kp9000_seed123
2026-07-20 10:14:26,973 | INFO | algorithms.local_search | Starting LS | target_metric=accuracy | keep_percentage=0.9000 | max_evaluations=100 | num_swaps=10
2026-07-20 10:15:35,472 | INFO | algorithms.local_search | [LS] New best at evaluation 2/100 | accuracy=0.973250
2026-07-20 10:16:09,731 | INFO | algorithms.local_search | [LS] New best at evaluation 3/100 | accuracy=0.974333
2026-07-20 10:20:09,869 | INFO | algorithms.local_search | [LS] New best at evaluation 10/100 | accuracy=0.974417
2026-07-20 10:40:46,410 | INFO | algorithms.local_search | [LS] New best at evaluation 46/100 | accuracy=0.974833
2026-07-20 10:55:42,131 | INFO | algorithms.local_search | [LS] New best at evaluation 72/100 | accuracy=0.976000
2026-07-20 11:11:50,474 | INFO | algorithms.local_search | [LS] Finished | evaluations=100 | best_accuracy=0.976000
2026-07-20 11:11:50,830 | INFO | run_experiments | Completed MNIST_efficientnetv2_LS_accuracy_kp9000_seed123 | evaluations=100 | best_accuracy=0.976000
2026-07-20 11:11:51,774 | INFO | run_experiments | Starting run MNIST_efficientnetv2_LS_accuracy_kp9000_seed456
2026-07-20 11:11:51,775 | INFO | algorithms.local_search | Starting LS | target_metric=accuracy | keep_percentage=0.9000 | max_evaluations=100 | num_swaps=10
2026-07-20 11:13:00,464 | INFO | algorithms.local_search | [LS] New best at evaluation 2/100 | accuracy=0.972750
2026-07-20 11:13:34,897 | INFO | algorithms.local_search | [LS] New best at evaluation 3/100 | accuracy=0.973667
2026-07-20 11:14:09,579 | INFO | algorithms.local_search | [LS] New best at evaluation 4/100 | accuracy=0.973917
2026-07-20 11:15:18,246 | INFO | algorithms.local_search | [LS] New best at evaluation 6/100 | accuracy=0.974833
2026-07-20 11:19:19,958 | INFO | algorithms.local_search | [LS] New best at evaluation 13/100 | accuracy=0.975167
2026-07-20 11:42:55,626 | INFO | algorithms.local_search | [LS] New best at evaluation 54/100 | accuracy=0.975250
2026-07-20 11:52:44,270 | INFO | algorithms.local_search | [LS] New best at evaluation 71/100 | accuracy=0.975417
2026-07-20 12:09:28,556 | INFO | algorithms.local_search | [LS] Finished | evaluations=100 | best_accuracy=0.975417
2026-07-20 12:09:28,647 | INFO | run_experiments | Completed MNIST_efficientnetv2_LS_accuracy_kp9000_seed456 | evaluations=100 | best_accuracy=0.975417
2026-07-20 12:09:29,589 | INFO | run_experiments | Starting run MNIST_efficientnetv2_LS_accuracy_kp9000_seed789
2026-07-20 12:09:29,590 | INFO | algorithms.local_search | Starting LS | target_metric=accuracy | keep_percentage=0.9000 | max_evaluations=100 | num_swaps=10
2026-07-20 12:11:48,207 | INFO | algorithms.local_search | [LS] New best at evaluation 4/100 | accuracy=0.975167
2026-07-20 12:39:00,097 | INFO | algorithms.local_search | [LS] New best at evaluation 51/100 | accuracy=0.975250
2026-07-20 13:07:24,360 | INFO | algorithms.local_search | [LS] Finished | evaluations=100 | best_accuracy=0.975250
2026-07-20 13:07:24,450 | INFO | run_experiments | Completed MNIST_efficientnetv2_LS_accuracy_kp9000_seed789 | evaluations=100 | best_accuracy=0.975250
2026-07-20 13:07:25,384 | INFO | run_experiments | Starting run MNIST_efficientnetv2_LS_accuracy_kp9000_seed1024
2026-07-20 13:07:25,385 | INFO | algorithms.local_search | Starting LS | target_metric=accuracy | keep_percentage=0.9000 | max_evaluations=100 | num_swaps=10
2026-07-20 13:10:19,024 | INFO | algorithms.local_search | [LS] New best at evaluation 5/100 | accuracy=0.975167
2026-07-20 14:05:26,549 | INFO | algorithms.local_search | [LS] Finished | evaluations=100 | best_accuracy=0.975167
2026-07-20 14:05:26,639 | INFO | run_experiments | Completed MNIST_efficientnetv2_LS_accuracy_kp9000_seed1024 | evaluations=100 | best_accuracy=0.975167
2026-07-20 14:05:26,940 | INFO | run_experiments | Experiment completed successfully: prelim_features_mnist_efficientnetv2_LS_kp90
