2026-07-18 23:36:38,539 | INFO | run_experiments | Experiment=prelim_features_mnist_alexnet_MEM_kp10 | device=cuda | search_runs=5 | planned_fitness_evaluations=500
2026-07-18 23:36:38,541 | INFO | run_experiments | Training protocol | pretrained=True | freeze_backbone=True | trainable_scope=replacement_classifier_only | representation=preextracted_features
2026-07-18 23:36:38,541 | INFO | run_experiments | Preparing data | dataset=MNIST | model=alexnet
2026-07-18 23:36:59,279 | INFO | utils.data_utils | [Features] Tensors loaded | active_train=48000 | base_train=48000 | validation=12000 | test=10000 | classes=10
2026-07-18 23:36:59,429 | INFO | run_experiments | Data ready | representation=preextracted_features | base_train=48000 | validation=12000 | test=10000 | classes=10 | image_size=0 | feature_dimension=4096
2026-07-18 23:37:00,513 | INFO | run_experiments | Starting run MNIST_alexnet_MEM_accuracy_kp1000_seed42
2026-07-18 23:37:00,513 | INFO | algorithms.memetic | Starting MEM | target_metric=accuracy | keep_percentage=0.1000 | population_size=10 | max_evaluations=100
2026-07-18 23:42:08,857 | INFO | algorithms.memetic | [MEM] New best during Local Search at evaluation 36/100 | generation=2 | accuracy=0.956167
2026-07-18 23:51:14,324 | INFO | algorithms.memetic | [MEM] Finished | evaluations=100 | generations=5 | best_accuracy=0.956167
2026-07-18 23:51:14,364 | INFO | run_experiments | Completed MNIST_alexnet_MEM_accuracy_kp1000_seed42 | evaluations=100 | best_accuracy=0.956167
2026-07-18 23:51:15,386 | INFO | run_experiments | Starting run MNIST_alexnet_MEM_accuracy_kp1000_seed123
2026-07-18 23:51:15,386 | INFO | algorithms.memetic | Starting MEM | target_metric=accuracy | keep_percentage=0.1000 | population_size=10 | max_evaluations=100
2026-07-18 23:55:55,974 | INFO | algorithms.memetic | [MEM] New best during Local Search at evaluation 33/100 | generation=1 | accuracy=0.954000
2026-07-19 00:01:37,421 | INFO | algorithms.memetic | [MEM] New best during Local Search at evaluation 73/100 | generation=3 | accuracy=0.954083
2026-07-19 00:02:20,048 | INFO | algorithms.memetic | [MEM] New best during Local Search at evaluation 78/100 | generation=3 | accuracy=0.954500
2026-07-19 00:04:53,242 | INFO | algorithms.memetic | [MEM] New best during Local Search at evaluation 96/100 | generation=4 | accuracy=0.955417
2026-07-19 00:05:11,142 | INFO | algorithms.memetic | [MEM] New best during Local Search at evaluation 98/100 | generation=4 | accuracy=0.955750
2026-07-19 00:05:28,177 | INFO | algorithms.memetic | [MEM] Finished | evaluations=100 | generations=4 | best_accuracy=0.955750
2026-07-19 00:05:28,214 | INFO | run_experiments | Completed MNIST_alexnet_MEM_accuracy_kp1000_seed123 | evaluations=100 | best_accuracy=0.955750
2026-07-19 00:05:29,242 | INFO | run_experiments | Starting run MNIST_alexnet_MEM_accuracy_kp1000_seed456
2026-07-19 00:05:29,243 | INFO | algorithms.memetic | Starting MEM | target_metric=accuracy | keep_percentage=0.1000 | population_size=10 | max_evaluations=100
2026-07-19 00:13:18,514 | INFO | algorithms.memetic | [MEM] New best during Local Search at evaluation 55/100 | generation=2 | accuracy=0.953417
2026-07-19 00:14:09,250 | INFO | algorithms.memetic | [MEM] New best during Local Search at evaluation 61/100 | generation=2 | accuracy=0.953833
2026-07-19 00:19:40,612 | INFO | algorithms.memetic | [MEM] Finished | evaluations=100 | generations=4 | best_accuracy=0.954083
2026-07-19 00:19:40,646 | INFO | run_experiments | Completed MNIST_alexnet_MEM_accuracy_kp1000_seed456 | evaluations=100 | best_accuracy=0.954083
2026-07-19 00:19:41,679 | INFO | run_experiments | Starting run MNIST_alexnet_MEM_accuracy_kp1000_seed789
2026-07-19 00:19:41,679 | INFO | algorithms.memetic | Starting MEM | target_metric=accuracy | keep_percentage=0.1000 | population_size=10 | max_evaluations=100
2026-07-19 00:33:54,009 | INFO | algorithms.memetic | [MEM] Finished | evaluations=100 | generations=5 | best_accuracy=0.956750
2026-07-19 00:33:54,046 | INFO | run_experiments | Completed MNIST_alexnet_MEM_accuracy_kp1000_seed789 | evaluations=100 | best_accuracy=0.956750
2026-07-19 00:33:55,068 | INFO | run_experiments | Starting run MNIST_alexnet_MEM_accuracy_kp1000_seed1024
2026-07-19 00:33:55,068 | INFO | algorithms.memetic | Starting MEM | target_metric=accuracy | keep_percentage=0.1000 | population_size=10 | max_evaluations=100
2026-07-19 00:48:07,962 | INFO | algorithms.memetic | [MEM] Finished | evaluations=100 | generations=5 | best_accuracy=0.956917
2026-07-19 00:48:08,004 | INFO | run_experiments | Completed MNIST_alexnet_MEM_accuracy_kp1000_seed1024 | evaluations=100 | best_accuracy=0.956917
2026-07-19 00:48:08,346 | INFO | run_experiments | Experiment completed successfully: prelim_features_mnist_alexnet_MEM_kp10
