2026-07-20 18:37:16,806 | INFO | run_experiments | Experiment=prelim_features_mnist_swintransformer_RS_kp25 | device=cuda | search_runs=5 | planned_fitness_evaluations=500
2026-07-20 18:37:16,809 | INFO | run_experiments | Training protocol | pretrained=True | freeze_backbone=True | trainable_scope=replacement_classifier_only | representation=preextracted_features
2026-07-20 18:37:16,809 | INFO | run_experiments | Preparing data | dataset=MNIST | model=swintransformer
2026-07-20 18:37:20,536 | INFO | utils.data_utils | [Features] Tensors loaded | active_train=48000 | base_train=48000 | validation=12000 | test=10000 | classes=10
2026-07-20 18:37:20,664 | INFO | run_experiments | Data ready | representation=preextracted_features | base_train=48000 | validation=12000 | test=10000 | classes=10 | image_size=0 | feature_dimension=768
2026-07-20 18:37:22,164 | INFO | run_experiments | Starting run MNIST_swintransformer_RS_accuracy_kp2500_seed42
2026-07-20 18:37:22,164 | INFO | algorithms.random_search | Starting RS | target_metric=accuracy | keep_percentage=0.2500 | max_evaluations=100
2026-07-20 18:37:34,664 | INFO | algorithms.random_search | [RS] New best at evaluation 1/100 | accuracy=0.958250
2026-07-20 18:37:46,743 | INFO | algorithms.random_search | [RS] New best at evaluation 2/100 | accuracy=0.959250
2026-07-20 18:38:32,081 | INFO | algorithms.random_search | [RS] New best at evaluation 6/100 | accuracy=0.960583
2026-07-20 18:39:17,639 | INFO | algorithms.random_search | [RS] New best at evaluation 10/100 | accuracy=0.962333
2026-07-20 18:56:20,749 | INFO | algorithms.random_search | [RS] Finished | evaluations=100 | best_accuracy=0.962333
2026-07-20 18:56:20,802 | INFO | run_experiments | Completed MNIST_swintransformer_RS_accuracy_kp2500_seed42 | evaluations=100 | best_accuracy=0.962333
2026-07-20 18:56:22,041 | INFO | run_experiments | Starting run MNIST_swintransformer_RS_accuracy_kp2500_seed123
2026-07-20 18:56:22,041 | INFO | algorithms.random_search | Starting RS | target_metric=accuracy | keep_percentage=0.2500 | max_evaluations=100
2026-07-20 18:56:33,114 | INFO | algorithms.random_search | [RS] New best at evaluation 1/100 | accuracy=0.959667
2026-07-20 18:56:52,719 | INFO | algorithms.random_search | [RS] New best at evaluation 3/100 | accuracy=0.960000
2026-07-20 18:57:15,987 | INFO | algorithms.random_search | [RS] New best at evaluation 5/100 | accuracy=0.960333
2026-07-20 18:57:52,101 | INFO | algorithms.random_search | [RS] New best at evaluation 8/100 | accuracy=0.961333
2026-07-20 18:59:30,939 | INFO | algorithms.random_search | [RS] New best at evaluation 17/100 | accuracy=0.961583
2026-07-20 19:15:18,371 | INFO | algorithms.random_search | [RS] Finished | evaluations=100 | best_accuracy=0.961583
2026-07-20 19:15:18,412 | INFO | run_experiments | Completed MNIST_swintransformer_RS_accuracy_kp2500_seed123 | evaluations=100 | best_accuracy=0.961583
2026-07-20 19:15:19,696 | INFO | run_experiments | Starting run MNIST_swintransformer_RS_accuracy_kp2500_seed456
2026-07-20 19:15:19,697 | INFO | algorithms.random_search | Starting RS | target_metric=accuracy | keep_percentage=0.2500 | max_evaluations=100
2026-07-20 19:15:28,559 | INFO | algorithms.random_search | [RS] New best at evaluation 1/100 | accuracy=0.954583
2026-07-20 19:15:37,570 | INFO | algorithms.random_search | [RS] New best at evaluation 2/100 | accuracy=0.958417
2026-07-20 19:15:46,527 | INFO | algorithms.random_search | [RS] New best at evaluation 3/100 | accuracy=0.960667
2026-07-20 19:20:04,408 | INFO | algorithms.random_search | [RS] New best at evaluation 25/100 | accuracy=0.961000
2026-07-20 19:22:01,466 | INFO | algorithms.random_search | [RS] New best at evaluation 37/100 | accuracy=0.961417
2026-07-20 19:23:10,544 | INFO | algorithms.random_search | [RS] New best at evaluation 43/100 | accuracy=0.962333
2026-07-20 19:28:06,668 | INFO | algorithms.random_search | [RS] New best at evaluation 70/100 | accuracy=0.962750
2026-07-20 19:33:36,775 | INFO | algorithms.random_search | [RS] Finished | evaluations=100 | best_accuracy=0.962750
2026-07-20 19:33:36,825 | INFO | run_experiments | Completed MNIST_swintransformer_RS_accuracy_kp2500_seed456 | evaluations=100 | best_accuracy=0.962750
2026-07-20 19:33:37,966 | INFO | run_experiments | Starting run MNIST_swintransformer_RS_accuracy_kp2500_seed789
2026-07-20 19:33:37,966 | INFO | algorithms.random_search | Starting RS | target_metric=accuracy | keep_percentage=0.2500 | max_evaluations=100
2026-07-20 19:33:49,095 | INFO | algorithms.random_search | [RS] New best at evaluation 1/100 | accuracy=0.959500
2026-07-20 19:34:44,023 | INFO | algorithms.random_search | [RS] New best at evaluation 6/100 | accuracy=0.961667
2026-07-20 19:52:06,248 | INFO | algorithms.random_search | [RS] Finished | evaluations=100 | best_accuracy=0.961667
2026-07-20 19:52:06,287 | INFO | run_experiments | Completed MNIST_swintransformer_RS_accuracy_kp2500_seed789 | evaluations=100 | best_accuracy=0.961667
2026-07-20 19:52:07,398 | INFO | run_experiments | Starting run MNIST_swintransformer_RS_accuracy_kp2500_seed1024
2026-07-20 19:52:07,398 | INFO | algorithms.random_search | Starting RS | target_metric=accuracy | keep_percentage=0.2500 | max_evaluations=100
2026-07-20 19:52:18,192 | INFO | algorithms.random_search | [RS] New best at evaluation 1/100 | accuracy=0.958000
2026-07-20 19:52:29,013 | INFO | algorithms.random_search | [RS] New best at evaluation 2/100 | accuracy=0.959750
2026-07-20 19:52:39,678 | INFO | algorithms.random_search | [RS] New best at evaluation 3/100 | accuracy=0.960667
2026-07-20 19:53:11,964 | INFO | algorithms.random_search | [RS] New best at evaluation 6/100 | accuracy=0.961000
2026-07-20 19:56:35,140 | INFO | algorithms.random_search | [RS] New best at evaluation 25/100 | accuracy=0.961417
2026-07-20 20:00:08,932 | INFO | algorithms.random_search | [RS] New best at evaluation 44/100 | accuracy=0.961917
2026-07-20 20:01:51,316 | INFO | algorithms.random_search | [RS] New best at evaluation 53/100 | accuracy=0.962250
2026-07-20 20:10:32,485 | INFO | algorithms.random_search | [RS] Finished | evaluations=100 | best_accuracy=0.962250
2026-07-20 20:10:32,525 | INFO | run_experiments | Completed MNIST_swintransformer_RS_accuracy_kp2500_seed1024 | evaluations=100 | best_accuracy=0.962250
2026-07-20 20:10:32,818 | INFO | run_experiments | Experiment completed successfully: prelim_features_mnist_swintransformer_RS_kp25
