2026-07-19 01:51:02,926 | INFO | run_experiments | Experiment=prelim_features_mnist_alexnet_MEM_kp90 | device=cuda | search_runs=5 | planned_fitness_evaluations=500
2026-07-19 01:51:02,928 | INFO | run_experiments | Training protocol | pretrained=True | freeze_backbone=True | trainable_scope=replacement_classifier_only | representation=preextracted_features
2026-07-19 01:51:02,928 | INFO | run_experiments | Preparing data | dataset=MNIST | model=alexnet
2026-07-19 01:51:03,788 | INFO | utils.data_utils | [Features] Tensors loaded | active_train=48000 | base_train=48000 | validation=12000 | test=10000 | classes=10
2026-07-19 01:51:03,924 | INFO | run_experiments | Data ready | representation=preextracted_features | base_train=48000 | validation=12000 | test=10000 | classes=10 | image_size=0 | feature_dimension=4096
2026-07-19 01:51:05,688 | INFO | run_experiments | Starting run MNIST_alexnet_MEM_accuracy_kp9000_seed42
2026-07-19 01:51:05,689 | INFO | algorithms.memetic | Starting MEM | target_metric=accuracy | keep_percentage=0.9000 | population_size=10 | max_evaluations=100
2026-07-19 02:03:50,107 | INFO | algorithms.memetic | [MEM] New best during Local Search at evaluation 21/100 | generation=1 | accuracy=0.975667
2026-07-19 02:19:37,765 | INFO | algorithms.memetic | [MEM] New best during Local Search at evaluation 47/100 | generation=1 | accuracy=0.976083
2026-07-19 02:51:47,569 | INFO | algorithms.memetic | [MEM] Finished | evaluations=100 | generations=3 | best_accuracy=0.976583
2026-07-19 02:51:47,673 | INFO | run_experiments | Completed MNIST_alexnet_MEM_accuracy_kp9000_seed42 | evaluations=100 | best_accuracy=0.976583
2026-07-19 02:51:48,699 | INFO | run_experiments | Starting run MNIST_alexnet_MEM_accuracy_kp9000_seed123
2026-07-19 02:51:48,700 | INFO | algorithms.memetic | Starting MEM | target_metric=accuracy | keep_percentage=0.9000 | population_size=10 | max_evaluations=100
2026-07-19 03:00:10,066 | INFO | algorithms.memetic | [MEM] New best during Local Search at evaluation 15/100 | generation=1 | accuracy=0.976750
2026-07-19 03:03:29,496 | INFO | algorithms.memetic | [MEM] New best during Local Search at evaluation 21/100 | generation=1 | accuracy=0.976917
2026-07-19 03:29:31,072 | INFO | algorithms.memetic | [MEM] New best during Local Search at evaluation 68/100 | generation=3 | accuracy=0.977333
2026-07-19 03:34:30,315 | INFO | algorithms.memetic | [MEM] New best during Local Search at evaluation 77/100 | generation=3 | accuracy=0.977417
2026-07-19 03:47:14,328 | INFO | algorithms.memetic | [MEM] Finished | evaluations=100 | generations=5 | best_accuracy=0.977417
2026-07-19 03:47:14,423 | INFO | run_experiments | Completed MNIST_alexnet_MEM_accuracy_kp9000_seed123 | evaluations=100 | best_accuracy=0.977417
2026-07-19 03:47:15,380 | INFO | run_experiments | Starting run MNIST_alexnet_MEM_accuracy_kp9000_seed456
2026-07-19 03:47:15,381 | INFO | algorithms.memetic | Starting MEM | target_metric=accuracy | keep_percentage=0.9000 | population_size=10 | max_evaluations=100
2026-07-19 03:55:01,227 | INFO | algorithms.memetic | [MEM] New best during Local Search at evaluation 14/100 | generation=1 | accuracy=0.976000
2026-07-19 03:56:07,811 | INFO | algorithms.memetic | [MEM] New best during Local Search at evaluation 16/100 | generation=1 | accuracy=0.976250
2026-07-19 04:28:19,370 | INFO | algorithms.memetic | [MEM] New best during Local Search at evaluation 74/100 | generation=3 | accuracy=0.976583
2026-07-19 04:31:38,843 | INFO | algorithms.memetic | [MEM] New best during Local Search at evaluation 80/100 | generation=3 | accuracy=0.977250
2026-07-19 04:42:44,583 | INFO | algorithms.memetic | [MEM] Finished | evaluations=100 | generations=4 | best_accuracy=0.977250
2026-07-19 04:42:44,704 | INFO | run_experiments | Completed MNIST_alexnet_MEM_accuracy_kp9000_seed456 | evaluations=100 | best_accuracy=0.977250
2026-07-19 04:42:45,676 | INFO | run_experiments | Starting run MNIST_alexnet_MEM_accuracy_kp9000_seed789
2026-07-19 04:42:45,676 | INFO | algorithms.memetic | Starting MEM | target_metric=accuracy | keep_percentage=0.9000 | population_size=10 | max_evaluations=100
2026-07-19 05:38:20,566 | INFO | algorithms.memetic | [MEM] Finished | evaluations=100 | generations=4 | best_accuracy=0.976500
2026-07-19 05:38:20,667 | INFO | run_experiments | Completed MNIST_alexnet_MEM_accuracy_kp9000_seed789 | evaluations=100 | best_accuracy=0.976500
2026-07-19 05:38:21,617 | INFO | run_experiments | Starting run MNIST_alexnet_MEM_accuracy_kp9000_seed1024
2026-07-19 05:38:21,617 | INFO | algorithms.memetic | Starting MEM | target_metric=accuracy | keep_percentage=0.9000 | population_size=10 | max_evaluations=100
2026-07-19 06:06:10,782 | INFO | algorithms.memetic | [MEM] New best during Local Search at evaluation 50/100 | generation=2 | accuracy=0.975917
2026-07-19 06:34:00,224 | INFO | algorithms.memetic | [MEM] Finished | evaluations=100 | generations=4 | best_accuracy=0.977000
2026-07-19 06:34:00,370 | INFO | run_experiments | Completed MNIST_alexnet_MEM_accuracy_kp9000_seed1024 | evaluations=100 | best_accuracy=0.977000
2026-07-19 06:34:00,836 | INFO | run_experiments | Experiment completed successfully: prelim_features_mnist_alexnet_MEM_kp90
