2026-07-20 16:21:29,270 | INFO | run_experiments | Experiment=prelim_features_mnist_efficientnetv2_MEM_kp50 | device=cuda | search_runs=5 | planned_fitness_evaluations=500
2026-07-20 16:21:29,273 | INFO | run_experiments | Training protocol | pretrained=True | freeze_backbone=True | trainable_scope=replacement_classifier_only | representation=preextracted_features
2026-07-20 16:21:29,273 | INFO | run_experiments | Preparing data | dataset=MNIST | model=efficientnetv2
2026-07-20 16:21:30,584 | INFO | utils.data_utils | [Features] Tensors loaded | active_train=48000 | base_train=48000 | validation=12000 | test=10000 | classes=10
2026-07-20 16:21:30,710 | INFO | run_experiments | Data ready | representation=preextracted_features | base_train=48000 | validation=12000 | test=10000 | classes=10 | image_size=0 | feature_dimension=1280
2026-07-20 16:21:32,030 | INFO | run_experiments | Starting run MNIST_efficientnetv2_MEM_accuracy_kp5000_seed42
2026-07-20 16:21:32,030 | INFO | algorithms.memetic | Starting MEM | target_metric=accuracy | keep_percentage=0.5000 | population_size=10 | max_evaluations=100
2026-07-20 16:40:24,951 | INFO | algorithms.memetic | [MEM] New best during Local Search at evaluation 54/100 | generation=2 | accuracy=0.970583
2026-07-20 16:55:05,429 | INFO | algorithms.memetic | [MEM] New best during Local Search at evaluation 96/100 | generation=3 | accuracy=0.970833
2026-07-20 16:56:29,213 | INFO | algorithms.memetic | [MEM] Finished | evaluations=100 | generations=4 | best_accuracy=0.970833
2026-07-20 16:56:29,284 | INFO | run_experiments | Completed MNIST_efficientnetv2_MEM_accuracy_kp5000_seed42 | evaluations=100 | best_accuracy=0.970833
2026-07-20 16:56:30,190 | INFO | run_experiments | Starting run MNIST_efficientnetv2_MEM_accuracy_kp5000_seed123
2026-07-20 16:56:30,190 | INFO | algorithms.memetic | Starting MEM | target_metric=accuracy | keep_percentage=0.5000 | population_size=10 | max_evaluations=100
2026-07-20 17:03:29,646 | INFO | algorithms.memetic | [MEM] New best during Local Search at evaluation 20/100 | generation=1 | accuracy=0.970250
2026-07-20 17:06:59,135 | INFO | algorithms.memetic | [MEM] New best during Local Search at evaluation 30/100 | generation=1 | accuracy=0.970333
2026-07-20 17:20:14,835 | INFO | algorithms.memetic | [MEM] New best during Local Search at evaluation 68/100 | generation=3 | accuracy=0.970667
2026-07-20 17:31:24,939 | INFO | algorithms.memetic | [MEM] Finished | evaluations=100 | generations=4 | best_accuracy=0.970667
2026-07-20 17:31:25,007 | INFO | run_experiments | Completed MNIST_efficientnetv2_MEM_accuracy_kp5000_seed123 | evaluations=100 | best_accuracy=0.970667
2026-07-20 17:31:25,903 | INFO | run_experiments | Starting run MNIST_efficientnetv2_MEM_accuracy_kp5000_seed456
2026-07-20 17:31:25,903 | INFO | algorithms.memetic | Starting MEM | target_metric=accuracy | keep_percentage=0.5000 | population_size=10 | max_evaluations=100
2026-07-20 17:44:18,538 | INFO | algorithms.memetic | [MEM] New best during Local Search at evaluation 37/100 | generation=2 | accuracy=0.970333
2026-07-20 17:47:44,926 | INFO | algorithms.memetic | [MEM] New best during Local Search at evaluation 47/100 | generation=2 | accuracy=0.970500
2026-07-20 17:50:30,510 | INFO | algorithms.memetic | [MEM] New best during Local Search at evaluation 55/100 | generation=2 | accuracy=0.970667
2026-07-20 17:54:16,721 | INFO | algorithms.memetic | [MEM] New best during Local Search at evaluation 66/100 | generation=3 | accuracy=0.971250
2026-07-20 18:05:56,327 | INFO | algorithms.memetic | [MEM] Finished | evaluations=100 | generations=4 | best_accuracy=0.971250
2026-07-20 18:05:56,395 | INFO | run_experiments | Completed MNIST_efficientnetv2_MEM_accuracy_kp5000_seed456 | evaluations=100 | best_accuracy=0.971250
2026-07-20 18:05:57,274 | INFO | run_experiments | Starting run MNIST_efficientnetv2_MEM_accuracy_kp5000_seed789
2026-07-20 18:05:57,275 | INFO | algorithms.memetic | Starting MEM | target_metric=accuracy | keep_percentage=0.5000 | population_size=10 | max_evaluations=100
2026-07-20 18:15:35,210 | INFO | algorithms.memetic | [MEM] New best during Local Search at evaluation 28/100 | generation=1 | accuracy=0.971083
2026-07-20 18:40:22,627 | INFO | algorithms.memetic | [MEM] Finished | evaluations=100 | generations=4 | best_accuracy=0.971083
2026-07-20 18:40:22,696 | INFO | run_experiments | Completed MNIST_efficientnetv2_MEM_accuracy_kp5000_seed789 | evaluations=100 | best_accuracy=0.971083
2026-07-20 18:40:23,609 | INFO | run_experiments | Starting run MNIST_efficientnetv2_MEM_accuracy_kp5000_seed1024
2026-07-20 18:40:23,610 | INFO | algorithms.memetic | Starting MEM | target_metric=accuracy | keep_percentage=0.5000 | population_size=10 | max_evaluations=100
2026-07-20 19:15:09,956 | INFO | algorithms.memetic | [MEM] Finished | evaluations=100 | generations=4 | best_accuracy=0.970750
2026-07-20 19:15:10,028 | INFO | run_experiments | Completed MNIST_efficientnetv2_MEM_accuracy_kp5000_seed1024 | evaluations=100 | best_accuracy=0.970750
2026-07-20 19:15:10,335 | INFO | run_experiments | Experiment completed successfully: prelim_features_mnist_efficientnetv2_MEM_kp50
