2026-07-19 12:39:32,592 | INFO | run_experiments | Experiment=prelim_features_mnist_resnext_LS_kp75 | device=cuda | search_runs=5 | planned_fitness_evaluations=500
2026-07-19 12:39:32,595 | INFO | run_experiments | Training protocol | pretrained=True | freeze_backbone=True | trainable_scope=replacement_classifier_only | representation=preextracted_features
2026-07-19 12:39:32,595 | INFO | run_experiments | Preparing data | dataset=MNIST | model=resnext
2026-07-19 12:39:33,057 | INFO | utils.data_utils | [Features] Tensors loaded | active_train=48000 | base_train=48000 | validation=12000 | test=10000 | classes=10
2026-07-19 12:39:33,186 | INFO | run_experiments | Data ready | representation=preextracted_features | base_train=48000 | validation=12000 | test=10000 | classes=10 | image_size=0 | feature_dimension=2048
2026-07-19 12:39:34,311 | INFO | run_experiments | Starting run MNIST_resnext_LS_accuracy_kp7500_seed42
2026-07-19 12:39:34,311 | INFO | algorithms.local_search | Starting LS | target_metric=accuracy | keep_percentage=0.7500 | max_evaluations=100 | num_swaps=10
2026-07-19 13:29:05,970 | INFO | algorithms.local_search | [LS] Finished | evaluations=100 | best_accuracy=0.975167
2026-07-19 13:29:06,048 | INFO | run_experiments | Completed MNIST_resnext_LS_accuracy_kp7500_seed42 | evaluations=100 | best_accuracy=0.975167
2026-07-19 13:29:06,893 | INFO | run_experiments | Starting run MNIST_resnext_LS_accuracy_kp7500_seed123
2026-07-19 13:29:06,894 | INFO | algorithms.local_search | Starting LS | target_metric=accuracy | keep_percentage=0.7500 | max_evaluations=100 | num_swaps=10
2026-07-19 13:30:06,667 | INFO | algorithms.local_search | [LS] New best at evaluation 2/100 | accuracy=0.973833
2026-07-19 13:31:36,208 | INFO | algorithms.local_search | [LS] New best at evaluation 5/100 | accuracy=0.974417
2026-07-19 13:40:03,694 | INFO | algorithms.local_search | [LS] New best at evaluation 22/100 | accuracy=0.974583
2026-07-19 13:44:32,271 | INFO | algorithms.local_search | [LS] New best at evaluation 31/100 | accuracy=0.975333
2026-07-19 14:18:53,815 | INFO | algorithms.local_search | [LS] Finished | evaluations=100 | best_accuracy=0.975333
2026-07-19 14:18:53,892 | INFO | run_experiments | Completed MNIST_resnext_LS_accuracy_kp7500_seed123 | evaluations=100 | best_accuracy=0.975333
2026-07-19 14:18:54,748 | INFO | run_experiments | Starting run MNIST_resnext_LS_accuracy_kp7500_seed456
2026-07-19 14:18:54,749 | INFO | algorithms.local_search | Starting LS | target_metric=accuracy | keep_percentage=0.7500 | max_evaluations=100 | num_swaps=10
2026-07-19 14:19:54,287 | INFO | algorithms.local_search | [LS] New best at evaluation 2/100 | accuracy=0.974417
2026-07-19 14:21:53,735 | INFO | algorithms.local_search | [LS] New best at evaluation 6/100 | accuracy=0.974583
2026-07-19 14:22:23,777 | INFO | algorithms.local_search | [LS] New best at evaluation 7/100 | accuracy=0.974917
2026-07-19 14:27:52,767 | INFO | algorithms.local_search | [LS] New best at evaluation 18/100 | accuracy=0.975000
2026-07-19 14:38:51,390 | INFO | algorithms.local_search | [LS] New best at evaluation 40/100 | accuracy=0.975250
2026-07-19 14:45:21,827 | INFO | algorithms.local_search | [LS] New best at evaluation 53/100 | accuracy=0.975333
2026-07-19 14:52:20,678 | INFO | algorithms.local_search | [LS] New best at evaluation 67/100 | accuracy=0.975417
2026-07-19 15:08:50,178 | INFO | algorithms.local_search | [LS] Finished | evaluations=100 | best_accuracy=0.975417
2026-07-19 15:08:50,259 | INFO | run_experiments | Completed MNIST_resnext_LS_accuracy_kp7500_seed456 | evaluations=100 | best_accuracy=0.975417
2026-07-19 15:08:51,118 | INFO | run_experiments | Starting run MNIST_resnext_LS_accuracy_kp7500_seed789
2026-07-19 15:08:51,118 | INFO | algorithms.local_search | Starting LS | target_metric=accuracy | keep_percentage=0.7500 | max_evaluations=100 | num_swaps=10
2026-07-19 15:10:51,461 | INFO | algorithms.local_search | [LS] New best at evaluation 4/100 | accuracy=0.974000
2026-07-19 15:11:21,680 | INFO | algorithms.local_search | [LS] New best at evaluation 5/100 | accuracy=0.974167
2026-07-19 15:13:21,812 | INFO | algorithms.local_search | [LS] New best at evaluation 9/100 | accuracy=0.974750
2026-07-19 15:35:51,463 | INFO | algorithms.local_search | [LS] New best at evaluation 54/100 | accuracy=0.974833
2026-07-19 15:58:53,832 | INFO | algorithms.local_search | [LS] Finished | evaluations=100 | best_accuracy=0.974833
2026-07-19 15:58:53,910 | INFO | run_experiments | Completed MNIST_resnext_LS_accuracy_kp7500_seed789 | evaluations=100 | best_accuracy=0.974833
2026-07-19 15:58:54,772 | INFO | run_experiments | Starting run MNIST_resnext_LS_accuracy_kp7500_seed1024
2026-07-19 15:58:54,772 | INFO | algorithms.local_search | Starting LS | target_metric=accuracy | keep_percentage=0.7500 | max_evaluations=100 | num_swaps=10
2026-07-19 16:46:30,113 | INFO | algorithms.local_search | [LS] New best at evaluation 95/100 | accuracy=0.974417
2026-07-19 16:49:00,509 | INFO | algorithms.local_search | [LS] Finished | evaluations=100 | best_accuracy=0.974417
2026-07-19 16:49:00,592 | INFO | run_experiments | Completed MNIST_resnext_LS_accuracy_kp7500_seed1024 | evaluations=100 | best_accuracy=0.974417
2026-07-19 16:49:00,915 | INFO | run_experiments | Experiment completed successfully: prelim_features_mnist_resnext_LS_kp75
