2026-08-20 00:43:07,408 | INFO | run_experiments | Experiment=main_b1000_tinyimagenet_alexnet_GEN_kp75_seed789 | device=cuda | search_runs=1 | planned_fitness_evaluations=1000
2026-08-20 00:43:07,409 | INFO | run_experiments | Training protocol | pretrained=True | freeze_backbone=True | trainable_scope=replacement_classifier_only | representation=preextracted_features
2026-08-20 00:43:07,409 | INFO | run_experiments | Preparing data | dataset=TINYIMAGENET | model=alexnet
2026-08-20 00:43:08,748 | INFO | utils.data_utils | [Features] Tensors loaded | active_train=80000 | base_train=80000 | validation=20000 | test=10000 | classes=200
2026-08-20 00:43:08,899 | INFO | run_experiments | Data ready | representation=preextracted_features | base_train=80000 | validation=20000 | test=10000 | classes=200 | image_size=0 | feature_dimension=4096
2026-08-20 00:43:09,692 | INFO | run_experiments | Starting run TINYIMAGENET_alexnet_GEN_accuracy_kp7500_seed789
2026-08-20 00:43:09,693 | INFO | algorithms.genetic | Starting GEN | target_metric=accuracy | keep_percentage=0.7500 | population_size=10 | max_evaluations=1000
2026-08-20 00:50:22,382 | INFO | algorithms.genetic | [GEN] New best at evaluation 11/1000 | generation=1 | accuracy=0.457750
2026-08-20 01:00:53,178 | INFO | algorithms.genetic | [GEN] New best at evaluation 27/1000 | generation=2 | accuracy=0.458450
2026-08-20 01:36:26,124 | INFO | algorithms.genetic | [GEN] New best at evaluation 73/1000 | generation=7 | accuracy=0.458600
2026-08-20 02:06:13,807 | INFO | algorithms.genetic | [GEN] New best at evaluation 118/1000 | generation=12 | accuracy=0.459300
2026-08-20 03:27:05,320 | INFO | algorithms.genetic | [GEN] New best at evaluation 221/1000 | generation=24 | accuracy=0.459850
2026-08-20 03:39:19,593 | INFO | algorithms.genetic | [GEN] New best at evaluation 236/1000 | generation=26 | accuracy=0.460050
2026-08-20 05:28:56,878 | INFO | algorithms.genetic | [GEN] New best at evaluation 380/1000 | generation=42 | accuracy=0.461250
2026-08-20 06:58:53,509 | INFO | algorithms.genetic | [GEN] New best at evaluation 513/1000 | generation=56 | accuracy=0.462200
2026-08-20 07:12:27,572 | INFO | algorithms.genetic | [GEN] New best at evaluation 533/1000 | generation=59 | accuracy=0.462300
2026-08-20 07:46:08,228 | INFO | algorithms.genetic | [GEN] New best at evaluation 580/1000 | generation=64 | accuracy=0.463700
2026-08-20 08:18:38,751 | INFO | algorithms.genetic | [GEN] New best at evaluation 619/1000 | generation=68 | accuracy=0.464800
2026-08-20 12:47:22,893 | INFO | algorithms.genetic | [GEN] Finished | evaluations=1000 | generations=110 | best_accuracy=0.464800
2026-08-20 12:47:23,150 | INFO | run_experiments | Completed TINYIMAGENET_alexnet_GEN_accuracy_kp7500_seed789 | evaluations=1000 | best_accuracy=0.464800
2026-08-20 12:48:14,086 | INFO | run_experiments | Experiment completed successfully: main_b1000_tinyimagenet_alexnet_GEN_kp75_seed789
