2026-07-20 16:47:51,013 | INFO | run_experiments | Experiment=prelim_features_mnist_efficientnetv2_MEM_kp75 | device=cuda | search_runs=5 | planned_fitness_evaluations=500
2026-07-20 16:47:51,016 | INFO | run_experiments | Training protocol | pretrained=True | freeze_backbone=True | trainable_scope=replacement_classifier_only | representation=preextracted_features
2026-07-20 16:47:51,016 | INFO | run_experiments | Preparing data | dataset=MNIST | model=efficientnetv2
2026-07-20 16:47:54,927 | INFO | utils.data_utils | [Features] Tensors loaded | active_train=48000 | base_train=48000 | validation=12000 | test=10000 | classes=10
2026-07-20 16:47:55,054 | INFO | run_experiments | Data ready | representation=preextracted_features | base_train=48000 | validation=12000 | test=10000 | classes=10 | image_size=0 | feature_dimension=1280
2026-07-20 16:47:55,928 | INFO | run_experiments | Starting run MNIST_efficientnetv2_MEM_accuracy_kp7500_seed42
2026-07-20 16:47:55,928 | INFO | algorithms.memetic | Starting MEM | target_metric=accuracy | keep_percentage=0.7500 | population_size=10 | max_evaluations=100
2026-07-20 17:37:08,288 | INFO | algorithms.memetic | [MEM] Finished | evaluations=100 | generations=4 | best_accuracy=0.973917
2026-07-20 17:37:08,401 | INFO | run_experiments | Completed MNIST_efficientnetv2_MEM_accuracy_kp7500_seed42 | evaluations=100 | best_accuracy=0.973917
2026-07-20 17:37:09,323 | INFO | run_experiments | Starting run MNIST_efficientnetv2_MEM_accuracy_kp7500_seed123
2026-07-20 17:37:09,323 | INFO | algorithms.memetic | Starting MEM | target_metric=accuracy | keep_percentage=0.7500 | population_size=10 | max_evaluations=100
2026-07-20 17:46:01,971 | INFO | algorithms.memetic | [MEM] New best during Local Search at evaluation 18/100 | generation=1 | accuracy=0.973083
2026-07-20 18:02:17,759 | INFO | algorithms.memetic | [MEM] New best during Local Search at evaluation 51/100 | generation=2 | accuracy=0.973250
2026-07-20 18:26:29,411 | INFO | algorithms.memetic | [MEM] Finished | evaluations=100 | generations=4 | best_accuracy=0.973250
2026-07-20 18:26:29,502 | INFO | run_experiments | Completed MNIST_efficientnetv2_MEM_accuracy_kp7500_seed123 | evaluations=100 | best_accuracy=0.973250
2026-07-20 18:26:30,545 | INFO | run_experiments | Starting run MNIST_efficientnetv2_MEM_accuracy_kp7500_seed456
2026-07-20 18:26:30,546 | INFO | algorithms.memetic | Starting MEM | target_metric=accuracy | keep_percentage=0.7500 | population_size=10 | max_evaluations=100
2026-07-20 19:16:51,479 | INFO | algorithms.memetic | [MEM] Finished | evaluations=100 | generations=4 | best_accuracy=0.973833
2026-07-20 19:16:51,566 | INFO | run_experiments | Completed MNIST_efficientnetv2_MEM_accuracy_kp7500_seed456 | evaluations=100 | best_accuracy=0.973833
2026-07-20 19:16:52,843 | INFO | run_experiments | Starting run MNIST_efficientnetv2_MEM_accuracy_kp7500_seed789
2026-07-20 19:16:52,844 | INFO | algorithms.memetic | Starting MEM | target_metric=accuracy | keep_percentage=0.7500 | population_size=10 | max_evaluations=100
2026-07-20 19:39:42,212 | INFO | algorithms.memetic | [MEM] New best during Local Search at evaluation 46/100 | generation=2 | accuracy=0.973833
2026-07-20 20:06:34,342 | INFO | algorithms.memetic | [MEM] Finished | evaluations=100 | generations=4 | best_accuracy=0.973833
2026-07-20 20:06:34,452 | INFO | run_experiments | Completed MNIST_efficientnetv2_MEM_accuracy_kp7500_seed789 | evaluations=100 | best_accuracy=0.973833
2026-07-20 20:06:35,476 | INFO | run_experiments | Starting run MNIST_efficientnetv2_MEM_accuracy_kp7500_seed1024
2026-07-20 20:06:35,477 | INFO | algorithms.memetic | Starting MEM | target_metric=accuracy | keep_percentage=0.7500 | population_size=10 | max_evaluations=100
2026-07-20 20:24:35,074 | INFO | algorithms.memetic | [MEM] New best during Local Search at evaluation 36/100 | generation=2 | accuracy=0.973500
2026-07-20 20:38:34,211 | INFO | algorithms.memetic | [MEM] New best during Local Search at evaluation 64/100 | generation=3 | accuracy=0.973833
2026-07-20 20:56:33,461 | INFO | algorithms.memetic | [MEM] Finished | evaluations=100 | generations=5 | best_accuracy=0.973833
2026-07-20 20:56:33,550 | INFO | run_experiments | Completed MNIST_efficientnetv2_MEM_accuracy_kp7500_seed1024 | evaluations=100 | best_accuracy=0.973833
2026-07-20 20:56:33,854 | INFO | run_experiments | Experiment completed successfully: prelim_features_mnist_efficientnetv2_MEM_kp75
