2026-07-18 23:36:38,527 | INFO | run_experiments | Experiment=prelim_features_mnist_alexnet_MEM_kp25 | device=cuda | search_runs=5 | planned_fitness_evaluations=500
2026-07-18 23:36:38,529 | INFO | run_experiments | Training protocol | pretrained=True | freeze_backbone=True | trainable_scope=replacement_classifier_only | representation=preextracted_features
2026-07-18 23:36:38,530 | INFO | run_experiments | Preparing data | dataset=MNIST | model=alexnet
2026-07-18 23:36:59,279 | INFO | utils.data_utils | [Features] Tensors loaded | active_train=48000 | base_train=48000 | validation=12000 | test=10000 | classes=10
2026-07-18 23:36:59,430 | INFO | run_experiments | Data ready | representation=preextracted_features | base_train=48000 | validation=12000 | test=10000 | classes=10 | image_size=0 | feature_dimension=4096
2026-07-18 23:37:00,509 | INFO | run_experiments | Starting run MNIST_alexnet_MEM_accuracy_kp2500_seed42
2026-07-18 23:37:00,509 | INFO | algorithms.memetic | Starting MEM | target_metric=accuracy | keep_percentage=0.2500 | population_size=10 | max_evaluations=100
2026-07-18 23:43:12,721 | INFO | algorithms.memetic | [MEM] New best during Local Search at evaluation 27/100 | generation=1 | accuracy=0.964167
2026-07-18 23:48:14,481 | INFO | algorithms.memetic | [MEM] New best during Local Search at evaluation 49/100 | generation=1 | accuracy=0.964250
2026-07-18 23:54:51,799 | INFO | algorithms.memetic | [MEM] New best during Local Search at evaluation 78/100 | generation=2 | accuracy=0.965667
2026-07-18 23:59:53,075 | INFO | algorithms.memetic | [MEM] Finished | evaluations=100 | generations=3 | best_accuracy=0.965667
2026-07-18 23:59:53,126 | INFO | run_experiments | Completed MNIST_alexnet_MEM_accuracy_kp2500_seed42 | evaluations=100 | best_accuracy=0.965667
2026-07-18 23:59:54,150 | INFO | run_experiments | Starting run MNIST_alexnet_MEM_accuracy_kp2500_seed123
2026-07-18 23:59:54,150 | INFO | algorithms.memetic | Starting MEM | target_metric=accuracy | keep_percentage=0.2500 | population_size=10 | max_evaluations=100
2026-07-19 00:03:47,653 | INFO | algorithms.memetic | [MEM] New best during Local Search at evaluation 17/100 | generation=1 | accuracy=0.966083
2026-07-19 00:22:46,150 | INFO | algorithms.memetic | [MEM] Finished | evaluations=100 | generations=3 | best_accuracy=0.966083
2026-07-19 00:22:46,200 | INFO | run_experiments | Completed MNIST_alexnet_MEM_accuracy_kp2500_seed123 | evaluations=100 | best_accuracy=0.966083
2026-07-19 00:22:47,227 | INFO | run_experiments | Starting run MNIST_alexnet_MEM_accuracy_kp2500_seed456
2026-07-19 00:22:47,227 | INFO | algorithms.memetic | Starting MEM | target_metric=accuracy | keep_percentage=0.2500 | population_size=10 | max_evaluations=100
2026-07-19 00:45:38,512 | INFO | algorithms.memetic | [MEM] Finished | evaluations=100 | generations=3 | best_accuracy=0.966333
2026-07-19 00:45:38,812 | INFO | run_experiments | Completed MNIST_alexnet_MEM_accuracy_kp2500_seed456 | evaluations=100 | best_accuracy=0.966333
2026-07-19 00:45:39,831 | INFO | run_experiments | Starting run MNIST_alexnet_MEM_accuracy_kp2500_seed789
2026-07-19 00:45:39,831 | INFO | algorithms.memetic | Starting MEM | target_metric=accuracy | keep_percentage=0.2500 | population_size=10 | max_evaluations=100
2026-07-19 00:52:18,113 | INFO | algorithms.memetic | [MEM] New best during Local Search at evaluation 29/100 | generation=1 | accuracy=0.963917
2026-07-19 00:54:08,411 | INFO | algorithms.memetic | [MEM] New best during Local Search at evaluation 37/100 | generation=1 | accuracy=0.964333
2026-07-19 01:08:38,322 | INFO | algorithms.memetic | [MEM] Finished | evaluations=100 | generations=4 | best_accuracy=0.964667
2026-07-19 01:08:38,406 | INFO | run_experiments | Completed MNIST_alexnet_MEM_accuracy_kp2500_seed789 | evaluations=100 | best_accuracy=0.964667
2026-07-19 01:08:39,432 | INFO | run_experiments | Starting run MNIST_alexnet_MEM_accuracy_kp2500_seed1024
2026-07-19 01:08:39,432 | INFO | algorithms.memetic | Starting MEM | target_metric=accuracy | keep_percentage=0.2500 | population_size=10 | max_evaluations=100
2026-07-19 01:16:01,382 | INFO | algorithms.memetic | [MEM] New best during Local Search at evaluation 32/100 | generation=1 | accuracy=0.965500
2026-07-19 01:17:38,041 | INFO | algorithms.memetic | [MEM] New best during Local Search at evaluation 39/100 | generation=1 | accuracy=0.965833
2026-07-19 01:31:40,839 | INFO | algorithms.memetic | [MEM] Finished | evaluations=100 | generations=2 | best_accuracy=0.965833
2026-07-19 01:31:40,890 | INFO | run_experiments | Completed MNIST_alexnet_MEM_accuracy_kp2500_seed1024 | evaluations=100 | best_accuracy=0.965833
2026-07-19 01:31:41,253 | INFO | run_experiments | Experiment completed successfully: prelim_features_mnist_alexnet_MEM_kp25
