2026-07-19 16:49:21,133 | INFO | run_experiments | Experiment=prelim_features_mnist_resnext_GEN_kp90 | device=cuda | search_runs=5 | planned_fitness_evaluations=500
2026-07-19 16:49:21,137 | INFO | run_experiments | Training protocol | pretrained=True | freeze_backbone=True | trainable_scope=replacement_classifier_only | representation=preextracted_features
2026-07-19 16:49:21,137 | INFO | run_experiments | Preparing data | dataset=MNIST | model=resnext
2026-07-19 16:49:21,716 | INFO | utils.data_utils | [Features] Tensors loaded | active_train=48000 | base_train=48000 | validation=12000 | test=10000 | classes=10
2026-07-19 16:49:21,845 | INFO | run_experiments | Data ready | representation=preextracted_features | base_train=48000 | validation=12000 | test=10000 | classes=10 | image_size=0 | feature_dimension=2048
2026-07-19 16:49:22,978 | INFO | run_experiments | Starting run MNIST_resnext_GEN_accuracy_kp9000_seed42
2026-07-19 16:49:22,979 | INFO | algorithms.genetic | Starting GEN | target_metric=accuracy | keep_percentage=0.9000 | population_size=10 | max_evaluations=100
2026-07-19 17:46:59,817 | INFO | algorithms.genetic | [GEN] Finished | evaluations=100 | generations=10 | best_accuracy=0.976500
2026-07-19 17:46:59,911 | INFO | run_experiments | Completed MNIST_resnext_GEN_accuracy_kp9000_seed42 | evaluations=100 | best_accuracy=0.976500
2026-07-19 17:47:00,787 | INFO | run_experiments | Starting run MNIST_resnext_GEN_accuracy_kp9000_seed123
2026-07-19 17:47:00,787 | INFO | algorithms.genetic | Starting GEN | target_metric=accuracy | keep_percentage=0.9000 | population_size=10 | max_evaluations=100
2026-07-19 17:53:20,870 | INFO | algorithms.genetic | [GEN] New best at evaluation 11/100 | generation=1 | accuracy=0.976250
2026-07-19 17:54:29,850 | INFO | algorithms.genetic | [GEN] New best at evaluation 13/100 | generation=1 | accuracy=0.976500
2026-07-19 18:41:02,790 | INFO | algorithms.genetic | [GEN] Finished | evaluations=100 | generations=10 | best_accuracy=0.976500
2026-07-19 18:41:02,896 | INFO | run_experiments | Completed MNIST_resnext_GEN_accuracy_kp9000_seed123 | evaluations=100 | best_accuracy=0.976500
2026-07-19 18:41:03,668 | INFO | run_experiments | Starting run MNIST_resnext_GEN_accuracy_kp9000_seed456
2026-07-19 18:41:03,669 | INFO | algorithms.genetic | Starting GEN | target_metric=accuracy | keep_percentage=0.9000 | population_size=10 | max_evaluations=100
2026-07-19 18:50:58,749 | INFO | algorithms.genetic | [GEN] New best at evaluation 19/100 | generation=1 | accuracy=0.976250
2026-07-19 19:08:13,019 | INFO | algorithms.genetic | [GEN] New best at evaluation 52/100 | generation=5 | accuracy=0.976667
2026-07-19 19:33:15,715 | INFO | algorithms.genetic | [GEN] Finished | evaluations=100 | generations=10 | best_accuracy=0.976667
2026-07-19 19:33:15,808 | INFO | run_experiments | Completed MNIST_resnext_GEN_accuracy_kp9000_seed456 | evaluations=100 | best_accuracy=0.976667
2026-07-19 19:33:16,588 | INFO | run_experiments | Starting run MNIST_resnext_GEN_accuracy_kp9000_seed789
2026-07-19 19:33:16,588 | INFO | algorithms.genetic | Starting GEN | target_metric=accuracy | keep_percentage=0.9000 | population_size=10 | max_evaluations=100
2026-07-19 19:42:09,087 | INFO | algorithms.genetic | [GEN] New best at evaluation 17/100 | generation=1 | accuracy=0.976083
2026-07-19 19:46:51,067 | INFO | algorithms.genetic | [GEN] New best at evaluation 26/100 | generation=2 | accuracy=0.976250
2026-07-19 20:12:57,296 | INFO | algorithms.genetic | [GEN] New best at evaluation 76/100 | generation=8 | accuracy=0.976750
2026-07-19 20:25:28,597 | INFO | algorithms.genetic | [GEN] Finished | evaluations=100 | generations=10 | best_accuracy=0.976750
2026-07-19 20:25:28,690 | INFO | run_experiments | Completed MNIST_resnext_GEN_accuracy_kp9000_seed789 | evaluations=100 | best_accuracy=0.976750
2026-07-19 20:25:29,488 | INFO | run_experiments | Starting run MNIST_resnext_GEN_accuracy_kp9000_seed1024
2026-07-19 20:25:29,489 | INFO | algorithms.genetic | Starting GEN | target_metric=accuracy | keep_percentage=0.9000 | population_size=10 | max_evaluations=100
2026-07-19 20:45:52,074 | INFO | algorithms.genetic | [GEN] New best at evaluation 39/100 | generation=4 | accuracy=0.976000
2026-07-19 20:52:39,083 | INFO | algorithms.genetic | [GEN] New best at evaluation 52/100 | generation=5 | accuracy=0.976083
2026-07-19 21:17:42,657 | INFO | algorithms.genetic | [GEN] Finished | evaluations=100 | generations=10 | best_accuracy=0.976083
2026-07-19 21:17:42,754 | INFO | run_experiments | Completed MNIST_resnext_GEN_accuracy_kp9000_seed1024 | evaluations=100 | best_accuracy=0.976083
2026-07-19 21:17:43,095 | INFO | run_experiments | Experiment completed successfully: prelim_features_mnist_resnext_GEN_kp90
