2026-07-19 08:30:38,734 | INFO | run_experiments | Experiment=prelim_features_mnist_resnext_RS_kp25 | device=cuda | search_runs=5 | planned_fitness_evaluations=500
2026-07-19 08:30:38,737 | INFO | run_experiments | Training protocol | pretrained=True | freeze_backbone=True | trainable_scope=replacement_classifier_only | representation=preextracted_features
2026-07-19 08:30:38,737 | INFO | run_experiments | Preparing data | dataset=MNIST | model=resnext
2026-07-19 08:30:50,699 | INFO | utils.data_utils | [Features] Tensors loaded | active_train=48000 | base_train=48000 | validation=12000 | test=10000 | classes=10
2026-07-19 08:30:50,875 | INFO | run_experiments | Data ready | representation=preextracted_features | base_train=48000 | validation=12000 | test=10000 | classes=10 | image_size=0 | feature_dimension=2048
2026-07-19 08:30:52,423 | INFO | run_experiments | Starting run MNIST_resnext_RS_accuracy_kp2500_seed42
2026-07-19 08:30:52,423 | INFO | algorithms.random_search | Starting RS | target_metric=accuracy | keep_percentage=0.2500 | max_evaluations=100
2026-07-19 08:31:07,645 | INFO | algorithms.random_search | [RS] New best at evaluation 1/100 | accuracy=0.964667
2026-07-19 08:35:28,718 | INFO | algorithms.random_search | [RS] New best at evaluation 21/100 | accuracy=0.964833
2026-07-19 08:37:38,629 | INFO | algorithms.random_search | [RS] New best at evaluation 31/100 | accuracy=0.965167
2026-07-19 08:49:34,161 | INFO | algorithms.random_search | [RS] New best at evaluation 86/100 | accuracy=0.965667
2026-07-19 08:52:35,868 | INFO | algorithms.random_search | [RS] Finished | evaluations=100 | best_accuracy=0.965667
2026-07-19 08:52:35,913 | INFO | run_experiments | Completed MNIST_resnext_RS_accuracy_kp2500_seed42 | evaluations=100 | best_accuracy=0.965667
2026-07-19 08:52:36,765 | INFO | run_experiments | Starting run MNIST_resnext_RS_accuracy_kp2500_seed123
2026-07-19 08:52:36,765 | INFO | algorithms.random_search | Starting RS | target_metric=accuracy | keep_percentage=0.2500 | max_evaluations=100
2026-07-19 08:52:50,006 | INFO | algorithms.random_search | [RS] New best at evaluation 1/100 | accuracy=0.963417
2026-07-19 08:53:02,979 | INFO | algorithms.random_search | [RS] New best at evaluation 2/100 | accuracy=0.964000
2026-07-19 08:53:15,912 | INFO | algorithms.random_search | [RS] New best at evaluation 3/100 | accuracy=0.964417
2026-07-19 08:55:51,466 | INFO | algorithms.random_search | [RS] New best at evaluation 15/100 | accuracy=0.964667
2026-07-19 08:57:09,330 | INFO | algorithms.random_search | [RS] New best at evaluation 21/100 | accuracy=0.965000
2026-07-19 08:59:06,640 | INFO | algorithms.random_search | [RS] New best at evaluation 30/100 | accuracy=0.965250
2026-07-19 09:14:17,996 | INFO | algorithms.random_search | [RS] Finished | evaluations=100 | best_accuracy=0.965250
2026-07-19 09:14:18,161 | INFO | run_experiments | Completed MNIST_resnext_RS_accuracy_kp2500_seed123 | evaluations=100 | best_accuracy=0.965250
2026-07-19 09:14:19,040 | INFO | run_experiments | Starting run MNIST_resnext_RS_accuracy_kp2500_seed456
2026-07-19 09:14:19,041 | INFO | algorithms.random_search | Starting RS | target_metric=accuracy | keep_percentage=0.2500 | max_evaluations=100
2026-07-19 09:14:31,973 | INFO | algorithms.random_search | [RS] New best at evaluation 1/100 | accuracy=0.963917
2026-07-19 09:15:10,771 | INFO | algorithms.random_search | [RS] New best at evaluation 4/100 | accuracy=0.964917
2026-07-19 09:18:12,972 | INFO | algorithms.random_search | [RS] New best at evaluation 18/100 | accuracy=0.965167
2026-07-19 09:21:02,559 | INFO | algorithms.random_search | [RS] New best at evaluation 31/100 | accuracy=0.965250
2026-07-19 09:29:29,776 | INFO | algorithms.random_search | [RS] New best at evaluation 70/100 | accuracy=0.965750
2026-07-19 09:36:01,936 | INFO | algorithms.random_search | [RS] Finished | evaluations=100 | best_accuracy=0.965750
2026-07-19 09:36:01,984 | INFO | run_experiments | Completed MNIST_resnext_RS_accuracy_kp2500_seed456 | evaluations=100 | best_accuracy=0.965750
2026-07-19 09:36:02,829 | INFO | run_experiments | Starting run MNIST_resnext_RS_accuracy_kp2500_seed789
2026-07-19 09:36:02,830 | INFO | algorithms.random_search | Starting RS | target_metric=accuracy | keep_percentage=0.2500 | max_evaluations=100
2026-07-19 09:36:16,076 | INFO | algorithms.random_search | [RS] New best at evaluation 1/100 | accuracy=0.963167
2026-07-19 09:36:29,036 | INFO | algorithms.random_search | [RS] New best at evaluation 2/100 | accuracy=0.964667
2026-07-19 09:42:59,575 | INFO | algorithms.random_search | [RS] New best at evaluation 32/100 | accuracy=0.965667
2026-07-19 09:56:00,351 | INFO | algorithms.random_search | [RS] New best at evaluation 92/100 | accuracy=0.965833
2026-07-19 09:57:44,402 | INFO | algorithms.random_search | [RS] Finished | evaluations=100 | best_accuracy=0.965833
2026-07-19 09:57:44,444 | INFO | run_experiments | Completed MNIST_resnext_RS_accuracy_kp2500_seed789 | evaluations=100 | best_accuracy=0.965833
2026-07-19 09:57:45,293 | INFO | run_experiments | Starting run MNIST_resnext_RS_accuracy_kp2500_seed1024
2026-07-19 09:57:45,293 | INFO | algorithms.random_search | Starting RS | target_metric=accuracy | keep_percentage=0.2500 | max_evaluations=100
2026-07-19 09:57:58,352 | INFO | algorithms.random_search | [RS] New best at evaluation 1/100 | accuracy=0.962083
2026-07-19 09:58:11,394 | INFO | algorithms.random_search | [RS] New best at evaluation 2/100 | accuracy=0.964417
2026-07-19 09:59:16,174 | INFO | algorithms.random_search | [RS] New best at evaluation 7/100 | accuracy=0.964750
2026-07-19 10:04:41,411 | INFO | algorithms.random_search | [RS] New best at evaluation 32/100 | accuracy=0.965167
2026-07-19 10:15:46,972 | INFO | algorithms.random_search | [RS] New best at evaluation 83/100 | accuracy=0.965750
2026-07-19 10:19:29,276 | INFO | algorithms.random_search | [RS] Finished | evaluations=100 | best_accuracy=0.965750
2026-07-19 10:19:29,316 | INFO | run_experiments | Completed MNIST_resnext_RS_accuracy_kp2500_seed1024 | evaluations=100 | best_accuracy=0.965750
2026-07-19 10:19:29,633 | INFO | run_experiments | Experiment completed successfully: prelim_features_mnist_resnext_RS_kp25
