2026-07-21 01:21:11,133 | INFO | run_experiments | Experiment=prelim_features_mnist_swintransformer_GEN_kp50 | device=cuda | search_runs=5 | planned_fitness_evaluations=500
2026-07-21 01:21:11,135 | INFO | run_experiments | Training protocol | pretrained=True | freeze_backbone=True | trainable_scope=replacement_classifier_only | representation=preextracted_features
2026-07-21 01:21:11,136 | INFO | run_experiments | Preparing data | dataset=MNIST | model=swintransformer
2026-07-21 01:21:11,368 | INFO | utils.data_utils | [Features] Tensors loaded | active_train=48000 | base_train=48000 | validation=12000 | test=10000 | classes=10
2026-07-21 01:21:11,495 | INFO | run_experiments | Data ready | representation=preextracted_features | base_train=48000 | validation=12000 | test=10000 | classes=10 | image_size=0 | feature_dimension=768
2026-07-21 01:21:12,592 | INFO | run_experiments | Starting run MNIST_swintransformer_GEN_accuracy_kp5000_seed42
2026-07-21 01:21:12,593 | INFO | algorithms.genetic | Starting GEN | target_metric=accuracy | keep_percentage=0.5000 | population_size=10 | max_evaluations=100
2026-07-21 01:26:04,074 | INFO | algorithms.genetic | [GEN] New best at evaluation 18/100 | generation=1 | accuracy=0.968500
2026-07-21 01:43:12,507 | INFO | algorithms.genetic | [GEN] New best at evaluation 81/100 | generation=8 | accuracy=0.968583
2026-07-21 01:46:26,131 | INFO | algorithms.genetic | [GEN] New best at evaluation 93/100 | generation=10 | accuracy=0.969583
2026-07-21 01:48:14,020 | INFO | algorithms.genetic | [GEN] Finished | evaluations=100 | generations=10 | best_accuracy=0.969583
2026-07-21 01:48:14,119 | INFO | run_experiments | Completed MNIST_swintransformer_GEN_accuracy_kp5000_seed42 | evaluations=100 | best_accuracy=0.969583
2026-07-21 01:48:15,254 | INFO | run_experiments | Starting run MNIST_swintransformer_GEN_accuracy_kp5000_seed123
2026-07-21 01:48:15,255 | INFO | algorithms.genetic | Starting GEN | target_metric=accuracy | keep_percentage=0.5000 | population_size=10 | max_evaluations=100
2026-07-21 01:57:13,954 | INFO | algorithms.genetic | [GEN] New best at evaluation 34/100 | generation=3 | accuracy=0.969333
2026-07-21 02:00:54,505 | INFO | algorithms.genetic | [GEN] New best at evaluation 48/100 | generation=5 | accuracy=0.969417
2026-07-21 02:09:49,823 | INFO | algorithms.genetic | [GEN] New best at evaluation 82/100 | generation=8 | accuracy=0.969583
2026-07-21 02:12:44,586 | INFO | algorithms.genetic | [GEN] New best at evaluation 93/100 | generation=10 | accuracy=0.969833
2026-07-21 02:14:42,498 | INFO | algorithms.genetic | [GEN] Finished | evaluations=100 | generations=10 | best_accuracy=0.969833
2026-07-21 02:14:42,568 | INFO | run_experiments | Completed MNIST_swintransformer_GEN_accuracy_kp5000_seed123 | evaluations=100 | best_accuracy=0.969833
2026-07-21 02:14:43,678 | INFO | run_experiments | Starting run MNIST_swintransformer_GEN_accuracy_kp5000_seed456
2026-07-21 02:14:43,678 | INFO | algorithms.genetic | Starting GEN | target_metric=accuracy | keep_percentage=0.5000 | population_size=10 | max_evaluations=100
2026-07-21 02:17:38,909 | INFO | algorithms.genetic | [GEN] New best at evaluation 11/100 | generation=1 | accuracy=0.968250
2026-07-21 02:18:10,869 | INFO | algorithms.genetic | [GEN] New best at evaluation 13/100 | generation=1 | accuracy=0.968500
2026-07-21 02:19:32,032 | INFO | algorithms.genetic | [GEN] New best at evaluation 18/100 | generation=1 | accuracy=0.968917
2026-07-21 02:20:08,723 | INFO | algorithms.genetic | [GEN] New best at evaluation 20/100 | generation=2 | accuracy=0.970083
2026-07-21 02:41:55,492 | INFO | algorithms.genetic | [GEN] Finished | evaluations=100 | generations=10 | best_accuracy=0.970083
2026-07-21 02:41:55,559 | INFO | run_experiments | Completed MNIST_swintransformer_GEN_accuracy_kp5000_seed456 | evaluations=100 | best_accuracy=0.970083
2026-07-21 02:41:56,718 | INFO | run_experiments | Starting run MNIST_swintransformer_GEN_accuracy_kp5000_seed789
2026-07-21 02:41:56,718 | INFO | algorithms.genetic | Starting GEN | target_metric=accuracy | keep_percentage=0.5000 | population_size=10 | max_evaluations=100
2026-07-21 02:46:59,267 | INFO | algorithms.genetic | [GEN] New best at evaluation 18/100 | generation=1 | accuracy=0.967750
2026-07-21 02:47:45,751 | INFO | algorithms.genetic | [GEN] New best at evaluation 21/100 | generation=2 | accuracy=0.969083
2026-07-21 02:54:22,236 | INFO | algorithms.genetic | [GEN] New best at evaluation 45/100 | generation=4 | accuracy=0.969500
2026-07-21 03:08:22,066 | INFO | algorithms.genetic | [GEN] New best at evaluation 98/100 | generation=10 | accuracy=0.969750
2026-07-21 03:08:51,364 | INFO | algorithms.genetic | [GEN] Finished | evaluations=100 | generations=10 | best_accuracy=0.969750
2026-07-21 03:08:51,428 | INFO | run_experiments | Completed MNIST_swintransformer_GEN_accuracy_kp5000_seed789 | evaluations=100 | best_accuracy=0.969750
2026-07-21 03:08:52,531 | INFO | run_experiments | Starting run MNIST_swintransformer_GEN_accuracy_kp5000_seed1024
2026-07-21 03:08:52,532 | INFO | algorithms.genetic | Starting GEN | target_metric=accuracy | keep_percentage=0.5000 | population_size=10 | max_evaluations=100
2026-07-21 03:11:45,227 | INFO | algorithms.genetic | [GEN] New best at evaluation 11/100 | generation=1 | accuracy=0.968083
2026-07-21 03:13:51,568 | INFO | algorithms.genetic | [GEN] New best at evaluation 19/100 | generation=1 | accuracy=0.968917
2026-07-21 03:30:30,507 | INFO | algorithms.genetic | [GEN] New best at evaluation 82/100 | generation=8 | accuracy=0.969167
2026-07-21 03:35:32,797 | INFO | algorithms.genetic | [GEN] Finished | evaluations=100 | generations=10 | best_accuracy=0.969167
2026-07-21 03:35:32,862 | INFO | run_experiments | Completed MNIST_swintransformer_GEN_accuracy_kp5000_seed1024 | evaluations=100 | best_accuracy=0.969167
2026-07-21 03:35:33,147 | INFO | run_experiments | Experiment completed successfully: prelim_features_mnist_swintransformer_GEN_kp50
