2026-07-21 07:56:51,055 | INFO | run_experiments | Experiment=prelim_features_mnist_swintransformer_MEM_kp90 | device=cuda | search_runs=5 | planned_fitness_evaluations=500
2026-07-21 07:56:51,057 | INFO | run_experiments | Training protocol | pretrained=True | freeze_backbone=True | trainable_scope=replacement_classifier_only | representation=preextracted_features
2026-07-21 07:56:51,057 | INFO | run_experiments | Preparing data | dataset=MNIST | model=swintransformer
2026-07-21 07:56:53,207 | INFO | utils.data_utils | [Features] Tensors loaded | active_train=48000 | base_train=48000 | validation=12000 | test=10000 | classes=10
2026-07-21 07:56:53,337 | INFO | run_experiments | Data ready | representation=preextracted_features | base_train=48000 | validation=12000 | test=10000 | classes=10 | image_size=0 | feature_dimension=768
2026-07-21 07:56:54,621 | INFO | run_experiments | Starting run MNIST_swintransformer_MEM_accuracy_kp9000_seed42
2026-07-21 07:56:54,622 | INFO | algorithms.memetic | Starting MEM | target_metric=accuracy | keep_percentage=0.9000 | population_size=10 | max_evaluations=100
2026-07-21 08:04:56,623 | INFO | algorithms.memetic | [MEM] New best during Local Search at evaluation 19/100 | generation=1 | accuracy=0.973250
2026-07-21 08:06:16,695 | INFO | algorithms.memetic | [MEM] New best during Local Search at evaluation 22/100 | generation=1 | accuracy=0.974417
2026-07-21 08:27:02,610 | INFO | algorithms.memetic | [MEM] New best during Local Search at evaluation 72/100 | generation=2 | accuracy=0.974667
2026-07-21 08:39:02,323 | INFO | algorithms.memetic | [MEM] Finished | evaluations=100 | generations=4 | best_accuracy=0.974667
2026-07-21 08:39:02,489 | INFO | run_experiments | Completed MNIST_swintransformer_MEM_accuracy_kp9000_seed42 | evaluations=100 | best_accuracy=0.974667
2026-07-21 08:39:03,870 | INFO | run_experiments | Starting run MNIST_swintransformer_MEM_accuracy_kp9000_seed123
2026-07-21 08:39:03,870 | INFO | algorithms.memetic | Starting MEM | target_metric=accuracy | keep_percentage=0.9000 | population_size=10 | max_evaluations=100
2026-07-21 08:50:28,282 | INFO | algorithms.memetic | [MEM] New best during Local Search at evaluation 27/100 | generation=1 | accuracy=0.973333
2026-07-21 08:52:55,914 | INFO | algorithms.memetic | [MEM] New best during Local Search at evaluation 33/100 | generation=1 | accuracy=0.973417
2026-07-21 08:56:17,628 | INFO | algorithms.memetic | [MEM] New best during Local Search at evaluation 41/100 | generation=1 | accuracy=0.973667
2026-07-21 09:20:56,116 | INFO | algorithms.memetic | [MEM] Finished | evaluations=100 | generations=4 | best_accuracy=0.974000
2026-07-21 09:20:56,209 | INFO | run_experiments | Completed MNIST_swintransformer_MEM_accuracy_kp9000_seed123 | evaluations=100 | best_accuracy=0.974000
2026-07-21 09:20:57,313 | INFO | run_experiments | Starting run MNIST_swintransformer_MEM_accuracy_kp9000_seed456
2026-07-21 09:20:57,313 | INFO | algorithms.memetic | Starting MEM | target_metric=accuracy | keep_percentage=0.9000 | population_size=10 | max_evaluations=100
2026-07-21 10:01:44,165 | INFO | algorithms.memetic | [MEM] Finished | evaluations=100 | generations=4 | best_accuracy=0.974000
2026-07-21 10:01:44,256 | INFO | run_experiments | Completed MNIST_swintransformer_MEM_accuracy_kp9000_seed456 | evaluations=100 | best_accuracy=0.974000
2026-07-21 10:01:45,911 | INFO | run_experiments | Starting run MNIST_swintransformer_MEM_accuracy_kp9000_seed789
2026-07-21 10:01:45,911 | INFO | algorithms.memetic | Starting MEM | target_metric=accuracy | keep_percentage=0.9000 | population_size=10 | max_evaluations=100
2026-07-21 10:42:49,504 | INFO | algorithms.memetic | [MEM] Finished | evaluations=100 | generations=5 | best_accuracy=0.974167
2026-07-21 10:42:50,647 | INFO | run_experiments | Completed MNIST_swintransformer_MEM_accuracy_kp9000_seed789 | evaluations=100 | best_accuracy=0.974167
2026-07-21 10:42:51,842 | INFO | run_experiments | Starting run MNIST_swintransformer_MEM_accuracy_kp9000_seed1024
2026-07-21 10:42:51,842 | INFO | algorithms.memetic | Starting MEM | target_metric=accuracy | keep_percentage=0.9000 | population_size=10 | max_evaluations=100
2026-07-21 11:20:36,853 | INFO | algorithms.memetic | [MEM] New best during Local Search at evaluation 93/100 | generation=3 | accuracy=0.974833
2026-07-21 11:23:28,284 | INFO | algorithms.memetic | [MEM] Finished | evaluations=100 | generations=3 | best_accuracy=0.974833
2026-07-21 11:23:28,473 | INFO | run_experiments | Completed MNIST_swintransformer_MEM_accuracy_kp9000_seed1024 | evaluations=100 | best_accuracy=0.974833
2026-07-21 11:23:28,877 | INFO | run_experiments | Experiment completed successfully: prelim_features_mnist_swintransformer_MEM_kp90
