2026-07-18 21:25:59,255 | INFO | run_experiments | Experiment=prelim_features_mnist_alexnet_GEN_kp75 | device=cuda | search_runs=5 | planned_fitness_evaluations=500
2026-07-18 21:25:59,270 | INFO | run_experiments | Training protocol | pretrained=True | freeze_backbone=True | trainable_scope=replacement_classifier_only | representation=preextracted_features
2026-07-18 21:25:59,270 | INFO | run_experiments | Preparing data | dataset=MNIST | model=alexnet
2026-07-18 21:26:00,174 | INFO | utils.data_utils | [Features] Tensors loaded | active_train=48000 | base_train=48000 | validation=12000 | test=10000 | classes=10
2026-07-18 21:26:00,344 | INFO | run_experiments | Data ready | representation=preextracted_features | base_train=48000 | validation=12000 | test=10000 | classes=10 | image_size=0 | feature_dimension=4096
2026-07-18 21:26:02,047 | INFO | run_experiments | Starting run MNIST_alexnet_GEN_accuracy_kp7500_seed42
2026-07-18 21:26:02,047 | INFO | algorithms.genetic | Starting GEN | target_metric=accuracy | keep_percentage=0.7500 | population_size=10 | max_evaluations=100
2026-07-18 21:42:21,643 | INFO | algorithms.genetic | [GEN] New best at evaluation 31/100 | generation=3 | accuracy=0.974500
2026-07-18 21:46:01,732 | INFO | algorithms.genetic | [GEN] New best at evaluation 38/100 | generation=4 | accuracy=0.976750
2026-07-18 21:56:33,120 | INFO | algorithms.genetic | [GEN] New best at evaluation 58/100 | generation=6 | accuracy=0.977250
2026-07-18 22:18:40,578 | INFO | algorithms.genetic | [GEN] Finished | evaluations=100 | generations=10 | best_accuracy=0.977250
2026-07-18 22:18:40,820 | INFO | run_experiments | Completed MNIST_alexnet_GEN_accuracy_kp7500_seed42 | evaluations=100 | best_accuracy=0.977250
2026-07-18 22:18:41,910 | INFO | run_experiments | Starting run MNIST_alexnet_GEN_accuracy_kp7500_seed123
2026-07-18 22:18:41,910 | INFO | algorithms.genetic | Starting GEN | target_metric=accuracy | keep_percentage=0.7500 | population_size=10 | max_evaluations=100
2026-07-18 22:52:59,774 | INFO | algorithms.genetic | [GEN] New best at evaluation 65/100 | generation=7 | accuracy=0.975417
2026-07-18 23:11:28,185 | INFO | algorithms.genetic | [GEN] Finished | evaluations=100 | generations=10 | best_accuracy=0.975417
2026-07-18 23:11:28,274 | INFO | run_experiments | Completed MNIST_alexnet_GEN_accuracy_kp7500_seed123 | evaluations=100 | best_accuracy=0.975417
2026-07-18 23:11:29,294 | INFO | run_experiments | Starting run MNIST_alexnet_GEN_accuracy_kp7500_seed456
2026-07-18 23:11:29,294 | INFO | algorithms.genetic | Starting GEN | target_metric=accuracy | keep_percentage=0.7500 | population_size=10 | max_evaluations=100
2026-07-18 23:18:22,015 | INFO | algorithms.genetic | [GEN] New best at evaluation 13/100 | generation=1 | accuracy=0.975083
2026-07-18 23:28:56,433 | INFO | algorithms.genetic | [GEN] New best at evaluation 33/100 | generation=3 | accuracy=0.975250
2026-07-18 23:36:55,409 | INFO | algorithms.genetic | [GEN] New best at evaluation 48/100 | generation=5 | accuracy=0.975417
2026-07-18 23:48:02,037 | INFO | algorithms.genetic | [GEN] New best at evaluation 69/100 | generation=7 | accuracy=0.975750
2026-07-19 00:04:26,277 | INFO | algorithms.genetic | [GEN] Finished | evaluations=100 | generations=10 | best_accuracy=0.975750
2026-07-19 00:04:26,364 | INFO | run_experiments | Completed MNIST_alexnet_GEN_accuracy_kp7500_seed456 | evaluations=100 | best_accuracy=0.975750
2026-07-19 00:04:27,514 | INFO | run_experiments | Starting run MNIST_alexnet_GEN_accuracy_kp7500_seed789
2026-07-19 00:04:27,515 | INFO | algorithms.genetic | Starting GEN | target_metric=accuracy | keep_percentage=0.7500 | population_size=10 | max_evaluations=100
2026-07-19 00:15:03,311 | INFO | algorithms.genetic | [GEN] New best at evaluation 20/100 | generation=2 | accuracy=0.975167
2026-07-19 00:18:14,204 | INFO | algorithms.genetic | [GEN] New best at evaluation 26/100 | generation=2 | accuracy=0.975750
2026-07-19 00:57:29,504 | INFO | algorithms.genetic | [GEN] Finished | evaluations=100 | generations=10 | best_accuracy=0.975750
2026-07-19 00:57:29,592 | INFO | run_experiments | Completed MNIST_alexnet_GEN_accuracy_kp7500_seed789 | evaluations=100 | best_accuracy=0.975750
2026-07-19 00:57:30,622 | INFO | run_experiments | Starting run MNIST_alexnet_GEN_accuracy_kp7500_seed1024
2026-07-19 00:57:30,622 | INFO | algorithms.genetic | Starting GEN | target_metric=accuracy | keep_percentage=0.7500 | population_size=10 | max_evaluations=100
2026-07-19 01:03:20,556 | INFO | algorithms.genetic | [GEN] New best at evaluation 11/100 | generation=1 | accuracy=0.975167
2026-07-19 01:03:52,336 | INFO | algorithms.genetic | [GEN] New best at evaluation 12/100 | generation=1 | accuracy=0.975750
2026-07-19 01:50:38,544 | INFO | algorithms.genetic | [GEN] Finished | evaluations=100 | generations=10 | best_accuracy=0.975750
2026-07-19 01:50:38,633 | INFO | run_experiments | Completed MNIST_alexnet_GEN_accuracy_kp7500_seed1024 | evaluations=100 | best_accuracy=0.975750
2026-07-19 01:50:38,981 | INFO | run_experiments | Experiment completed successfully: prelim_features_mnist_alexnet_GEN_kp75
