2026-08-26 05:09:14,939 | INFO | run_experiments | Experiment=main_b1000_cifar10_alexnet_RS_kp50_seed456 | device=cuda | search_runs=1 | planned_fitness_evaluations=1000
2026-08-26 05:09:14,940 | INFO | run_experiments | Training protocol | pretrained=True | freeze_backbone=True | trainable_scope=replacement_classifier_only | representation=preextracted_features
2026-08-26 05:09:14,940 | INFO | run_experiments | Preparing data | dataset=CIFAR10 | model=alexnet
2026-08-26 05:09:24,289 | INFO | utils.data_utils | [Features] Tensors loaded | active_train=40000 | base_train=40000 | validation=10000 | test=10000 | classes=10
2026-08-26 05:09:24,437 | INFO | run_experiments | Data ready | representation=preextracted_features | base_train=40000 | validation=10000 | test=10000 | classes=10 | image_size=0 | feature_dimension=4096
2026-08-26 05:09:25,345 | INFO | run_experiments | Starting run CIFAR10_alexnet_RS_accuracy_kp5000_seed456
2026-08-26 05:09:25,345 | INFO | algorithms.random_search | Starting RS | target_metric=accuracy | keep_percentage=0.5000 | max_evaluations=1000
2026-08-26 05:09:41,216 | INFO | algorithms.random_search | [RS] New best at evaluation 1/1000 | accuracy=0.802300
2026-08-26 05:09:56,209 | INFO | algorithms.random_search | [RS] New best at evaluation 2/1000 | accuracy=0.808400
2026-08-26 05:10:26,114 | INFO | algorithms.random_search | [RS] New best at evaluation 4/1000 | accuracy=0.810600
2026-08-26 05:10:56,064 | INFO | algorithms.random_search | [RS] New best at evaluation 6/1000 | accuracy=0.811800
2026-08-26 05:12:40,319 | INFO | algorithms.random_search | [RS] New best at evaluation 13/1000 | accuracy=0.812000
2026-08-26 05:35:11,806 | INFO | algorithms.random_search | [RS] New best at evaluation 95/1000 | accuracy=0.812700
2026-08-26 06:26:14,823 | INFO | algorithms.random_search | [RS] New best at evaluation 261/1000 | accuracy=0.813100
2026-08-26 06:38:21,152 | INFO | algorithms.random_search | [RS] New best at evaluation 292/1000 | accuracy=0.813600
2026-08-26 06:39:38,661 | INFO | algorithms.random_search | [RS] New best at evaluation 297/1000 | accuracy=0.814400
2026-08-26 07:09:41,726 | INFO | algorithms.random_search | [RS] New best at evaluation 392/1000 | accuracy=0.814700
2026-08-26 07:32:22,958 | INFO | algorithms.random_search | [RS] New best at evaluation 465/1000 | accuracy=0.817900
2026-08-26 10:14:26,471 | INFO | algorithms.random_search | [RS] Finished | evaluations=1000 | best_accuracy=0.817900
2026-08-26 10:15:47,439 | INFO | run_experiments | Completed CIFAR10_alexnet_RS_accuracy_kp5000_seed456 | evaluations=1000 | best_accuracy=0.817900
2026-08-26 10:16:37,136 | INFO | run_experiments | Experiment completed successfully: main_b1000_cifar10_alexnet_RS_kp50_seed456
