2026-07-19 23:26:18,504 | INFO | run_experiments | Experiment=prelim_features_mnist_efficientnetv2_RS_kp10 | device=cuda | search_runs=5 | planned_fitness_evaluations=500
2026-07-19 23:26:18,507 | INFO | run_experiments | Training protocol | pretrained=True | freeze_backbone=True | trainable_scope=replacement_classifier_only | representation=preextracted_features
2026-07-19 23:26:18,507 | INFO | run_experiments | Preparing data | dataset=MNIST | model=efficientnetv2
2026-07-19 23:26:24,918 | INFO | utils.data_utils | [Features] Tensors loaded | active_train=48000 | base_train=48000 | validation=12000 | test=10000 | classes=10
2026-07-19 23:26:25,058 | INFO | run_experiments | Data ready | representation=preextracted_features | base_train=48000 | validation=12000 | test=10000 | classes=10 | image_size=0 | feature_dimension=1280
2026-07-19 23:26:26,288 | INFO | run_experiments | Starting run MNIST_efficientnetv2_RS_accuracy_kp1000_seed42
2026-07-19 23:26:26,289 | INFO | algorithms.random_search | Starting RS | target_metric=accuracy | keep_percentage=0.1000 | max_evaluations=100
2026-07-19 23:26:35,202 | INFO | algorithms.random_search | [RS] New best at evaluation 1/100 | accuracy=0.939083
2026-07-19 23:26:43,246 | INFO | algorithms.random_search | [RS] New best at evaluation 2/100 | accuracy=0.939750
2026-07-19 23:26:51,310 | INFO | algorithms.random_search | [RS] New best at evaluation 3/100 | accuracy=0.941500
2026-07-19 23:26:59,282 | INFO | algorithms.random_search | [RS] New best at evaluation 4/100 | accuracy=0.942833
2026-07-19 23:27:55,854 | INFO | algorithms.random_search | [RS] New best at evaluation 11/100 | accuracy=0.943500
2026-07-19 23:28:35,909 | INFO | algorithms.random_search | [RS] New best at evaluation 16/100 | accuracy=0.943667
2026-07-19 23:30:59,887 | INFO | algorithms.random_search | [RS] New best at evaluation 34/100 | accuracy=0.946000
2026-07-19 23:39:47,746 | INFO | algorithms.random_search | [RS] Finished | evaluations=100 | best_accuracy=0.946000
2026-07-19 23:39:47,774 | INFO | run_experiments | Completed MNIST_efficientnetv2_RS_accuracy_kp1000_seed42 | evaluations=100 | best_accuracy=0.946000
2026-07-19 23:39:48,699 | INFO | run_experiments | Starting run MNIST_efficientnetv2_RS_accuracy_kp1000_seed123
2026-07-19 23:39:48,700 | INFO | algorithms.random_search | Starting RS | target_metric=accuracy | keep_percentage=0.1000 | max_evaluations=100
2026-07-19 23:39:56,670 | INFO | algorithms.random_search | [RS] New best at evaluation 1/100 | accuracy=0.941833
2026-07-19 23:40:04,658 | INFO | algorithms.random_search | [RS] New best at evaluation 2/100 | accuracy=0.942083
2026-07-19 23:40:12,638 | INFO | algorithms.random_search | [RS] New best at evaluation 3/100 | accuracy=0.945000
2026-07-19 23:43:41,295 | INFO | algorithms.random_search | [RS] New best at evaluation 29/100 | accuracy=0.945333
2026-07-19 23:44:37,099 | INFO | algorithms.random_search | [RS] New best at evaluation 36/100 | accuracy=0.946583
2026-07-19 23:53:07,901 | INFO | algorithms.random_search | [RS] Finished | evaluations=100 | best_accuracy=0.946583
2026-07-19 23:53:07,930 | INFO | run_experiments | Completed MNIST_efficientnetv2_RS_accuracy_kp1000_seed123 | evaluations=100 | best_accuracy=0.946583
2026-07-19 23:53:08,840 | INFO | run_experiments | Starting run MNIST_efficientnetv2_RS_accuracy_kp1000_seed456
2026-07-19 23:53:08,841 | INFO | algorithms.random_search | Starting RS | target_metric=accuracy | keep_percentage=0.1000 | max_evaluations=100
2026-07-19 23:53:16,802 | INFO | algorithms.random_search | [RS] New best at evaluation 1/100 | accuracy=0.938833
2026-07-19 23:53:24,792 | INFO | algorithms.random_search | [RS] New best at evaluation 2/100 | accuracy=0.939917
2026-07-19 23:53:40,686 | INFO | algorithms.random_search | [RS] New best at evaluation 4/100 | accuracy=0.941250
2026-07-19 23:54:12,612 | INFO | algorithms.random_search | [RS] New best at evaluation 8/100 | accuracy=0.941750
2026-07-19 23:54:20,554 | INFO | algorithms.random_search | [RS] New best at evaluation 9/100 | accuracy=0.942000
2026-07-19 23:54:28,508 | INFO | algorithms.random_search | [RS] New best at evaluation 10/100 | accuracy=0.943750
2026-07-19 23:57:00,225 | INFO | algorithms.random_search | [RS] New best at evaluation 29/100 | accuracy=0.944667
2026-07-20 00:06:29,984 | INFO | algorithms.random_search | [RS] Finished | evaluations=100 | best_accuracy=0.944667
2026-07-20 00:06:30,013 | INFO | run_experiments | Completed MNIST_efficientnetv2_RS_accuracy_kp1000_seed456 | evaluations=100 | best_accuracy=0.944667
2026-07-20 00:06:30,936 | INFO | run_experiments | Starting run MNIST_efficientnetv2_RS_accuracy_kp1000_seed789
2026-07-20 00:06:30,936 | INFO | algorithms.random_search | Starting RS | target_metric=accuracy | keep_percentage=0.1000 | max_evaluations=100
2026-07-20 00:06:38,957 | INFO | algorithms.random_search | [RS] New best at evaluation 1/100 | accuracy=0.941583
2026-07-20 00:06:54,937 | INFO | algorithms.random_search | [RS] New best at evaluation 3/100 | accuracy=0.941833
2026-07-20 00:07:18,822 | INFO | algorithms.random_search | [RS] New best at evaluation 6/100 | accuracy=0.943000
2026-07-20 00:08:30,732 | INFO | algorithms.random_search | [RS] New best at evaluation 15/100 | accuracy=0.943667
2026-07-20 00:19:51,094 | INFO | algorithms.random_search | [RS] Finished | evaluations=100 | best_accuracy=0.943667
2026-07-20 00:19:51,124 | INFO | run_experiments | Completed MNIST_efficientnetv2_RS_accuracy_kp1000_seed789 | evaluations=100 | best_accuracy=0.943667
2026-07-20 00:19:52,026 | INFO | run_experiments | Starting run MNIST_efficientnetv2_RS_accuracy_kp1000_seed1024
2026-07-20 00:19:52,026 | INFO | algorithms.random_search | Starting RS | target_metric=accuracy | keep_percentage=0.1000 | max_evaluations=100
2026-07-20 00:20:00,303 | INFO | algorithms.random_search | [RS] New best at evaluation 1/100 | accuracy=0.942083
2026-07-20 00:20:32,066 | INFO | algorithms.random_search | [RS] New best at evaluation 5/100 | accuracy=0.943167
2026-07-20 00:21:35,729 | INFO | algorithms.random_search | [RS] New best at evaluation 13/100 | accuracy=0.943333
2026-07-20 00:23:04,147 | INFO | algorithms.random_search | [RS] New best at evaluation 24/100 | accuracy=0.944083
2026-07-20 00:23:28,159 | INFO | algorithms.random_search | [RS] New best at evaluation 27/100 | accuracy=0.944500
2026-07-20 00:26:01,038 | INFO | algorithms.random_search | [RS] New best at evaluation 46/100 | accuracy=0.944583
2026-07-20 00:30:57,285 | INFO | algorithms.random_search | [RS] New best at evaluation 83/100 | accuracy=0.944917
2026-07-20 00:33:13,922 | INFO | algorithms.random_search | [RS] Finished | evaluations=100 | best_accuracy=0.944917
2026-07-20 00:33:13,977 | INFO | run_experiments | Completed MNIST_efficientnetv2_RS_accuracy_kp1000_seed1024 | evaluations=100 | best_accuracy=0.944917
2026-07-20 00:33:14,337 | INFO | run_experiments | Experiment completed successfully: prelim_features_mnist_efficientnetv2_RS_kp10
