2026-07-20 09:59:14,559 | INFO | run_experiments | Experiment=prelim_features_mnist_efficientnetv2_GEN_kp10 | device=cuda | search_runs=5 | planned_fitness_evaluations=500
2026-07-20 09:59:14,562 | INFO | run_experiments | Training protocol | pretrained=True | freeze_backbone=True | trainable_scope=replacement_classifier_only | representation=preextracted_features
2026-07-20 09:59:14,562 | INFO | run_experiments | Preparing data | dataset=MNIST | model=efficientnetv2
2026-07-20 09:59:17,845 | INFO | utils.data_utils | [Features] Tensors loaded | active_train=48000 | base_train=48000 | validation=12000 | test=10000 | classes=10
2026-07-20 09:59:17,972 | INFO | run_experiments | Data ready | representation=preextracted_features | base_train=48000 | validation=12000 | test=10000 | classes=10 | image_size=0 | feature_dimension=1280
2026-07-20 09:59:19,014 | INFO | run_experiments | Starting run MNIST_efficientnetv2_GEN_accuracy_kp1000_seed42
2026-07-20 09:59:19,014 | INFO | algorithms.genetic | Starting GEN | target_metric=accuracy | keep_percentage=0.1000 | population_size=10 | max_evaluations=100
2026-07-20 10:01:21,929 | INFO | algorithms.genetic | [GEN] New best at evaluation 15/100 | generation=1 | accuracy=0.943500
2026-07-20 10:03:39,807 | INFO | algorithms.genetic | [GEN] New best at evaluation 32/100 | generation=3 | accuracy=0.943667
2026-07-20 10:04:52,457 | INFO | algorithms.genetic | [GEN] New best at evaluation 41/100 | generation=4 | accuracy=0.943833
2026-07-20 10:07:42,541 | INFO | algorithms.genetic | [GEN] New best at evaluation 62/100 | generation=6 | accuracy=0.944417
2026-07-20 10:11:12,167 | INFO | algorithms.genetic | [GEN] New best at evaluation 88/100 | generation=9 | accuracy=0.944500
2026-07-20 10:11:52,596 | INFO | algorithms.genetic | [GEN] New best at evaluation 93/100 | generation=10 | accuracy=0.946250
2026-07-20 10:12:48,940 | INFO | algorithms.genetic | [GEN] Finished | evaluations=100 | generations=10 | best_accuracy=0.946250
2026-07-20 10:12:48,980 | INFO | run_experiments | Completed MNIST_efficientnetv2_GEN_accuracy_kp1000_seed42 | evaluations=100 | best_accuracy=0.946250
2026-07-20 10:12:49,889 | INFO | run_experiments | Starting run MNIST_efficientnetv2_GEN_accuracy_kp1000_seed123
2026-07-20 10:12:49,889 | INFO | algorithms.genetic | Starting GEN | target_metric=accuracy | keep_percentage=0.1000 | population_size=10 | max_evaluations=100
2026-07-20 10:15:38,953 | INFO | algorithms.genetic | [GEN] New best at evaluation 21/100 | generation=2 | accuracy=0.946083
2026-07-20 10:19:51,663 | INFO | algorithms.genetic | [GEN] New best at evaluation 52/100 | generation=5 | accuracy=0.946750
2026-07-20 10:22:41,011 | INFO | algorithms.genetic | [GEN] New best at evaluation 73/100 | generation=7 | accuracy=0.947917
2026-07-20 10:26:20,280 | INFO | algorithms.genetic | [GEN] Finished | evaluations=100 | generations=10 | best_accuracy=0.947917
2026-07-20 10:26:20,319 | INFO | run_experiments | Completed MNIST_efficientnetv2_GEN_accuracy_kp1000_seed123 | evaluations=100 | best_accuracy=0.947917
2026-07-20 10:26:21,226 | INFO | run_experiments | Starting run MNIST_efficientnetv2_GEN_accuracy_kp1000_seed456
2026-07-20 10:26:21,226 | INFO | algorithms.genetic | Starting GEN | target_metric=accuracy | keep_percentage=0.1000 | population_size=10 | max_evaluations=100
2026-07-20 10:29:27,400 | INFO | algorithms.genetic | [GEN] New best at evaluation 23/100 | generation=2 | accuracy=0.943917
2026-07-20 10:31:21,383 | INFO | algorithms.genetic | [GEN] New best at evaluation 37/100 | generation=3 | accuracy=0.944333
2026-07-20 10:32:58,665 | INFO | algorithms.genetic | [GEN] New best at evaluation 49/100 | generation=5 | accuracy=0.944417
2026-07-20 10:35:32,942 | INFO | algorithms.genetic | [GEN] New best at evaluation 68/100 | generation=7 | accuracy=0.945167
2026-07-20 10:36:21,413 | INFO | algorithms.genetic | [GEN] New best at evaluation 74/100 | generation=8 | accuracy=0.946500
2026-07-20 10:39:51,958 | INFO | algorithms.genetic | [GEN] Finished | evaluations=100 | generations=10 | best_accuracy=0.946500
2026-07-20 10:39:51,996 | INFO | run_experiments | Completed MNIST_efficientnetv2_GEN_accuracy_kp1000_seed456 | evaluations=100 | best_accuracy=0.946500
2026-07-20 10:39:52,925 | INFO | run_experiments | Starting run MNIST_efficientnetv2_GEN_accuracy_kp1000_seed789
2026-07-20 10:39:52,926 | INFO | algorithms.genetic | Starting GEN | target_metric=accuracy | keep_percentage=0.1000 | population_size=10 | max_evaluations=100
2026-07-20 10:41:37,709 | INFO | algorithms.genetic | [GEN] New best at evaluation 13/100 | generation=1 | accuracy=0.943250
2026-07-20 10:45:39,420 | INFO | algorithms.genetic | [GEN] New best at evaluation 43/100 | generation=4 | accuracy=0.943667
2026-07-20 10:47:24,812 | INFO | algorithms.genetic | [GEN] New best at evaluation 56/100 | generation=6 | accuracy=0.944083
2026-07-20 10:53:04,627 | INFO | algorithms.genetic | [GEN] New best at evaluation 98/100 | generation=10 | accuracy=0.944167
2026-07-20 10:53:20,763 | INFO | algorithms.genetic | [GEN] Finished | evaluations=100 | generations=10 | best_accuracy=0.944167
2026-07-20 10:53:20,800 | INFO | run_experiments | Completed MNIST_efficientnetv2_GEN_accuracy_kp1000_seed789 | evaluations=100 | best_accuracy=0.944167
2026-07-20 10:53:21,728 | INFO | run_experiments | Starting run MNIST_efficientnetv2_GEN_accuracy_kp1000_seed1024
2026-07-20 10:53:21,728 | INFO | algorithms.genetic | Starting GEN | target_metric=accuracy | keep_percentage=0.1000 | population_size=10 | max_evaluations=100
2026-07-20 10:55:16,238 | INFO | algorithms.genetic | [GEN] New best at evaluation 14/100 | generation=1 | accuracy=0.944083
2026-07-20 11:02:09,738 | INFO | algorithms.genetic | [GEN] New best at evaluation 65/100 | generation=7 | accuracy=0.944917
2026-07-20 11:06:51,627 | INFO | algorithms.genetic | [GEN] New best at evaluation 100/100 | generation=10 | accuracy=0.945333
2026-07-20 11:06:51,643 | INFO | algorithms.genetic | [GEN] Finished | evaluations=100 | generations=10 | best_accuracy=0.945333
2026-07-20 11:06:51,680 | INFO | run_experiments | Completed MNIST_efficientnetv2_GEN_accuracy_kp1000_seed1024 | evaluations=100 | best_accuracy=0.945333
2026-07-20 11:06:51,993 | INFO | run_experiments | Experiment completed successfully: prelim_features_mnist_efficientnetv2_GEN_kp10
