2026-07-24 14:14:35,633 | INFO | run_experiments | Experiment=prelim_features_tinyimagenet_alexnet_RS_kp25 | device=cuda | search_runs=5 | planned_fitness_evaluations=500
2026-07-24 14:14:35,635 | INFO | run_experiments | Training protocol | pretrained=True | freeze_backbone=True | trainable_scope=replacement_classifier_only | representation=preextracted_features
2026-07-24 14:14:35,635 | INFO | run_experiments | Preparing data | dataset=TINYIMAGENET | model=alexnet
2026-07-24 14:14:55,864 | INFO | utils.data_utils | [Features] Tensors loaded | active_train=80000 | base_train=80000 | validation=20000 | test=10000 | classes=200
2026-07-24 14:14:56,006 | INFO | run_experiments | Data ready | representation=preextracted_features | base_train=80000 | validation=20000 | test=10000 | classes=200 | image_size=0 | feature_dimension=4096
2026-07-24 14:14:56,883 | INFO | run_experiments | Starting run TINYIMAGENET_alexnet_RS_accuracy_kp2500_seed42
2026-07-24 14:14:56,883 | INFO | algorithms.random_search | Starting RS | target_metric=accuracy | keep_percentage=0.2500 | max_evaluations=100
2026-07-24 14:15:15,411 | INFO | algorithms.random_search | [RS] New best at evaluation 1/100 | accuracy=0.410700
2026-07-24 14:15:33,580 | INFO | algorithms.random_search | [RS] New best at evaluation 2/100 | accuracy=0.415300
2026-07-24 14:15:51,670 | INFO | algorithms.random_search | [RS] New best at evaluation 3/100 | accuracy=0.423450
2026-07-24 14:18:33,232 | INFO | algorithms.random_search | [RS] New best at evaluation 12/100 | accuracy=0.424000
2026-07-24 14:37:06,737 | INFO | algorithms.random_search | [RS] New best at evaluation 74/100 | accuracy=0.434950
2026-07-24 14:44:55,538 | INFO | algorithms.random_search | [RS] Finished | evaluations=100 | best_accuracy=0.434950
2026-07-24 14:44:55,638 | INFO | run_experiments | Completed TINYIMAGENET_alexnet_RS_accuracy_kp2500_seed42 | evaluations=100 | best_accuracy=0.434950
2026-07-24 14:44:56,607 | INFO | run_experiments | Starting run TINYIMAGENET_alexnet_RS_accuracy_kp2500_seed123
2026-07-24 14:44:56,607 | INFO | algorithms.random_search | Starting RS | target_metric=accuracy | keep_percentage=0.2500 | max_evaluations=100
2026-07-24 14:45:14,569 | INFO | algorithms.random_search | [RS] New best at evaluation 1/100 | accuracy=0.406550
2026-07-24 14:45:32,507 | INFO | algorithms.random_search | [RS] New best at evaluation 2/100 | accuracy=0.411350
2026-07-24 14:45:50,521 | INFO | algorithms.random_search | [RS] New best at evaluation 3/100 | accuracy=0.413250
2026-07-24 14:46:08,542 | INFO | algorithms.random_search | [RS] New best at evaluation 4/100 | accuracy=0.415450
2026-07-24 14:46:26,486 | INFO | algorithms.random_search | [RS] New best at evaluation 5/100 | accuracy=0.416450
2026-07-24 14:54:16,399 | INFO | algorithms.random_search | [RS] New best at evaluation 31/100 | accuracy=0.417250
2026-07-24 14:59:40,942 | INFO | algorithms.random_search | [RS] New best at evaluation 49/100 | accuracy=0.422100
2026-07-24 15:05:42,341 | INFO | algorithms.random_search | [RS] New best at evaluation 69/100 | accuracy=0.422800
2026-07-24 15:15:02,719 | INFO | algorithms.random_search | [RS] Finished | evaluations=100 | best_accuracy=0.422800
2026-07-24 15:15:02,817 | INFO | run_experiments | Completed TINYIMAGENET_alexnet_RS_accuracy_kp2500_seed123 | evaluations=100 | best_accuracy=0.422800
2026-07-24 15:15:03,780 | INFO | run_experiments | Starting run TINYIMAGENET_alexnet_RS_accuracy_kp2500_seed456
2026-07-24 15:15:03,780 | INFO | algorithms.random_search | Starting RS | target_metric=accuracy | keep_percentage=0.2500 | max_evaluations=100
2026-07-24 15:15:21,879 | INFO | algorithms.random_search | [RS] New best at evaluation 1/100 | accuracy=0.406650
2026-07-24 15:15:39,904 | INFO | algorithms.random_search | [RS] New best at evaluation 2/100 | accuracy=0.424100
2026-07-24 15:20:29,030 | INFO | algorithms.random_search | [RS] New best at evaluation 18/100 | accuracy=0.429850
2026-07-24 15:45:13,144 | INFO | algorithms.random_search | [RS] Finished | evaluations=100 | best_accuracy=0.429850
2026-07-24 15:45:13,259 | INFO | run_experiments | Completed TINYIMAGENET_alexnet_RS_accuracy_kp2500_seed456 | evaluations=100 | best_accuracy=0.429850
2026-07-24 15:45:14,229 | INFO | run_experiments | Starting run TINYIMAGENET_alexnet_RS_accuracy_kp2500_seed789
2026-07-24 15:45:14,229 | INFO | algorithms.random_search | Starting RS | target_metric=accuracy | keep_percentage=0.2500 | max_evaluations=100
2026-07-24 15:45:32,222 | INFO | algorithms.random_search | [RS] New best at evaluation 1/100 | accuracy=0.407400
2026-07-24 15:45:50,276 | INFO | algorithms.random_search | [RS] New best at evaluation 2/100 | accuracy=0.407900
2026-07-24 15:46:08,429 | INFO | algorithms.random_search | [RS] New best at evaluation 3/100 | accuracy=0.410650
2026-07-24 15:47:20,785 | INFO | algorithms.random_search | [RS] New best at evaluation 7/100 | accuracy=0.418350
2026-07-24 15:49:27,224 | INFO | algorithms.random_search | [RS] New best at evaluation 14/100 | accuracy=0.419950
2026-07-24 16:15:26,979 | INFO | algorithms.random_search | [RS] Finished | evaluations=100 | best_accuracy=0.419950
2026-07-24 16:15:27,103 | INFO | run_experiments | Completed TINYIMAGENET_alexnet_RS_accuracy_kp2500_seed789 | evaluations=100 | best_accuracy=0.419950
2026-07-24 16:15:28,063 | INFO | run_experiments | Starting run TINYIMAGENET_alexnet_RS_accuracy_kp2500_seed1024
2026-07-24 16:15:28,063 | INFO | algorithms.random_search | Starting RS | target_metric=accuracy | keep_percentage=0.2500 | max_evaluations=100
2026-07-24 16:15:46,088 | INFO | algorithms.random_search | [RS] New best at evaluation 1/100 | accuracy=0.407000
2026-07-24 16:16:22,451 | INFO | algorithms.random_search | [RS] New best at evaluation 3/100 | accuracy=0.415350
2026-07-24 16:17:52,997 | INFO | algorithms.random_search | [RS] New best at evaluation 8/100 | accuracy=0.419650
2026-07-24 16:20:54,294 | INFO | algorithms.random_search | [RS] New best at evaluation 18/100 | accuracy=0.421350
2026-07-24 16:31:11,793 | INFO | algorithms.random_search | [RS] New best at evaluation 52/100 | accuracy=0.425050
2026-07-24 16:45:43,806 | INFO | algorithms.random_search | [RS] Finished | evaluations=100 | best_accuracy=0.425050
2026-07-24 16:45:43,908 | INFO | run_experiments | Completed TINYIMAGENET_alexnet_RS_accuracy_kp2500_seed1024 | evaluations=100 | best_accuracy=0.425050
2026-07-24 16:45:44,426 | INFO | run_experiments | Experiment completed successfully: prelim_features_tinyimagenet_alexnet_RS_kp25
2026-07-24 19:35:37,278 | INFO | run_experiments | Experiment=prelim_features_tinyimagenet_alexnet_RS_kp25 | device=cuda | search_runs=5 | planned_fitness_evaluations=500
2026-07-24 19:35:37,290 | INFO | run_experiments | Training protocol | pretrained=True | freeze_backbone=True | trainable_scope=replacement_classifier_only | representation=preextracted_features
2026-07-24 19:35:37,291 | INFO | run_experiments | Preparing data | dataset=TINYIMAGENET | model=alexnet
2026-07-24 19:35:38,702 | INFO | utils.data_utils | [Features] Tensors loaded | active_train=80000 | base_train=80000 | validation=20000 | test=10000 | classes=200
2026-07-24 19:35:38,815 | INFO | run_experiments | Data ready | representation=preextracted_features | base_train=80000 | validation=20000 | test=10000 | classes=200 | image_size=0 | feature_dimension=4096
2026-07-24 19:35:39,904 | INFO | run_experiments | Skipping completed run TINYIMAGENET_alexnet_RS_accuracy_kp2500_seed42
2026-07-24 19:35:59,701 | INFO | run_experiments | Skipping completed run TINYIMAGENET_alexnet_RS_accuracy_kp2500_seed123
2026-07-24 19:36:19,013 | INFO | run_experiments | Skipping completed run TINYIMAGENET_alexnet_RS_accuracy_kp2500_seed456
2026-07-24 19:36:38,385 | INFO | run_experiments | Skipping completed run TINYIMAGENET_alexnet_RS_accuracy_kp2500_seed789
2026-07-24 19:36:57,624 | INFO | run_experiments | Skipping completed run TINYIMAGENET_alexnet_RS_accuracy_kp2500_seed1024
2026-07-24 19:37:16,222 | INFO | run_experiments | Experiment completed successfully: prelim_features_tinyimagenet_alexnet_RS_kp25
