2026-07-18 17:32:02,657 | INFO | run_experiments | Experiment=prelim_features_mnist_alexnet_LS_kp90 | device=cuda | search_runs=5 | planned_fitness_evaluations=500
2026-07-18 17:32:02,661 | INFO | run_experiments | Training protocol | pretrained=True | freeze_backbone=True | trainable_scope=replacement_classifier_only | representation=preextracted_features
2026-07-18 17:32:02,661 | INFO | run_experiments | Preparing data | dataset=MNIST | model=alexnet
2026-07-18 17:32:22,255 | INFO | utils.data_utils | [Features] Tensors loaded | active_train=48000 | base_train=48000 | validation=12000 | test=10000 | classes=10
2026-07-18 17:32:22,402 | INFO | run_experiments | Data ready | representation=preextracted_features | base_train=48000 | validation=12000 | test=10000 | classes=10 | image_size=0 | feature_dimension=4096
2026-07-18 17:32:23,434 | INFO | run_experiments | Starting run MNIST_alexnet_LS_accuracy_kp9000_seed42
2026-07-18 17:32:23,434 | INFO | algorithms.local_search | Starting LS | target_metric=accuracy | keep_percentage=0.9000 | max_evaluations=100 | num_swaps=10
2026-07-18 17:34:12,924 | INFO | algorithms.local_search | [LS] New best at evaluation 3/100 | accuracy=0.974750
2026-07-18 17:36:01,471 | INFO | algorithms.local_search | [LS] New best at evaluation 6/100 | accuracy=0.975083
2026-07-18 17:38:25,154 | INFO | algorithms.local_search | [LS] New best at evaluation 10/100 | accuracy=0.975833
2026-07-18 17:40:13,451 | INFO | algorithms.local_search | [LS] New best at evaluation 13/100 | accuracy=0.976750
2026-07-18 18:04:17,532 | INFO | algorithms.local_search | [LS] New best at evaluation 53/100 | accuracy=0.977583
2026-07-18 18:32:37,881 | INFO | algorithms.local_search | [LS] Finished | evaluations=100 | best_accuracy=0.977583
2026-07-18 18:32:38,130 | INFO | run_experiments | Completed MNIST_alexnet_LS_accuracy_kp9000_seed42 | evaluations=100 | best_accuracy=0.977583
2026-07-18 18:32:39,162 | INFO | run_experiments | Starting run MNIST_alexnet_LS_accuracy_kp9000_seed123
2026-07-18 18:32:39,162 | INFO | algorithms.local_search | Starting LS | target_metric=accuracy | keep_percentage=0.9000 | max_evaluations=100 | num_swaps=10
2026-07-18 18:41:07,154 | INFO | algorithms.local_search | [LS] New best at evaluation 14/100 | accuracy=0.976667
2026-07-18 18:57:28,887 | INFO | algorithms.local_search | [LS] New best at evaluation 41/100 | accuracy=0.976917
2026-07-18 19:33:00,416 | INFO | algorithms.local_search | [LS] Finished | evaluations=100 | best_accuracy=0.976917
2026-07-18 19:33:00,504 | INFO | run_experiments | Completed MNIST_alexnet_LS_accuracy_kp9000_seed123 | evaluations=100 | best_accuracy=0.976917
2026-07-18 19:33:01,547 | INFO | run_experiments | Starting run MNIST_alexnet_LS_accuracy_kp9000_seed456
2026-07-18 19:33:01,547 | INFO | algorithms.local_search | Starting LS | target_metric=accuracy | keep_percentage=0.9000 | max_evaluations=100 | num_swaps=10
2026-07-18 19:34:14,136 | INFO | algorithms.local_search | [LS] New best at evaluation 2/100 | accuracy=0.974500
2026-07-18 19:39:02,592 | INFO | algorithms.local_search | [LS] New best at evaluation 10/100 | accuracy=0.976333
2026-07-18 19:53:28,106 | INFO | algorithms.local_search | [LS] New best at evaluation 34/100 | accuracy=0.976583
2026-07-18 20:33:23,407 | INFO | algorithms.local_search | [LS] Finished | evaluations=100 | best_accuracy=0.976583
2026-07-18 20:33:23,667 | INFO | run_experiments | Completed MNIST_alexnet_LS_accuracy_kp9000_seed456 | evaluations=100 | best_accuracy=0.976583
2026-07-18 20:33:24,688 | INFO | run_experiments | Starting run MNIST_alexnet_LS_accuracy_kp9000_seed789
2026-07-18 20:33:24,688 | INFO | algorithms.local_search | Starting LS | target_metric=accuracy | keep_percentage=0.9000 | max_evaluations=100 | num_swaps=10
2026-07-18 20:34:36,882 | INFO | algorithms.local_search | [LS] New best at evaluation 2/100 | accuracy=0.973750
2026-07-18 20:35:12,875 | INFO | algorithms.local_search | [LS] New best at evaluation 3/100 | accuracy=0.974250
2026-07-18 20:46:05,933 | INFO | algorithms.local_search | [LS] New best at evaluation 21/100 | accuracy=0.976833
2026-07-18 21:21:51,663 | INFO | algorithms.local_search | [LS] New best at evaluation 80/100 | accuracy=0.976917
2026-07-18 21:33:59,852 | INFO | algorithms.local_search | [LS] Finished | evaluations=100 | best_accuracy=0.976917
2026-07-18 21:33:59,939 | INFO | run_experiments | Completed MNIST_alexnet_LS_accuracy_kp9000_seed789 | evaluations=100 | best_accuracy=0.976917
2026-07-18 21:34:01,005 | INFO | run_experiments | Starting run MNIST_alexnet_LS_accuracy_kp9000_seed1024
2026-07-18 21:34:01,005 | INFO | algorithms.local_search | Starting LS | target_metric=accuracy | keep_percentage=0.9000 | max_evaluations=100 | num_swaps=10
2026-07-18 21:35:14,020 | INFO | algorithms.local_search | [LS] New best at evaluation 2/100 | accuracy=0.975417
2026-07-18 21:46:10,706 | INFO | algorithms.local_search | [LS] New best at evaluation 20/100 | accuracy=0.975833
2026-07-18 21:56:30,125 | INFO | algorithms.local_search | [LS] New best at evaluation 37/100 | accuracy=0.976500
2026-07-18 22:34:48,774 | INFO | algorithms.local_search | [LS] Finished | evaluations=100 | best_accuracy=0.976500
2026-07-18 22:34:48,866 | INFO | run_experiments | Completed MNIST_alexnet_LS_accuracy_kp9000_seed1024 | evaluations=100 | best_accuracy=0.976500
2026-07-18 22:34:49,206 | INFO | run_experiments | Experiment completed successfully: prelim_features_mnist_alexnet_LS_kp90
