2026-07-18 15:05:55,202 | INFO | run_experiments | Experiment=prelim_features_mnist_alexnet_LS_kp10 | device=cuda | search_runs=5 | planned_fitness_evaluations=500
2026-07-18 15:05:55,205 | INFO | run_experiments | Training protocol | pretrained=True | freeze_backbone=True | trainable_scope=replacement_classifier_only | representation=preextracted_features
2026-07-18 15:05:55,205 | INFO | run_experiments | Preparing data | dataset=MNIST | model=alexnet
2026-07-18 15:05:56,005 | INFO | utils.data_utils | [Features] Tensors loaded | active_train=48000 | base_train=48000 | validation=12000 | test=10000 | classes=10
2026-07-18 15:05:56,148 | INFO | run_experiments | Data ready | representation=preextracted_features | base_train=48000 | validation=12000 | test=10000 | classes=10 | image_size=0 | feature_dimension=4096
2026-07-18 15:05:57,735 | INFO | run_experiments | Starting run MNIST_alexnet_LS_accuracy_kp1000_seed42
2026-07-18 15:05:57,735 | INFO | algorithms.local_search | Starting LS | target_metric=accuracy | keep_percentage=0.1000 | max_evaluations=100 | num_swaps=10
2026-07-18 15:06:24,005 | INFO | algorithms.local_search | [LS] New best at evaluation 3/100 | accuracy=0.949417
2026-07-18 15:06:32,604 | INFO | algorithms.local_search | [LS] New best at evaluation 4/100 | accuracy=0.952083
2026-07-18 15:08:05,996 | INFO | algorithms.local_search | [LS] New best at evaluation 15/100 | accuracy=0.952167
2026-07-18 15:09:30,363 | INFO | algorithms.local_search | [LS] New best at evaluation 25/100 | accuracy=0.953667
2026-07-18 15:16:41,346 | INFO | algorithms.local_search | [LS] New best at evaluation 76/100 | accuracy=0.953833
2026-07-18 15:20:03,383 | INFO | algorithms.local_search | [LS] Finished | evaluations=100 | best_accuracy=0.953833
2026-07-18 15:20:03,414 | INFO | run_experiments | Completed MNIST_alexnet_LS_accuracy_kp1000_seed42 | evaluations=100 | best_accuracy=0.953833
2026-07-18 15:20:04,382 | INFO | run_experiments | Starting run MNIST_alexnet_LS_accuracy_kp1000_seed123
2026-07-18 15:20:04,382 | INFO | algorithms.local_search | Starting LS | target_metric=accuracy | keep_percentage=0.1000 | max_evaluations=100 | num_swaps=10
2026-07-18 15:20:21,430 | INFO | algorithms.local_search | [LS] New best at evaluation 2/100 | accuracy=0.950250
2026-07-18 15:21:48,152 | INFO | algorithms.local_search | [LS] New best at evaluation 12/100 | accuracy=0.950417
2026-07-18 15:22:49,786 | INFO | algorithms.local_search | [LS] New best at evaluation 19/100 | accuracy=0.950500
2026-07-18 15:24:17,899 | INFO | algorithms.local_search | [LS] New best at evaluation 29/100 | accuracy=0.950583
2026-07-18 15:26:00,454 | INFO | algorithms.local_search | [LS] New best at evaluation 41/100 | accuracy=0.951750
2026-07-18 15:26:17,635 | INFO | algorithms.local_search | [LS] New best at evaluation 43/100 | accuracy=0.952000
2026-07-18 15:33:08,375 | INFO | algorithms.local_search | [LS] New best at evaluation 91/100 | accuracy=0.952833
2026-07-18 15:34:24,881 | INFO | algorithms.local_search | [LS] Finished | evaluations=100 | best_accuracy=0.952833
2026-07-18 15:34:24,938 | INFO | run_experiments | Completed MNIST_alexnet_LS_accuracy_kp1000_seed123 | evaluations=100 | best_accuracy=0.952833
2026-07-18 15:34:25,964 | INFO | run_experiments | Starting run MNIST_alexnet_LS_accuracy_kp1000_seed456
2026-07-18 15:34:25,964 | INFO | algorithms.local_search | Starting LS | target_metric=accuracy | keep_percentage=0.1000 | max_evaluations=100 | num_swaps=10
2026-07-18 15:34:43,015 | INFO | algorithms.local_search | [LS] New best at evaluation 2/100 | accuracy=0.949917
2026-07-18 15:34:51,503 | INFO | algorithms.local_search | [LS] New best at evaluation 3/100 | accuracy=0.950167
2026-07-18 15:35:33,979 | INFO | algorithms.local_search | [LS] New best at evaluation 8/100 | accuracy=0.952083
2026-07-18 15:37:49,975 | INFO | algorithms.local_search | [LS] New best at evaluation 24/100 | accuracy=0.952750
2026-07-18 15:39:57,523 | INFO | algorithms.local_search | [LS] New best at evaluation 39/100 | accuracy=0.953333
2026-07-18 15:40:31,496 | INFO | algorithms.local_search | [LS] New best at evaluation 43/100 | accuracy=0.954333
2026-07-18 15:48:36,278 | INFO | algorithms.local_search | [LS] Finished | evaluations=100 | best_accuracy=0.954333
2026-07-18 15:48:36,308 | INFO | run_experiments | Completed MNIST_alexnet_LS_accuracy_kp1000_seed456 | evaluations=100 | best_accuracy=0.954333
2026-07-18 15:48:37,334 | INFO | run_experiments | Starting run MNIST_alexnet_LS_accuracy_kp1000_seed789
2026-07-18 15:48:37,334 | INFO | algorithms.local_search | Starting LS | target_metric=accuracy | keep_percentage=0.1000 | max_evaluations=100 | num_swaps=10
2026-07-18 15:49:11,436 | INFO | algorithms.local_search | [LS] New best at evaluation 4/100 | accuracy=0.948333
2026-07-18 15:49:28,389 | INFO | algorithms.local_search | [LS] New best at evaluation 6/100 | accuracy=0.949917
2026-07-18 15:49:45,293 | INFO | algorithms.local_search | [LS] New best at evaluation 8/100 | accuracy=0.950417
2026-07-18 15:49:53,755 | INFO | algorithms.local_search | [LS] New best at evaluation 9/100 | accuracy=0.952083
2026-07-18 16:02:48,518 | INFO | algorithms.local_search | [LS] Finished | evaluations=100 | best_accuracy=0.952083
2026-07-18 16:02:48,544 | INFO | run_experiments | Completed MNIST_alexnet_LS_accuracy_kp1000_seed789 | evaluations=100 | best_accuracy=0.952083
2026-07-18 16:02:49,591 | INFO | run_experiments | Starting run MNIST_alexnet_LS_accuracy_kp1000_seed1024
2026-07-18 16:02:49,591 | INFO | algorithms.local_search | Starting LS | target_metric=accuracy | keep_percentage=0.1000 | max_evaluations=100 | num_swaps=10
2026-07-18 16:03:23,849 | INFO | algorithms.local_search | [LS] New best at evaluation 4/100 | accuracy=0.951500
2026-07-18 16:03:32,429 | INFO | algorithms.local_search | [LS] New best at evaluation 5/100 | accuracy=0.952250
2026-07-18 16:03:40,972 | INFO | algorithms.local_search | [LS] New best at evaluation 6/100 | accuracy=0.952750
2026-07-18 16:04:31,894 | INFO | algorithms.local_search | [LS] New best at evaluation 12/100 | accuracy=0.953417
2026-07-18 16:06:05,493 | INFO | algorithms.local_search | [LS] New best at evaluation 23/100 | accuracy=0.954333
2026-07-18 16:17:00,836 | INFO | algorithms.local_search | [LS] Finished | evaluations=100 | best_accuracy=0.954333
2026-07-18 16:17:00,977 | INFO | run_experiments | Completed MNIST_alexnet_LS_accuracy_kp1000_seed1024 | evaluations=100 | best_accuracy=0.954333
2026-07-18 16:17:01,723 | INFO | run_experiments | Experiment completed successfully: prelim_features_mnist_alexnet_LS_kp10
