2026-07-24 12:10:56,838 | INFO | run_experiments | Experiment=prelim_features_cifar10_alexnet_RS_kp90 | device=cuda | search_runs=5 | planned_fitness_evaluations=500
2026-07-24 12:10:56,841 | INFO | run_experiments | Training protocol | pretrained=True | freeze_backbone=True | trainable_scope=replacement_classifier_only | representation=preextracted_features
2026-07-24 12:10:56,841 | INFO | run_experiments | Preparing data | dataset=CIFAR10 | model=alexnet
2026-07-24 12:10:57,653 | INFO | utils.data_utils | [Features] Tensors loaded | active_train=40000 | base_train=40000 | validation=10000 | test=10000 | classes=10
2026-07-24 12:10:57,773 | INFO | run_experiments | Data ready | representation=preextracted_features | base_train=40000 | validation=10000 | test=10000 | classes=10 | image_size=0 | feature_dimension=4096
2026-07-24 12:10:58,698 | INFO | run_experiments | Starting run CIFAR10_alexnet_RS_accuracy_kp9000_seed42
2026-07-24 12:10:58,698 | INFO | algorithms.random_search | Starting RS | target_metric=accuracy | keep_percentage=0.9000 | max_evaluations=100
2026-07-24 12:11:29,428 | INFO | algorithms.random_search | [RS] New best at evaluation 1/100 | accuracy=0.814500
2026-07-24 12:12:28,667 | INFO | algorithms.random_search | [RS] New best at evaluation 3/100 | accuracy=0.815000
2026-07-24 12:14:55,662 | INFO | algorithms.random_search | [RS] New best at evaluation 8/100 | accuracy=0.815400
2026-07-24 12:21:46,767 | INFO | algorithms.random_search | [RS] New best at evaluation 22/100 | accuracy=0.820000
2026-07-24 12:33:34,518 | INFO | algorithms.random_search | [RS] New best at evaluation 46/100 | accuracy=0.820600
2026-07-24 12:38:59,719 | INFO | algorithms.random_search | [RS] New best at evaluation 57/100 | accuracy=0.821500
2026-07-24 13:00:12,927 | INFO | algorithms.random_search | [RS] Finished | evaluations=100 | best_accuracy=0.821500
2026-07-24 13:00:13,055 | INFO | run_experiments | Completed CIFAR10_alexnet_RS_accuracy_kp9000_seed42 | evaluations=100 | best_accuracy=0.821500
2026-07-24 13:00:14,033 | INFO | run_experiments | Starting run CIFAR10_alexnet_RS_accuracy_kp9000_seed123
2026-07-24 13:00:14,033 | INFO | algorithms.random_search | Starting RS | target_metric=accuracy | keep_percentage=0.9000 | max_evaluations=100
2026-07-24 13:00:43,765 | INFO | algorithms.random_search | [RS] New best at evaluation 1/100 | accuracy=0.810500
2026-07-24 13:01:13,415 | INFO | algorithms.random_search | [RS] New best at evaluation 2/100 | accuracy=0.813200
2026-07-24 13:02:12,847 | INFO | algorithms.random_search | [RS] New best at evaluation 4/100 | accuracy=0.819900
2026-07-24 13:09:09,109 | INFO | algorithms.random_search | [RS] New best at evaluation 18/100 | accuracy=0.821500
2026-07-24 13:18:04,995 | INFO | algorithms.random_search | [RS] New best at evaluation 36/100 | accuracy=0.823000
2026-07-24 13:49:56,161 | INFO | algorithms.random_search | [RS] Finished | evaluations=100 | best_accuracy=0.823000
2026-07-24 13:49:56,283 | INFO | run_experiments | Completed CIFAR10_alexnet_RS_accuracy_kp9000_seed123 | evaluations=100 | best_accuracy=0.823000
2026-07-24 13:49:57,242 | INFO | run_experiments | Starting run CIFAR10_alexnet_RS_accuracy_kp9000_seed456
2026-07-24 13:49:57,242 | INFO | algorithms.random_search | Starting RS | target_metric=accuracy | keep_percentage=0.9000 | max_evaluations=100
2026-07-24 13:50:27,429 | INFO | algorithms.random_search | [RS] New best at evaluation 1/100 | accuracy=0.810300
2026-07-24 13:50:57,136 | INFO | algorithms.random_search | [RS] New best at evaluation 2/100 | accuracy=0.819700
2026-07-24 14:15:27,000 | INFO | algorithms.random_search | [RS] New best at evaluation 51/100 | accuracy=0.820800
2026-07-24 14:40:01,340 | INFO | algorithms.random_search | [RS] Finished | evaluations=100 | best_accuracy=0.820800
2026-07-24 14:40:01,480 | INFO | run_experiments | Completed CIFAR10_alexnet_RS_accuracy_kp9000_seed456 | evaluations=100 | best_accuracy=0.820800
2026-07-24 14:40:02,453 | INFO | run_experiments | Starting run CIFAR10_alexnet_RS_accuracy_kp9000_seed789
2026-07-24 14:40:02,453 | INFO | algorithms.random_search | Starting RS | target_metric=accuracy | keep_percentage=0.9000 | max_evaluations=100
2026-07-24 14:40:32,410 | INFO | algorithms.random_search | [RS] New best at evaluation 1/100 | accuracy=0.806200
2026-07-24 14:41:02,778 | INFO | algorithms.random_search | [RS] New best at evaluation 2/100 | accuracy=0.809000
2026-07-24 14:42:33,008 | INFO | algorithms.random_search | [RS] New best at evaluation 5/100 | accuracy=0.811400
2026-07-24 14:43:03,311 | INFO | algorithms.random_search | [RS] New best at evaluation 6/100 | accuracy=0.822200
2026-07-24 15:30:27,299 | INFO | algorithms.random_search | [RS] Finished | evaluations=100 | best_accuracy=0.822200
2026-07-24 15:30:27,374 | INFO | run_experiments | Completed CIFAR10_alexnet_RS_accuracy_kp9000_seed789 | evaluations=100 | best_accuracy=0.822200
2026-07-24 15:30:28,332 | INFO | run_experiments | Starting run CIFAR10_alexnet_RS_accuracy_kp9000_seed1024
2026-07-24 15:30:28,332 | INFO | algorithms.random_search | Starting RS | target_metric=accuracy | keep_percentage=0.9000 | max_evaluations=100
2026-07-24 15:30:58,434 | INFO | algorithms.random_search | [RS] New best at evaluation 1/100 | accuracy=0.807000
2026-07-24 15:31:28,942 | INFO | algorithms.random_search | [RS] New best at evaluation 2/100 | accuracy=0.815000
2026-07-24 15:31:59,091 | INFO | algorithms.random_search | [RS] New best at evaluation 3/100 | accuracy=0.817500
2026-07-24 15:53:45,263 | INFO | algorithms.random_search | [RS] New best at evaluation 46/100 | accuracy=0.823600
2026-07-24 16:21:06,715 | INFO | algorithms.random_search | [RS] Finished | evaluations=100 | best_accuracy=0.823600
2026-07-24 16:21:06,852 | INFO | run_experiments | Completed CIFAR10_alexnet_RS_accuracy_kp9000_seed1024 | evaluations=100 | best_accuracy=0.823600
2026-07-24 16:21:07,327 | INFO | run_experiments | Experiment completed successfully: prelim_features_cifar10_alexnet_RS_kp90
2026-07-24 19:31:14,367 | INFO | run_experiments | Experiment=prelim_features_cifar10_alexnet_RS_kp90 | device=cuda | search_runs=5 | planned_fitness_evaluations=500
2026-07-24 19:31:14,375 | INFO | run_experiments | Training protocol | pretrained=True | freeze_backbone=True | trainable_scope=replacement_classifier_only | representation=preextracted_features
2026-07-24 19:31:14,375 | INFO | run_experiments | Preparing data | dataset=CIFAR10 | model=alexnet
2026-07-24 19:31:23,835 | INFO | utils.data_utils | [Features] Tensors loaded | active_train=40000 | base_train=40000 | validation=10000 | test=10000 | classes=10
2026-07-24 19:31:23,962 | INFO | run_experiments | Data ready | representation=preextracted_features | base_train=40000 | validation=10000 | test=10000 | classes=10 | image_size=0 | feature_dimension=4096
2026-07-24 19:31:25,017 | INFO | run_experiments | Skipping completed run CIFAR10_alexnet_RS_accuracy_kp9000_seed42
2026-07-24 19:31:51,095 | INFO | run_experiments | Skipping completed run CIFAR10_alexnet_RS_accuracy_kp9000_seed123
2026-07-24 19:32:16,534 | INFO | run_experiments | Skipping completed run CIFAR10_alexnet_RS_accuracy_kp9000_seed456
2026-07-24 19:32:41,788 | INFO | run_experiments | Skipping completed run CIFAR10_alexnet_RS_accuracy_kp9000_seed789
2026-07-24 19:33:06,968 | INFO | run_experiments | Skipping completed run CIFAR10_alexnet_RS_accuracy_kp9000_seed1024
2026-07-24 19:33:31,621 | INFO | run_experiments | Experiment completed successfully: prelim_features_cifar10_alexnet_RS_kp90
