2026-07-20 11:07:11,409 | INFO | run_experiments | Experiment=prelim_features_mnist_efficientnetv2_GEN_kp25 | device=cuda | search_runs=5 | planned_fitness_evaluations=500
2026-07-20 11:07:11,411 | INFO | run_experiments | Training protocol | pretrained=True | freeze_backbone=True | trainable_scope=replacement_classifier_only | representation=preextracted_features
2026-07-20 11:07:11,411 | INFO | run_experiments | Preparing data | dataset=MNIST | model=efficientnetv2
2026-07-20 11:07:13,692 | INFO | utils.data_utils | [Features] Tensors loaded | active_train=48000 | base_train=48000 | validation=12000 | test=10000 | classes=10
2026-07-20 11:07:13,834 | INFO | run_experiments | Data ready | representation=preextracted_features | base_train=48000 | validation=12000 | test=10000 | classes=10 | image_size=0 | feature_dimension=1280
2026-07-20 11:07:14,896 | INFO | run_experiments | Starting run MNIST_efficientnetv2_GEN_accuracy_kp2500_seed42
2026-07-20 11:07:14,897 | INFO | algorithms.genetic | Starting GEN | target_metric=accuracy | keep_percentage=0.2500 | population_size=10 | max_evaluations=100
2026-07-20 11:11:49,204 | INFO | algorithms.genetic | [GEN] New best at evaluation 21/100 | generation=2 | accuracy=0.962750
2026-07-20 11:14:24,731 | INFO | algorithms.genetic | [GEN] New best at evaluation 33/100 | generation=3 | accuracy=0.962917
2026-07-20 11:21:45,282 | INFO | algorithms.genetic | [GEN] New best at evaluation 67/100 | generation=7 | accuracy=0.963500
2026-07-20 11:28:52,922 | INFO | algorithms.genetic | [GEN] Finished | evaluations=100 | generations=10 | best_accuracy=0.963500
2026-07-20 11:28:52,974 | INFO | run_experiments | Completed MNIST_efficientnetv2_GEN_accuracy_kp2500_seed42 | evaluations=100 | best_accuracy=0.963500
2026-07-20 11:28:53,902 | INFO | run_experiments | Starting run MNIST_efficientnetv2_GEN_accuracy_kp2500_seed123
2026-07-20 11:28:53,902 | INFO | algorithms.genetic | Starting GEN | target_metric=accuracy | keep_percentage=0.2500 | population_size=10 | max_evaluations=100
2026-07-20 11:35:35,295 | INFO | algorithms.genetic | [GEN] New best at evaluation 31/100 | generation=3 | accuracy=0.962000
2026-07-20 11:40:20,893 | INFO | algorithms.genetic | [GEN] New best at evaluation 53/100 | generation=5 | accuracy=0.962167
2026-07-20 11:43:48,385 | INFO | algorithms.genetic | [GEN] New best at evaluation 69/100 | generation=7 | accuracy=0.963250
2026-07-20 11:50:29,976 | INFO | algorithms.genetic | [GEN] Finished | evaluations=100 | generations=10 | best_accuracy=0.963250
2026-07-20 11:50:30,041 | INFO | run_experiments | Completed MNIST_efficientnetv2_GEN_accuracy_kp2500_seed123 | evaluations=100 | best_accuracy=0.963250
2026-07-20 11:50:30,969 | INFO | run_experiments | Starting run MNIST_efficientnetv2_GEN_accuracy_kp2500_seed456
2026-07-20 11:50:30,969 | INFO | algorithms.genetic | Starting GEN | target_metric=accuracy | keep_percentage=0.2500 | population_size=10 | max_evaluations=100
2026-07-20 11:52:53,350 | INFO | algorithms.genetic | [GEN] New best at evaluation 11/100 | generation=1 | accuracy=0.961500
2026-07-20 11:54:24,650 | INFO | algorithms.genetic | [GEN] New best at evaluation 18/100 | generation=1 | accuracy=0.961667
2026-07-20 11:57:52,374 | INFO | algorithms.genetic | [GEN] New best at evaluation 34/100 | generation=3 | accuracy=0.963167
2026-07-20 12:09:06,834 | INFO | algorithms.genetic | [GEN] New best at evaluation 86/100 | generation=9 | accuracy=0.963417
2026-07-20 12:12:08,258 | INFO | algorithms.genetic | [GEN] Finished | evaluations=100 | generations=10 | best_accuracy=0.963417
2026-07-20 12:12:08,306 | INFO | run_experiments | Completed MNIST_efficientnetv2_GEN_accuracy_kp2500_seed456 | evaluations=100 | best_accuracy=0.963417
2026-07-20 12:12:09,211 | INFO | run_experiments | Starting run MNIST_efficientnetv2_GEN_accuracy_kp2500_seed789
2026-07-20 12:12:09,211 | INFO | algorithms.genetic | Starting GEN | target_metric=accuracy | keep_percentage=0.2500 | population_size=10 | max_evaluations=100
2026-07-20 12:14:31,515 | INFO | algorithms.genetic | [GEN] New best at evaluation 11/100 | generation=1 | accuracy=0.961833
2026-07-20 12:14:56,922 | INFO | algorithms.genetic | [GEN] New best at evaluation 13/100 | generation=1 | accuracy=0.961917
2026-07-20 12:17:58,592 | INFO | algorithms.genetic | [GEN] New best at evaluation 27/100 | generation=2 | accuracy=0.962667
2026-07-20 12:18:37,418 | INFO | algorithms.genetic | [GEN] New best at evaluation 30/100 | generation=3 | accuracy=0.963333
2026-07-20 12:23:22,891 | INFO | algorithms.genetic | [GEN] New best at evaluation 52/100 | generation=5 | accuracy=0.963917
2026-07-20 12:33:45,352 | INFO | algorithms.genetic | [GEN] Finished | evaluations=100 | generations=10 | best_accuracy=0.963917
2026-07-20 12:33:45,404 | INFO | run_experiments | Completed MNIST_efficientnetv2_GEN_accuracy_kp2500_seed789 | evaluations=100 | best_accuracy=0.963917
2026-07-20 12:33:46,307 | INFO | run_experiments | Starting run MNIST_efficientnetv2_GEN_accuracy_kp2500_seed1024
2026-07-20 12:33:46,307 | INFO | algorithms.genetic | Starting GEN | target_metric=accuracy | keep_percentage=0.2500 | population_size=10 | max_evaluations=100
2026-07-20 12:38:05,805 | INFO | algorithms.genetic | [GEN] New best at evaluation 20/100 | generation=2 | accuracy=0.961500
2026-07-20 12:42:37,891 | INFO | algorithms.genetic | [GEN] New best at evaluation 41/100 | generation=4 | accuracy=0.961667
2026-07-20 12:43:03,727 | INFO | algorithms.genetic | [GEN] New best at evaluation 43/100 | generation=4 | accuracy=0.961750
2026-07-20 12:44:08,594 | INFO | algorithms.genetic | [GEN] New best at evaluation 48/100 | generation=5 | accuracy=0.963417
2026-07-20 12:46:31,089 | INFO | algorithms.genetic | [GEN] New best at evaluation 59/100 | generation=6 | accuracy=0.964333
2026-07-20 12:52:33,491 | INFO | algorithms.genetic | [GEN] New best at evaluation 87/100 | generation=9 | accuracy=0.964417
2026-07-20 12:55:21,998 | INFO | algorithms.genetic | [GEN] Finished | evaluations=100 | generations=10 | best_accuracy=0.964417
2026-07-20 12:55:22,208 | INFO | run_experiments | Completed MNIST_efficientnetv2_GEN_accuracy_kp2500_seed1024 | evaluations=100 | best_accuracy=0.964417
2026-07-20 12:55:23,054 | INFO | run_experiments | Experiment completed successfully: prelim_features_mnist_efficientnetv2_GEN_kp25
