2026-07-20 11:09:27,992 | INFO | run_experiments | Experiment=prelim_features_mnist_efficientnetv2_GEN_kp50 | device=cuda | search_runs=5 | planned_fitness_evaluations=500
2026-07-20 11:09:27,996 | INFO | run_experiments | Training protocol | pretrained=True | freeze_backbone=True | trainable_scope=replacement_classifier_only | representation=preextracted_features
2026-07-20 11:09:27,996 | INFO | run_experiments | Preparing data | dataset=MNIST | model=efficientnetv2
2026-07-20 11:09:31,857 | INFO | utils.data_utils | [Features] Tensors loaded | active_train=48000 | base_train=48000 | validation=12000 | test=10000 | classes=10
2026-07-20 11:09:31,985 | INFO | run_experiments | Data ready | representation=preextracted_features | base_train=48000 | validation=12000 | test=10000 | classes=10 | image_size=0 | feature_dimension=1280
2026-07-20 11:09:33,160 | INFO | run_experiments | Starting run MNIST_efficientnetv2_GEN_accuracy_kp5000_seed42
2026-07-20 11:09:33,160 | INFO | algorithms.genetic | Starting GEN | target_metric=accuracy | keep_percentage=0.5000 | population_size=10 | max_evaluations=100
2026-07-20 11:28:43,854 | INFO | algorithms.genetic | [GEN] New best at evaluation 54/100 | generation=5 | accuracy=0.970000
2026-07-20 11:40:28,472 | INFO | algorithms.genetic | [GEN] New best at evaluation 87/100 | generation=9 | accuracy=0.970083
2026-07-20 11:45:06,400 | INFO | algorithms.genetic | [GEN] Finished | evaluations=100 | generations=10 | best_accuracy=0.970083
2026-07-20 11:45:06,473 | INFO | run_experiments | Completed MNIST_efficientnetv2_GEN_accuracy_kp5000_seed42 | evaluations=100 | best_accuracy=0.970083
2026-07-20 11:45:07,404 | INFO | run_experiments | Starting run MNIST_efficientnetv2_GEN_accuracy_kp5000_seed123
2026-07-20 11:45:07,405 | INFO | algorithms.genetic | Starting GEN | target_metric=accuracy | keep_percentage=0.5000 | population_size=10 | max_evaluations=100
2026-07-20 11:49:23,387 | INFO | algorithms.genetic | [GEN] New best at evaluation 12/100 | generation=1 | accuracy=0.970167
2026-07-20 12:20:20,053 | INFO | algorithms.genetic | [GEN] New best at evaluation 99/100 | generation=10 | accuracy=0.970417
2026-07-20 12:20:41,359 | INFO | algorithms.genetic | [GEN] Finished | evaluations=100 | generations=10 | best_accuracy=0.970417
2026-07-20 12:20:41,453 | INFO | run_experiments | Completed MNIST_efficientnetv2_GEN_accuracy_kp5000_seed123 | evaluations=100 | best_accuracy=0.970417
2026-07-20 12:20:42,399 | INFO | run_experiments | Starting run MNIST_efficientnetv2_GEN_accuracy_kp5000_seed456
2026-07-20 12:20:42,400 | INFO | algorithms.genetic | Starting GEN | target_metric=accuracy | keep_percentage=0.5000 | population_size=10 | max_evaluations=100
2026-07-20 12:37:24,873 | INFO | algorithms.genetic | [GEN] New best at evaluation 47/100 | generation=5 | accuracy=0.970333
2026-07-20 12:42:23,840 | INFO | algorithms.genetic | [GEN] New best at evaluation 61/100 | generation=6 | accuracy=0.970667
2026-07-20 12:47:44,293 | INFO | algorithms.genetic | [GEN] New best at evaluation 76/100 | generation=8 | accuracy=0.970833
2026-07-20 12:52:22,167 | INFO | algorithms.genetic | [GEN] New best at evaluation 89/100 | generation=9 | accuracy=0.970917
2026-07-20 12:56:19,714 | INFO | algorithms.genetic | [GEN] Finished | evaluations=100 | generations=10 | best_accuracy=0.970917
2026-07-20 12:56:19,969 | INFO | run_experiments | Completed MNIST_efficientnetv2_GEN_accuracy_kp5000_seed456 | evaluations=100 | best_accuracy=0.970917
2026-07-20 12:56:20,968 | INFO | run_experiments | Starting run MNIST_efficientnetv2_GEN_accuracy_kp5000_seed789
2026-07-20 12:56:20,969 | INFO | algorithms.genetic | Starting GEN | target_metric=accuracy | keep_percentage=0.5000 | population_size=10 | max_evaluations=100
2026-07-20 13:00:16,521 | INFO | algorithms.genetic | [GEN] New best at evaluation 11/100 | generation=1 | accuracy=0.969583
2026-07-20 13:02:46,283 | INFO | algorithms.genetic | [GEN] New best at evaluation 18/100 | generation=1 | accuracy=0.970333
2026-07-20 13:12:44,266 | INFO | algorithms.genetic | [GEN] New best at evaluation 46/100 | generation=4 | accuracy=0.970500
2026-07-20 13:14:09,572 | INFO | algorithms.genetic | [GEN] New best at evaluation 50/100 | generation=5 | accuracy=0.970583
2026-07-20 13:17:21,381 | INFO | algorithms.genetic | [GEN] New best at evaluation 59/100 | generation=6 | accuracy=0.970750
2026-07-20 13:22:20,434 | INFO | algorithms.genetic | [GEN] New best at evaluation 73/100 | generation=7 | accuracy=0.970833
2026-07-20 13:28:22,843 | INFO | algorithms.genetic | [GEN] New best at evaluation 90/100 | generation=9 | accuracy=0.971000
2026-07-20 13:31:56,302 | INFO | algorithms.genetic | [GEN] Finished | evaluations=100 | generations=10 | best_accuracy=0.971000
2026-07-20 13:31:56,372 | INFO | run_experiments | Completed MNIST_efficientnetv2_GEN_accuracy_kp5000_seed789 | evaluations=100 | best_accuracy=0.971000
2026-07-20 13:31:57,292 | INFO | run_experiments | Starting run MNIST_efficientnetv2_GEN_accuracy_kp5000_seed1024
2026-07-20 13:31:57,292 | INFO | algorithms.genetic | Starting GEN | target_metric=accuracy | keep_percentage=0.5000 | population_size=10 | max_evaluations=100
2026-07-20 14:07:18,631 | INFO | algorithms.genetic | [GEN] Finished | evaluations=100 | generations=10 | best_accuracy=0.970750
2026-07-20 14:07:18,703 | INFO | run_experiments | Completed MNIST_efficientnetv2_GEN_accuracy_kp5000_seed1024 | evaluations=100 | best_accuracy=0.970750
2026-07-20 14:07:19,020 | INFO | run_experiments | Experiment completed successfully: prelim_features_mnist_efficientnetv2_GEN_kp50
