2026-07-24 03:23:45,342 | INFO | run_experiments | Experiment=prelim_features_tinyimagenet_alexnet_GEN_kp25 | device=cuda | search_runs=5 | planned_fitness_evaluations=500
2026-07-24 03:23:45,344 | INFO | run_experiments | Training protocol | pretrained=True | freeze_backbone=True | trainable_scope=replacement_classifier_only | representation=preextracted_features
2026-07-24 03:23:45,344 | INFO | run_experiments | Preparing data | dataset=TINYIMAGENET | model=alexnet
2026-07-24 03:23:46,804 | INFO | utils.data_utils | [Features] Tensors loaded | active_train=80000 | base_train=80000 | validation=20000 | test=10000 | classes=200
2026-07-24 03:23:46,924 | INFO | run_experiments | Data ready | representation=preextracted_features | base_train=80000 | validation=20000 | test=10000 | classes=200 | image_size=0 | feature_dimension=4096
2026-07-24 03:23:47,844 | INFO | run_experiments | Starting run TINYIMAGENET_alexnet_GEN_accuracy_kp2500_seed42
2026-07-24 03:23:47,844 | INFO | algorithms.genetic | Starting GEN | target_metric=accuracy | keep_percentage=0.2500 | population_size=10 | max_evaluations=100
2026-07-24 03:33:58,695 | INFO | algorithms.genetic | [GEN] New best at evaluation 34/100 | generation=3 | accuracy=0.423500
2026-07-24 03:48:19,252 | INFO | algorithms.genetic | [GEN] New best at evaluation 82/100 | generation=8 | accuracy=0.426000
2026-07-24 03:49:13,020 | INFO | algorithms.genetic | [GEN] New best at evaluation 85/100 | generation=9 | accuracy=0.429500
2026-07-24 03:53:42,301 | INFO | algorithms.genetic | [GEN] Finished | evaluations=100 | generations=10 | best_accuracy=0.429500
2026-07-24 03:53:42,371 | INFO | run_experiments | Completed TINYIMAGENET_alexnet_GEN_accuracy_kp2500_seed42 | evaluations=100 | best_accuracy=0.429500
2026-07-24 03:53:43,331 | INFO | run_experiments | Starting run TINYIMAGENET_alexnet_GEN_accuracy_kp2500_seed123
2026-07-24 03:53:43,332 | INFO | algorithms.genetic | Starting GEN | target_metric=accuracy | keep_percentage=0.2500 | population_size=10 | max_evaluations=100
2026-07-24 04:02:24,285 | INFO | algorithms.genetic | [GEN] New best at evaluation 29/100 | generation=3 | accuracy=0.416700
2026-07-24 04:03:00,271 | INFO | algorithms.genetic | [GEN] New best at evaluation 31/100 | generation=3 | accuracy=0.417300
2026-07-24 04:04:12,304 | INFO | algorithms.genetic | [GEN] New best at evaluation 35/100 | generation=3 | accuracy=0.419200
2026-07-24 04:10:11,731 | INFO | algorithms.genetic | [GEN] New best at evaluation 55/100 | generation=5 | accuracy=0.420450
2026-07-24 04:22:10,139 | INFO | algorithms.genetic | [GEN] New best at evaluation 95/100 | generation=10 | accuracy=0.422150
2026-07-24 04:23:39,971 | INFO | algorithms.genetic | [GEN] Finished | evaluations=100 | generations=10 | best_accuracy=0.422150
2026-07-24 04:23:40,043 | INFO | run_experiments | Completed TINYIMAGENET_alexnet_GEN_accuracy_kp2500_seed123 | evaluations=100 | best_accuracy=0.422150
2026-07-24 04:23:41,005 | INFO | run_experiments | Starting run TINYIMAGENET_alexnet_GEN_accuracy_kp2500_seed456
2026-07-24 04:23:41,006 | INFO | algorithms.genetic | Starting GEN | target_metric=accuracy | keep_percentage=0.2500 | population_size=10 | max_evaluations=100
2026-07-24 04:36:36,835 | INFO | algorithms.genetic | [GEN] New best at evaluation 43/100 | generation=4 | accuracy=0.425000
2026-07-24 04:37:48,886 | INFO | algorithms.genetic | [GEN] New best at evaluation 47/100 | generation=5 | accuracy=0.462050
2026-07-24 04:53:43,961 | INFO | algorithms.genetic | [GEN] Finished | evaluations=100 | generations=10 | best_accuracy=0.462050
2026-07-24 04:53:51,404 | INFO | run_experiments | Completed TINYIMAGENET_alexnet_GEN_accuracy_kp2500_seed456 | evaluations=100 | best_accuracy=0.462050
2026-07-24 04:53:52,358 | INFO | run_experiments | Starting run TINYIMAGENET_alexnet_GEN_accuracy_kp2500_seed789
2026-07-24 04:53:52,358 | INFO | algorithms.genetic | Starting GEN | target_metric=accuracy | keep_percentage=0.2500 | population_size=10 | max_evaluations=100
2026-07-24 05:15:13,821 | INFO | algorithms.genetic | [GEN] New best at evaluation 71/100 | generation=7 | accuracy=0.421350
2026-07-24 05:19:08,214 | INFO | algorithms.genetic | [GEN] New best at evaluation 84/100 | generation=9 | accuracy=0.423800
2026-07-24 05:23:56,904 | INFO | algorithms.genetic | [GEN] Finished | evaluations=100 | generations=10 | best_accuracy=0.423800
2026-07-24 05:23:57,240 | INFO | run_experiments | Completed TINYIMAGENET_alexnet_GEN_accuracy_kp2500_seed789 | evaluations=100 | best_accuracy=0.423800
2026-07-24 05:23:58,219 | INFO | run_experiments | Starting run TINYIMAGENET_alexnet_GEN_accuracy_kp2500_seed1024
2026-07-24 05:23:58,220 | INFO | algorithms.genetic | Starting GEN | target_metric=accuracy | keep_percentage=0.2500 | population_size=10 | max_evaluations=100
2026-07-24 05:36:02,465 | INFO | algorithms.genetic | [GEN] New best at evaluation 40/100 | generation=4 | accuracy=0.421350
2026-07-24 05:44:46,770 | INFO | algorithms.genetic | [GEN] New best at evaluation 69/100 | generation=7 | accuracy=0.422400
2026-07-24 05:50:47,671 | INFO | algorithms.genetic | [GEN] New best at evaluation 89/100 | generation=9 | accuracy=0.423450
2026-07-24 05:54:06,028 | INFO | algorithms.genetic | [GEN] Finished | evaluations=100 | generations=10 | best_accuracy=0.423450
2026-07-24 05:54:06,096 | INFO | run_experiments | Completed TINYIMAGENET_alexnet_GEN_accuracy_kp2500_seed1024 | evaluations=100 | best_accuracy=0.423450
2026-07-24 05:54:06,505 | INFO | run_experiments | Experiment completed successfully: prelim_features_tinyimagenet_alexnet_GEN_kp25
2026-07-24 19:10:05,715 | INFO | run_experiments | Experiment=prelim_features_tinyimagenet_alexnet_GEN_kp25 | device=cuda | search_runs=5 | planned_fitness_evaluations=500
2026-07-24 19:10:05,719 | INFO | run_experiments | Training protocol | pretrained=True | freeze_backbone=True | trainable_scope=replacement_classifier_only | representation=preextracted_features
2026-07-24 19:10:05,719 | INFO | run_experiments | Preparing data | dataset=TINYIMAGENET | model=alexnet
2026-07-24 19:10:07,110 | INFO | utils.data_utils | [Features] Tensors loaded | active_train=80000 | base_train=80000 | validation=20000 | test=10000 | classes=200
2026-07-24 19:10:07,248 | INFO | run_experiments | Data ready | representation=preextracted_features | base_train=80000 | validation=20000 | test=10000 | classes=200 | image_size=0 | feature_dimension=4096
2026-07-24 19:10:08,256 | INFO | run_experiments | Skipping completed run TINYIMAGENET_alexnet_GEN_accuracy_kp2500_seed42
2026-07-24 19:10:28,446 | INFO | run_experiments | Skipping completed run TINYIMAGENET_alexnet_GEN_accuracy_kp2500_seed123
2026-07-24 19:10:47,896 | INFO | run_experiments | Skipping completed run TINYIMAGENET_alexnet_GEN_accuracy_kp2500_seed456
2026-07-24 19:11:07,159 | INFO | run_experiments | Skipping completed run TINYIMAGENET_alexnet_GEN_accuracy_kp2500_seed789
2026-07-24 19:11:26,286 | INFO | run_experiments | Skipping completed run TINYIMAGENET_alexnet_GEN_accuracy_kp2500_seed1024
2026-07-24 19:11:44,953 | INFO | run_experiments | Experiment completed successfully: prelim_features_tinyimagenet_alexnet_GEN_kp25
