2026-07-20 21:32:03,365 | INFO | run_experiments | Experiment=prelim_features_mnist_swintransformer_LS_kp10 | device=cuda | search_runs=5 | planned_fitness_evaluations=500
2026-07-20 21:32:03,368 | INFO | run_experiments | Training protocol | pretrained=True | freeze_backbone=True | trainable_scope=replacement_classifier_only | representation=preextracted_features
2026-07-20 21:32:03,368 | INFO | run_experiments | Preparing data | dataset=MNIST | model=swintransformer
2026-07-20 21:32:03,579 | INFO | utils.data_utils | [Features] Tensors loaded | active_train=48000 | base_train=48000 | validation=12000 | test=10000 | classes=10
2026-07-20 21:32:03,706 | INFO | run_experiments | Data ready | representation=preextracted_features | base_train=48000 | validation=12000 | test=10000 | classes=10 | image_size=0 | feature_dimension=768
2026-07-20 21:32:04,727 | INFO | run_experiments | Starting run MNIST_swintransformer_LS_accuracy_kp1000_seed42
2026-07-20 21:32:04,728 | INFO | algorithms.local_search | Starting LS | target_metric=accuracy | keep_percentage=0.1000 | max_evaluations=100 | num_swaps=10
2026-07-20 21:32:34,639 | INFO | algorithms.local_search | [LS] New best at evaluation 5/100 | accuracy=0.947250
2026-07-20 21:32:50,679 | INFO | algorithms.local_search | [LS] New best at evaluation 8/100 | accuracy=0.948667
2026-07-20 21:33:22,943 | INFO | algorithms.local_search | [LS] New best at evaluation 14/100 | accuracy=0.949083
2026-07-20 21:37:07,021 | INFO | algorithms.local_search | [LS] New best at evaluation 52/100 | accuracy=0.949417
2026-07-20 21:41:42,856 | INFO | algorithms.local_search | [LS] Finished | evaluations=100 | best_accuracy=0.949417
2026-07-20 21:41:42,886 | INFO | run_experiments | Completed MNIST_swintransformer_LS_accuracy_kp1000_seed42 | evaluations=100 | best_accuracy=0.949417
2026-07-20 21:41:43,992 | INFO | run_experiments | Starting run MNIST_swintransformer_LS_accuracy_kp1000_seed123
2026-07-20 21:41:43,992 | INFO | algorithms.local_search | Starting LS | target_metric=accuracy | keep_percentage=0.1000 | max_evaluations=100 | num_swaps=10
2026-07-20 21:41:56,234 | INFO | algorithms.local_search | [LS] New best at evaluation 2/100 | accuracy=0.946333
2026-07-20 21:43:16,080 | INFO | algorithms.local_search | [LS] New best at evaluation 15/100 | accuracy=0.947083
2026-07-20 21:44:09,985 | INFO | algorithms.local_search | [LS] New best at evaluation 24/100 | accuracy=0.947333
2026-07-20 21:45:49,295 | INFO | algorithms.local_search | [LS] New best at evaluation 42/100 | accuracy=0.948500
2026-07-20 21:51:14,695 | INFO | algorithms.local_search | [LS] Finished | evaluations=100 | best_accuracy=0.948500
2026-07-20 21:51:14,724 | INFO | run_experiments | Completed MNIST_swintransformer_LS_accuracy_kp1000_seed123 | evaluations=100 | best_accuracy=0.948500
2026-07-20 21:51:15,831 | INFO | run_experiments | Starting run MNIST_swintransformer_LS_accuracy_kp1000_seed456
2026-07-20 21:51:15,831 | INFO | algorithms.local_search | Starting LS | target_metric=accuracy | keep_percentage=0.1000 | max_evaluations=100 | num_swaps=10
2026-07-20 21:51:42,755 | INFO | algorithms.local_search | [LS] New best at evaluation 5/100 | accuracy=0.945833
2026-07-20 21:54:44,251 | INFO | algorithms.local_search | [LS] New best at evaluation 38/100 | accuracy=0.946333
2026-07-20 21:57:17,697 | INFO | algorithms.local_search | [LS] New best at evaluation 66/100 | accuracy=0.946583
2026-07-20 22:00:27,801 | INFO | algorithms.local_search | [LS] Finished | evaluations=100 | best_accuracy=0.946583
2026-07-20 22:00:27,829 | INFO | run_experiments | Completed MNIST_swintransformer_LS_accuracy_kp1000_seed456 | evaluations=100 | best_accuracy=0.946583
2026-07-20 22:00:28,934 | INFO | run_experiments | Starting run MNIST_swintransformer_LS_accuracy_kp1000_seed789
2026-07-20 22:00:28,934 | INFO | algorithms.local_search | Starting LS | target_metric=accuracy | keep_percentage=0.1000 | max_evaluations=100 | num_swaps=10
2026-07-20 22:00:53,113 | INFO | algorithms.local_search | [LS] New best at evaluation 4/100 | accuracy=0.947000
2026-07-20 22:01:36,321 | INFO | algorithms.local_search | [LS] New best at evaluation 11/100 | accuracy=0.948417
2026-07-20 22:10:09,805 | INFO | algorithms.local_search | [LS] New best at evaluation 100/100 | accuracy=0.949000
2026-07-20 22:10:09,807 | INFO | algorithms.local_search | [LS] Finished | evaluations=100 | best_accuracy=0.949000
2026-07-20 22:10:09,852 | INFO | run_experiments | Completed MNIST_swintransformer_LS_accuracy_kp1000_seed789 | evaluations=100 | best_accuracy=0.949000
2026-07-20 22:10:10,964 | INFO | run_experiments | Starting run MNIST_swintransformer_LS_accuracy_kp1000_seed1024
2026-07-20 22:10:10,964 | INFO | algorithms.local_search | Starting LS | target_metric=accuracy | keep_percentage=0.1000 | max_evaluations=100 | num_swaps=10
2026-07-20 22:10:21,837 | INFO | algorithms.local_search | [LS] New best at evaluation 2/100 | accuracy=0.949167
2026-07-20 22:11:21,166 | INFO | algorithms.local_search | [LS] New best at evaluation 13/100 | accuracy=0.949250
2026-07-20 22:11:58,696 | INFO | algorithms.local_search | [LS] New best at evaluation 20/100 | accuracy=0.949583
2026-07-20 22:12:04,212 | INFO | algorithms.local_search | [LS] New best at evaluation 21/100 | accuracy=0.950000
2026-07-20 22:13:29,860 | INFO | algorithms.local_search | [LS] New best at evaluation 37/100 | accuracy=0.950167
2026-07-20 22:15:00,843 | INFO | algorithms.local_search | [LS] New best at evaluation 54/100 | accuracy=0.950417
2026-07-20 22:15:32,931 | INFO | algorithms.local_search | [LS] New best at evaluation 60/100 | accuracy=0.950750
2026-07-20 22:19:08,947 | INFO | algorithms.local_search | [LS] Finished | evaluations=100 | best_accuracy=0.950750
2026-07-20 22:19:08,978 | INFO | run_experiments | Completed MNIST_swintransformer_LS_accuracy_kp1000_seed1024 | evaluations=100 | best_accuracy=0.950750
2026-07-20 22:19:09,313 | INFO | run_experiments | Experiment completed successfully: prelim_features_mnist_swintransformer_LS_kp10
