2026-08-21 20:30:10,162 | INFO | run_experiments | Experiment=main_b1000_tinyimagenet_alexnet_GEN_kp50_seed1024 | device=cuda | search_runs=1 | planned_fitness_evaluations=1000
2026-08-21 20:30:10,164 | INFO | run_experiments | Training protocol | pretrained=True | freeze_backbone=True | trainable_scope=replacement_classifier_only | representation=preextracted_features
2026-08-21 20:30:10,164 | INFO | run_experiments | Preparing data | dataset=TINYIMAGENET | model=alexnet
2026-08-21 20:30:15,676 | INFO | utils.data_utils | [Features] Tensors loaded | active_train=80000 | base_train=80000 | validation=20000 | test=10000 | classes=200
2026-08-21 20:30:15,819 | INFO | run_experiments | Data ready | representation=preextracted_features | base_train=80000 | validation=20000 | test=10000 | classes=200 | image_size=0 | feature_dimension=4096
2026-08-21 20:30:16,717 | INFO | run_experiments | Starting run TINYIMAGENET_alexnet_GEN_accuracy_kp5000_seed1024
2026-08-21 20:30:16,717 | INFO | algorithms.genetic | Starting GEN | target_metric=accuracy | keep_percentage=0.5000 | population_size=10 | max_evaluations=1000
2026-08-21 20:36:47,149 | INFO | algorithms.genetic | [GEN] New best at evaluation 13/1000 | generation=1 | accuracy=0.438950
2026-08-21 20:39:16,579 | INFO | algorithms.genetic | [GEN] New best at evaluation 18/1000 | generation=1 | accuracy=0.443300
2026-08-21 21:21:08,091 | INFO | algorithms.genetic | [GEN] New best at evaluation 101/1000 | generation=11 | accuracy=0.443500
2026-08-21 21:23:09,906 | INFO | algorithms.genetic | [GEN] New best at evaluation 105/1000 | generation=11 | accuracy=0.445850
2026-08-21 21:50:06,145 | INFO | algorithms.genetic | [GEN] New best at evaluation 158/1000 | generation=17 | accuracy=0.446400
2026-08-21 22:16:07,781 | INFO | algorithms.genetic | [GEN] New best at evaluation 209/1000 | generation=23 | accuracy=0.446800
2026-08-21 22:24:16,832 | INFO | algorithms.genetic | [GEN] New best at evaluation 225/1000 | generation=24 | accuracy=0.446900
2026-08-21 23:28:02,227 | INFO | algorithms.genetic | [GEN] New best at evaluation 349/1000 | generation=38 | accuracy=0.448400
2026-08-21 23:56:25,616 | INFO | algorithms.genetic | [GEN] New best at evaluation 404/1000 | generation=44 | accuracy=0.449200
2026-08-22 00:02:37,666 | INFO | algorithms.genetic | [GEN] New best at evaluation 416/1000 | generation=46 | accuracy=0.450050
2026-08-22 00:12:22,527 | INFO | algorithms.genetic | [GEN] New best at evaluation 435/1000 | generation=48 | accuracy=0.450600
2026-08-22 05:04:08,501 | INFO | algorithms.genetic | [GEN] Finished | evaluations=1000 | generations=110 | best_accuracy=0.450600
2026-08-22 05:04:08,702 | INFO | run_experiments | Completed TINYIMAGENET_alexnet_GEN_accuracy_kp5000_seed1024 | evaluations=1000 | best_accuracy=0.450600
2026-08-22 05:04:41,052 | INFO | run_experiments | Experiment completed successfully: main_b1000_tinyimagenet_alexnet_GEN_kp50_seed1024
