2026-07-20 15:39:19,703 | INFO | run_experiments | Experiment=prelim_features_mnist_efficientnetv2_MEM_kp25 | device=cuda | search_runs=5 | planned_fitness_evaluations=500
2026-07-20 15:39:19,712 | INFO | run_experiments | Training protocol | pretrained=True | freeze_backbone=True | trainable_scope=replacement_classifier_only | representation=preextracted_features
2026-07-20 15:39:19,712 | INFO | run_experiments | Preparing data | dataset=MNIST | model=efficientnetv2
2026-07-20 15:39:25,403 | INFO | utils.data_utils | [Features] Tensors loaded | active_train=48000 | base_train=48000 | validation=12000 | test=10000 | classes=10
2026-07-20 15:39:25,540 | INFO | run_experiments | Data ready | representation=preextracted_features | base_train=48000 | validation=12000 | test=10000 | classes=10 | image_size=0 | feature_dimension=1280
2026-07-20 15:39:26,464 | INFO | run_experiments | Starting run MNIST_efficientnetv2_MEM_accuracy_kp2500_seed42
2026-07-20 15:39:26,464 | INFO | algorithms.memetic | Starting MEM | target_metric=accuracy | keep_percentage=0.2500 | population_size=10 | max_evaluations=100
2026-07-20 15:55:21,261 | INFO | algorithms.memetic | [MEM] New best during Local Search at evaluation 73/100 | generation=3 | accuracy=0.962500
2026-07-20 16:01:13,900 | INFO | algorithms.memetic | [MEM] Finished | evaluations=100 | generations=4 | best_accuracy=0.963083
2026-07-20 16:01:13,953 | INFO | run_experiments | Completed MNIST_efficientnetv2_MEM_accuracy_kp2500_seed42 | evaluations=100 | best_accuracy=0.963083
2026-07-20 16:01:14,878 | INFO | run_experiments | Starting run MNIST_efficientnetv2_MEM_accuracy_kp2500_seed123
2026-07-20 16:01:14,878 | INFO | algorithms.memetic | Starting MEM | target_metric=accuracy | keep_percentage=0.2500 | population_size=10 | max_evaluations=100
2026-07-20 16:06:15,327 | INFO | algorithms.memetic | [MEM] New best during Local Search at evaluation 23/100 | generation=1 | accuracy=0.961750
2026-07-20 16:12:21,208 | INFO | algorithms.memetic | [MEM] New best during Local Search at evaluation 51/100 | generation=2 | accuracy=0.962083
2026-07-20 16:19:57,728 | INFO | algorithms.memetic | [MEM] New best during Local Search at evaluation 86/100 | generation=3 | accuracy=0.962500
2026-07-20 16:20:23,958 | INFO | algorithms.memetic | [MEM] New best during Local Search at evaluation 88/100 | generation=3 | accuracy=0.962750
2026-07-20 16:23:02,142 | INFO | algorithms.memetic | [MEM] Finished | evaluations=100 | generations=4 | best_accuracy=0.962750
2026-07-20 16:23:02,196 | INFO | run_experiments | Completed MNIST_efficientnetv2_MEM_accuracy_kp2500_seed123 | evaluations=100 | best_accuracy=0.962750
2026-07-20 16:23:03,122 | INFO | run_experiments | Starting run MNIST_efficientnetv2_MEM_accuracy_kp2500_seed456
2026-07-20 16:23:03,123 | INFO | algorithms.memetic | Starting MEM | target_metric=accuracy | keep_percentage=0.2500 | population_size=10 | max_evaluations=100
2026-07-20 16:35:41,804 | INFO | algorithms.memetic | [MEM] New best during Local Search at evaluation 58/100 | generation=3 | accuracy=0.962083
2026-07-20 16:38:18,214 | INFO | algorithms.memetic | [MEM] New best during Local Search at evaluation 70/100 | generation=3 | accuracy=0.962500
2026-07-20 16:44:50,231 | INFO | algorithms.memetic | [MEM] Finished | evaluations=100 | generations=4 | best_accuracy=0.962500
2026-07-20 16:44:50,284 | INFO | run_experiments | Completed MNIST_efficientnetv2_MEM_accuracy_kp2500_seed456 | evaluations=100 | best_accuracy=0.962500
2026-07-20 16:44:51,194 | INFO | run_experiments | Starting run MNIST_efficientnetv2_MEM_accuracy_kp2500_seed789
2026-07-20 16:44:51,195 | INFO | algorithms.memetic | Starting MEM | target_metric=accuracy | keep_percentage=0.2500 | population_size=10 | max_evaluations=100
2026-07-20 16:47:27,259 | INFO | algorithms.memetic | [MEM] New best during Local Search at evaluation 12/100 | generation=1 | accuracy=0.962833
2026-07-20 16:48:33,718 | INFO | algorithms.memetic | [MEM] New best during Local Search at evaluation 17/100 | generation=1 | accuracy=0.962917
2026-07-20 17:06:34,475 | INFO | algorithms.memetic | [MEM] Finished | evaluations=100 | generations=4 | best_accuracy=0.962917
2026-07-20 17:06:34,527 | INFO | run_experiments | Completed MNIST_efficientnetv2_MEM_accuracy_kp2500_seed789 | evaluations=100 | best_accuracy=0.962917
2026-07-20 17:06:35,552 | INFO | run_experiments | Starting run MNIST_efficientnetv2_MEM_accuracy_kp2500_seed1024
2026-07-20 17:06:35,552 | INFO | algorithms.memetic | Starting MEM | target_metric=accuracy | keep_percentage=0.2500 | population_size=10 | max_evaluations=100
2026-07-20 17:28:18,134 | INFO | algorithms.memetic | [MEM] Finished | evaluations=100 | generations=5 | best_accuracy=0.961667
2026-07-20 17:28:18,185 | INFO | run_experiments | Completed MNIST_efficientnetv2_MEM_accuracy_kp2500_seed1024 | evaluations=100 | best_accuracy=0.961667
2026-07-20 17:28:18,480 | INFO | run_experiments | Experiment completed successfully: prelim_features_mnist_efficientnetv2_MEM_kp25
