2026-07-24 07:57:22,166 | INFO | run_experiments | Experiment=prelim_features_cifar10_alexnet_RS_kp10 | device=cuda | search_runs=5 | planned_fitness_evaluations=500
2026-07-24 07:57:22,167 | INFO | run_experiments | Training protocol | pretrained=True | freeze_backbone=True | trainable_scope=replacement_classifier_only | representation=preextracted_features
2026-07-24 07:57:22,167 | INFO | run_experiments | Preparing data | dataset=CIFAR10 | model=alexnet
2026-07-24 07:57:32,934 | INFO | utils.data_utils | [Features] Tensors loaded | active_train=40000 | base_train=40000 | validation=10000 | test=10000 | classes=10
2026-07-24 07:57:33,074 | INFO | run_experiments | Data ready | representation=preextracted_features | base_train=40000 | validation=10000 | test=10000 | classes=10 | image_size=0 | feature_dimension=4096
2026-07-24 07:57:34,276 | INFO | run_experiments | Starting run CIFAR10_alexnet_RS_accuracy_kp1000_seed42
2026-07-24 07:57:34,276 | INFO | algorithms.random_search | Starting RS | target_metric=accuracy | keep_percentage=0.1000 | max_evaluations=100
2026-07-24 07:57:40,654 | INFO | algorithms.random_search | [RS] New best at evaluation 1/100 | accuracy=0.767400
2026-07-24 07:57:46,209 | INFO | algorithms.random_search | [RS] New best at evaluation 2/100 | accuracy=0.768300
2026-07-24 07:57:51,779 | INFO | algorithms.random_search | [RS] New best at evaluation 3/100 | accuracy=0.768800
2026-07-24 07:57:57,282 | INFO | algorithms.random_search | [RS] New best at evaluation 4/100 | accuracy=0.774200
2026-07-24 07:58:19,147 | INFO | algorithms.random_search | [RS] New best at evaluation 8/100 | accuracy=0.775300
2026-07-24 07:58:30,089 | INFO | algorithms.random_search | [RS] New best at evaluation 10/100 | accuracy=0.781500
2026-07-24 08:06:41,457 | INFO | algorithms.random_search | [RS] Finished | evaluations=100 | best_accuracy=0.781500
2026-07-24 08:06:41,547 | INFO | run_experiments | Completed CIFAR10_alexnet_RS_accuracy_kp1000_seed42 | evaluations=100 | best_accuracy=0.781500
2026-07-24 08:06:42,476 | INFO | run_experiments | Starting run CIFAR10_alexnet_RS_accuracy_kp1000_seed123
2026-07-24 08:06:42,476 | INFO | algorithms.random_search | Starting RS | target_metric=accuracy | keep_percentage=0.1000 | max_evaluations=100
2026-07-24 08:06:47,945 | INFO | algorithms.random_search | [RS] New best at evaluation 1/100 | accuracy=0.776600
2026-07-24 08:06:53,370 | INFO | algorithms.random_search | [RS] New best at evaluation 2/100 | accuracy=0.782000
2026-07-24 08:15:49,769 | INFO | algorithms.random_search | [RS] Finished | evaluations=100 | best_accuracy=0.782000
2026-07-24 08:15:49,839 | INFO | run_experiments | Completed CIFAR10_alexnet_RS_accuracy_kp1000_seed123 | evaluations=100 | best_accuracy=0.782000
2026-07-24 08:15:50,751 | INFO | run_experiments | Starting run CIFAR10_alexnet_RS_accuracy_kp1000_seed456
2026-07-24 08:15:50,752 | INFO | algorithms.random_search | Starting RS | target_metric=accuracy | keep_percentage=0.1000 | max_evaluations=100
2026-07-24 08:15:56,248 | INFO | algorithms.random_search | [RS] New best at evaluation 1/100 | accuracy=0.771200
2026-07-24 08:16:07,245 | INFO | algorithms.random_search | [RS] New best at evaluation 3/100 | accuracy=0.771900
2026-07-24 08:16:18,168 | INFO | algorithms.random_search | [RS] New best at evaluation 5/100 | accuracy=0.772900
2026-07-24 08:16:29,084 | INFO | algorithms.random_search | [RS] New best at evaluation 7/100 | accuracy=0.777800
2026-07-24 08:17:18,305 | INFO | algorithms.random_search | [RS] New best at evaluation 16/100 | accuracy=0.780900
2026-07-24 08:18:56,800 | INFO | algorithms.random_search | [RS] New best at evaluation 34/100 | accuracy=0.781400
2026-07-24 08:24:58,170 | INFO | algorithms.random_search | [RS] Finished | evaluations=100 | best_accuracy=0.781400
2026-07-24 08:24:58,198 | INFO | run_experiments | Completed CIFAR10_alexnet_RS_accuracy_kp1000_seed456 | evaluations=100 | best_accuracy=0.781400
2026-07-24 08:24:59,103 | INFO | run_experiments | Starting run CIFAR10_alexnet_RS_accuracy_kp1000_seed789
2026-07-24 08:24:59,103 | INFO | algorithms.random_search | Starting RS | target_metric=accuracy | keep_percentage=0.1000 | max_evaluations=100
2026-07-24 08:25:04,629 | INFO | algorithms.random_search | [RS] New best at evaluation 1/100 | accuracy=0.773200
2026-07-24 08:25:15,645 | INFO | algorithms.random_search | [RS] New best at evaluation 3/100 | accuracy=0.773700
2026-07-24 08:25:53,855 | INFO | algorithms.random_search | [RS] New best at evaluation 10/100 | accuracy=0.779700
2026-07-24 08:31:37,970 | INFO | algorithms.random_search | [RS] New best at evaluation 73/100 | accuracy=0.783500
2026-07-24 08:34:03,768 | INFO | algorithms.random_search | [RS] Finished | evaluations=100 | best_accuracy=0.783500
2026-07-24 08:34:03,797 | INFO | run_experiments | Completed CIFAR10_alexnet_RS_accuracy_kp1000_seed789 | evaluations=100 | best_accuracy=0.783500
2026-07-24 08:34:04,734 | INFO | run_experiments | Starting run CIFAR10_alexnet_RS_accuracy_kp1000_seed1024
2026-07-24 08:34:04,734 | INFO | algorithms.random_search | Starting RS | target_metric=accuracy | keep_percentage=0.1000 | max_evaluations=100
2026-07-24 08:34:10,199 | INFO | algorithms.random_search | [RS] New best at evaluation 1/100 | accuracy=0.773000
2026-07-24 08:34:31,756 | INFO | algorithms.random_search | [RS] New best at evaluation 5/100 | accuracy=0.773600
2026-07-24 08:34:42,605 | INFO | algorithms.random_search | [RS] New best at evaluation 7/100 | accuracy=0.773800
2026-07-24 08:34:48,018 | INFO | algorithms.random_search | [RS] New best at evaluation 8/100 | accuracy=0.778900
2026-07-24 08:36:41,486 | INFO | algorithms.random_search | [RS] New best at evaluation 29/100 | accuracy=0.780200
2026-07-24 08:37:41,157 | INFO | algorithms.random_search | [RS] New best at evaluation 40/100 | accuracy=0.781000
2026-07-24 08:43:07,106 | INFO | algorithms.random_search | [RS] Finished | evaluations=100 | best_accuracy=0.781000
2026-07-24 08:43:07,146 | INFO | run_experiments | Completed CIFAR10_alexnet_RS_accuracy_kp1000_seed1024 | evaluations=100 | best_accuracy=0.781000
2026-07-24 08:43:07,590 | INFO | run_experiments | Experiment completed successfully: prelim_features_cifar10_alexnet_RS_kp10
2026-07-24 19:23:45,279 | INFO | run_experiments | Experiment=prelim_features_cifar10_alexnet_RS_kp10 | device=cuda | search_runs=5 | planned_fitness_evaluations=500
2026-07-24 19:23:45,288 | INFO | run_experiments | Training protocol | pretrained=True | freeze_backbone=True | trainable_scope=replacement_classifier_only | representation=preextracted_features
2026-07-24 19:23:45,288 | INFO | run_experiments | Preparing data | dataset=CIFAR10 | model=alexnet
2026-07-24 19:23:54,733 | INFO | utils.data_utils | [Features] Tensors loaded | active_train=40000 | base_train=40000 | validation=10000 | test=10000 | classes=10
2026-07-24 19:23:54,864 | INFO | run_experiments | Data ready | representation=preextracted_features | base_train=40000 | validation=10000 | test=10000 | classes=10 | image_size=0 | feature_dimension=4096
2026-07-24 19:23:55,849 | INFO | run_experiments | Skipping completed run CIFAR10_alexnet_RS_accuracy_kp1000_seed42
2026-07-24 19:24:03,852 | INFO | run_experiments | Skipping completed run CIFAR10_alexnet_RS_accuracy_kp1000_seed123
2026-07-24 19:24:11,272 | INFO | run_experiments | Skipping completed run CIFAR10_alexnet_RS_accuracy_kp1000_seed456
2026-07-24 19:24:18,613 | INFO | run_experiments | Skipping completed run CIFAR10_alexnet_RS_accuracy_kp1000_seed789
2026-07-24 19:24:25,899 | INFO | run_experiments | Skipping completed run CIFAR10_alexnet_RS_accuracy_kp1000_seed1024
2026-07-24 19:24:32,713 | INFO | run_experiments | Experiment completed successfully: prelim_features_cifar10_alexnet_RS_kp10
